Component: Arm Compiler for Embedded 6.21 Tool: armlink [5ec1fa00]

==============================================================================

Section Cross References

    dl_adc12.o(.ARM.exidx.text.DL_ADC12_setClockConfig) refers to dl_adc12.o(.text.DL_ADC12_setClockConfig) for [Anonymous Symbol]
    dl_adc12.o(.ARM.exidx.text.DL_ADC12_getClockConfig) refers to dl_adc12.o(.text.DL_ADC12_getClockConfig) for [Anonymous Symbol]
    dl_aes.o(.ARM.exidx.text.DL_AES_setKey) refers to dl_aes.o(.text.DL_AES_setKey) for [Anonymous Symbol]
    dl_aes.o(.ARM.exidx.text.DL_AES_setKeyAligned) refers to dl_aes.o(.text.DL_AES_setKeyAligned) for [Anonymous Symbol]
    dl_aes.o(.ARM.exidx.text.DL_AES_loadDataIn) refers to dl_aes.o(.text.DL_AES_loadDataIn) for [Anonymous Symbol]
    dl_aes.o(.ARM.exidx.text.DL_AES_loadDataInAligned) refers to dl_aes.o(.text.DL_AES_loadDataInAligned) for [Anonymous Symbol]
    dl_aes.o(.ARM.exidx.text.DL_AES_getDataOut) refers to dl_aes.o(.text.DL_AES_getDataOut) for [Anonymous Symbol]
    dl_aes.o(.ARM.exidx.text.DL_AES_getDataOutAligned) refers to dl_aes.o(.text.DL_AES_getDataOutAligned) for [Anonymous Symbol]
    dl_aes.o(.ARM.exidx.text.DL_AES_loadXORDataIn) refers to dl_aes.o(.text.DL_AES_loadXORDataIn) for [Anonymous Symbol]
    dl_aes.o(.ARM.exidx.text.DL_AES_loadXORDataInAligned) refers to dl_aes.o(.text.DL_AES_loadXORDataInAligned) for [Anonymous Symbol]
    dl_aes.o(.ARM.exidx.text.DL_AES_loadXORDataInWithoutTrigger) refers to dl_aes.o(.text.DL_AES_loadXORDataInWithoutTrigger) for [Anonymous Symbol]
    dl_aes.o(.ARM.exidx.text.DL_AES_loadXORDataInWithoutTriggerAligned) refers to dl_aes.o(.text.DL_AES_loadXORDataInWithoutTriggerAligned) for [Anonymous Symbol]
    dl_aes.o(.ARM.exidx.text.DL_AES_xorData) refers to dl_aes.o(.text.DL_AES_xorData) for [Anonymous Symbol]
    dl_aes.o(.ARM.exidx.text.DL_AES_xorDataAligned) refers to dl_aes.o(.text.DL_AES_xorDataAligned) for [Anonymous Symbol]
    dl_aes.o(.ARM.exidx.text.DL_AES_saveConfiguration) refers to dl_aes.o(.text.DL_AES_saveConfiguration) for [Anonymous Symbol]
    dl_aes.o(.ARM.exidx.text.DL_AES_restoreConfiguration) refers to dl_aes.o(.text.DL_AES_restoreConfiguration) for [Anonymous Symbol]
    dl_common.o(.ARM.exidx.text.DL_Common_delayCycles) refers to dl_common.o(.text.DL_Common_delayCycles) for [Anonymous Symbol]
    dl_crc.o(.ARM.exidx.text.DL_CRC_calculateBlock32) refers to dl_crc.o(.text.DL_CRC_calculateBlock32) for [Anonymous Symbol]
    dl_crc.o(.ARM.exidx.text.DL_CRC_calculateMemoryRange32) refers to dl_crc.o(.text.DL_CRC_calculateMemoryRange32) for [Anonymous Symbol]
    dl_crc.o(.ARM.exidx.text.DL_CRC_calculateBlock16) refers to dl_crc.o(.text.DL_CRC_calculateBlock16) for [Anonymous Symbol]
    dl_crc.o(.ARM.exidx.text.DL_CRC_calculateMemoryRange16) refers to dl_crc.o(.text.DL_CRC_calculateMemoryRange16) for [Anonymous Symbol]
    dl_dac12.o(.ARM.exidx.text.DL_DAC12_init) refers to dl_dac12.o(.text.DL_DAC12_init) for [Anonymous Symbol]
    dl_dac12.o(.ARM.exidx.text.DL_DAC12_outputBlocking8) refers to dl_dac12.o(.text.DL_DAC12_outputBlocking8) for [Anonymous Symbol]
    dl_dac12.o(.ARM.exidx.text.DL_DAC12_outputBlocking12) refers to dl_dac12.o(.text.DL_DAC12_outputBlocking12) for [Anonymous Symbol]
    dl_dac12.o(.ARM.exidx.text.DL_DAC12_fillFIFO8) refers to dl_dac12.o(.text.DL_DAC12_fillFIFO8) for [Anonymous Symbol]
    dl_dac12.o(.ARM.exidx.text.DL_DAC12_fillFIFO12) refers to dl_dac12.o(.text.DL_DAC12_fillFIFO12) for [Anonymous Symbol]
    dl_dac12.o(.ARM.exidx.text.DL_DAC12_performSelfCalibrationBlocking) refers to dl_dac12.o(.text.DL_DAC12_performSelfCalibrationBlocking) for [Anonymous Symbol]
    dl_dma.o(.ARM.exidx.text.DL_DMA_initChannel) refers to dl_dma.o(.text.DL_DMA_initChannel) for [Anonymous Symbol]
    dl_flashctl.o(.ARM.exidx.text.DL_FlashCTL_eraseMemory) refers to dl_flashctl.o(.text.DL_FlashCTL_eraseMemory) for [Anonymous Symbol]
    dl_flashctl.o(.text.DL_FlashCTL_eraseMemoryFromRAM) refers to dl_flashctl.o(.ramfunc) for DL_FlashCTL_executeCommandFromRAM
    dl_flashctl.o(.ARM.exidx.text.DL_FlashCTL_eraseMemoryFromRAM) refers to dl_flashctl.o(.text.DL_FlashCTL_eraseMemoryFromRAM) for [Anonymous Symbol]
    dl_flashctl.o(.ARM.exidx.ramfunc) refers to dl_flashctl.o(.ramfunc) for [Anonymous Symbol]
    dl_flashctl.o(.text.DL_FlashCTL_massErase) refers to dl_flashctl.o(.text.DL_FlashCTL_unprotectSector) for DL_FlashCTL_unprotectSector
    dl_flashctl.o(.ARM.exidx.text.DL_FlashCTL_massErase) refers to dl_flashctl.o(.text.DL_FlashCTL_massErase) for [Anonymous Symbol]
    dl_flashctl.o(.ARM.exidx.text.DL_FlashCTL_unprotectMainMemory) refers to dl_flashctl.o(.text.DL_FlashCTL_unprotectMainMemory) for [Anonymous Symbol]
    dl_flashctl.o(.ARM.exidx.text.DL_FlashCTL_protectNonMainMemory) refers to dl_flashctl.o(.text.DL_FlashCTL_protectNonMainMemory) for [Anonymous Symbol]
[...]
    __arm_cp.2_23                            0x00001b04   Number         4  pid.o(.text.Motor)
    [Anonymous Symbol]                       0x00001b08   Section        0  drv_oled.o(.text.OLED_Fill)
    [Anonymous Symbol]                       0x00001c20   Section        0  drv_oled.o(.text.OLED_WrCmd)
    __arm_cp.11_1                            0x00001db4   Number         4  drv_oled.o(.text.OLED_WrCmd)
    [Anonymous Symbol]                       0x00001db8   Section        0  drv_oled.o(.text.OLED_WrDat)
    __arm_cp.10_0                            0x00001f4c   Number         4  drv_oled.o(.text.OLED_WrDat)
    __arm_cp.10_1                            0x00001f50   Number         4  drv_oled.o(.text.OLED_WrDat)
    __arm_cp.10_2                            0x00001f54   Number         4  drv_oled.o(.text.OLED_WrDat)
    [Anonymous Symbol]                       0x00001f58   Section        0  ti_msp_dl_config.o(.text.SYSCFG_DL_GPIO_init)
    __arm_cp.2_0                             0x00001fe4   Number         4  ti_msp_dl_config.o(.text.SYSCFG_DL_GPIO_init)
    __arm_cp.2_1                             0x00001fe8   Number         4  ti_msp_dl_config.o(.text.SYSCFG_DL_GPIO_init)
    __arm_cp.2_2                             0x00001fec   Number         4  ti_msp_dl_config.o(.text.SYSCFG_DL_GPIO_init)
    __arm_cp.2_3                             0x00001ff0   Number         4  ti_msp_dl_config.o(.text.SYSCFG_DL_GPIO_init)
    __arm_cp.2_4                             0x00001ff4   Number         4  ti_msp_dl_config.o(.text.SYSCFG_DL_GPIO_init)
    __arm_cp.2_5                             0x00001ff8   Number         4  ti_msp_dl_config.o(.text.SYSCFG_DL_GPIO_init)
    __arm_cp.2_6                             0x00001ffc   Number         4  ti_msp_dl_config.o(.text.SYSCFG_DL_GPIO_init)
    __arm_cp.2_7                             0x00002000   Number         4  ti_msp_dl_config.o(.text.SYSCFG_DL_GPIO_init)
    __arm_cp.2_8                             0x00002004   Number         4  ti_msp_dl_config.o(.text.SYSCFG_DL_GPIO_init)
    __arm_cp.2_9                             0x00002008   Number         4  ti_msp_dl_config.o(.text.SYSCFG_DL_GPIO_init)
    __arm_cp.2_10                            0x0000200c   Number         4  ti_msp_dl_config.o(.text.SYSCFG_DL_GPIO_init)
    __arm_cp.2_11                            0x00002010   Number         4  ti_msp_dl_config.o(.text.SYSCFG_DL_GPIO_init)
    [Anonymous Symbol]                       0x00002014   Section        0  ti_msp_dl_config.o(.text.SYSCFG_DL_Motor_init)
    __arm_cp.4_1                             0x0000208c   Number         4  ti_msp_dl_config.o(.text.SYSCFG_DL_Motor_init)
    __arm_cp.4_2                             0x00002090   Number         4  ti_msp_dl_config.o(.text.SYSCFG_DL_Motor_init)
    __arm_cp.4_3                             0x00002094   Number         4  ti_msp_dl_config.o(.text.SYSCFG_DL_Motor_init)
    __arm_cp.4_4                             0x00002098   Number         4  ti_msp_dl_config.o(.text.SYSCFG_DL_Motor_init)
    __arm_cp.4_5                             0x0000209c   Number         4  ti_msp_dl_config.o(.text.SYSCFG_DL_Motor_init)
    [Anonymous Symbol]                       0x000020a0   Section        0  ti_msp_dl_config.o(.text.SYSCFG_DL_SYSCTL_init)
    __arm_cp.3_0                             0x000020c0   Number         4  ti_msp_dl_config.o(.text.SYSCFG_DL_SYSCTL_init)
    __arm_cp.3_1                             0x000020c4   Number         4  ti_msp_dl_config.o(.text.SYSCFG_DL_SYSCTL_init)
    __arm_cp.3_2                             0x000020c8   Number         4  ti_msp_dl_config.o(.text.SYSCFG_DL_SYSCTL_init)
    [Anonymous Symbol]                       0x000020cc   Section        0  ti_msp_dl_config.o(.text.SYSCFG_DL_TIMER_0_init)
    __arm_cp.5_0                             0x000020f0   Number         4  ti_msp_dl_config.o(.text.SYSCFG_DL_TIMER_0_init)
    __arm_cp.5_1                             0x000020f4   Number         4  ti_msp_dl_config.o(.text.SYSCFG_DL_TIMER_0_init)
    __arm_cp.5_2                             0x000020f8   Number         4  ti_msp_dl_config.o(.text.SYSCFG_DL_TIMER_0_init)
    __arm_cp.5_3                             0x000020fc   Number         4  ti_msp_dl_config.o(.text.SYSCFG_DL_TIMER_0_init)
    __arm_cp.5_4                             0x00002100   Number         4  ti_msp_dl_config.o(.text.SYSCFG_DL_TIMER_0_init)
    [Anonymous Symbol]                       0x00002104   Section        0  ti_msp_dl_config.o(.text.SYSCFG_DL_UART_3_init)
    __arm_cp.6_0                             0x0000215c   Number         4  ti_msp_dl_config.o(.text.SYSCFG_DL_UART_3_init)
    __arm_cp.6_1                             0x00002160   Number         4  ti_msp_dl_config.o(.text.SYSCFG_DL_UART_3_init)
    __arm_cp.6_2                             0x00002164   Number         4  ti_msp_dl_config.o(.text.SYSCFG_DL_UART_3_init)
    __arm_cp.6_3                             0x00002168   Number         4  ti_msp_dl_config.o(.text.SYSCFG_DL_UART_3_init)
    __arm_cp.6_4                             0x0000216c   Number         4  ti_msp_dl_config.o(.text.SYSCFG_DL_UART_3_init)
    __arm_cp.6_5                             0x00002170   Number         4  ti_msp_dl_config.o(.text.SYSCFG_DL_UART_3_init)
    [Anonymous Symbol]                       0x00002174   Section        0  ti_msp_dl_config.o(.text.SYSCFG_DL_init)
    __arm_cp.0_0                             0x000021a0   Number         4  ti_msp_dl_config.o(.text.SYSCFG_DL_init)
    __arm_cp.0_1                             0x000021a4   Number         4  ti_msp_dl_config.o(.text.SYSCFG_DL_init)
    [Anonymous Symbol]                       0x000021a8   Section        0  ti_msp_dl_config.o(.text.SYSCFG_DL_initPower)
    __arm_cp.1_0                             0x000021d4   Number         4  ti_msp_dl_config.o(.text.SYSCFG_DL_initPower)
    __arm_cp.1_1                             0x000021d8   Number         4  ti_msp_dl_config.o(.text.SYSCFG_DL_initPower)
    __arm_cp.1_2                             0x000021dc   Number         4  ti_msp_dl_config.o(.text.SYSCFG_DL_initPower)
    __arm_cp.1_3                             0x000021e0   Number         4  ti_msp_dl_config.o(.text.SYSCFG_DL_initPower)
    __arm_cp.1_4                             0x000021e4   Number         4  ti_msp_dl_config.o(.text.SYSCFG_DL_initPower)
    __arm_cp.1_5                             0x000021e8   Number         4  ti_msp_dl_config.o(.text.SYSCFG_DL_initPower)
    __arm_cp.1_6                             0x000021ec   Number         4  ti_msp_dl_config.o(.text.SYSCFG_DL_initPower)
    [Anonymous Symbol]                       0x000021f0   Section        0  motor.o(.text.Set_Duty)
    __arm_cp.0_0                             0x00002214   Number         4  motor.o(.text.Set_Duty)
    __arm_cp.0_1                             0x00002218   Number         4  motor.o(.text.Set_Duty)
    __arm_cp.0_2                             0x0000221c   Number         4  motor.o(.text.Set_Duty)
    [Anonymous Symbol]                       0x00002220   Section        0  timer.o(.text.TIMG6_IRQHandler)
    __arm_cp.0_0                             0x00002234   Number         4  timer.o(.text.TIMG6_IRQHandler)
    [Anonymous Symbol]                       0x00002238   Section        0  usart3.o(.text.UART3_IRQHandler)
    __arm_cp.1_0                             0x00002248   Number         4  usart3.o(.text.UART3_IRQHandler)
    [Anonymous Symbol]                       0x0000224c   Section        0  pid.o(.text.Yaw_error2)
    __arm_cp.0_0                             0x000022e4   Number         4  pid.o(.text.Yaw_error2)
    __arm_cp.0_1                             0x000022e8   Number         4  pid.o(.text.Yaw_error2)
    __arm_cp.0_2                             0x000022ec   Number         4  pid.o(.text.Yaw_error2)
    __arm_cp.0_3                             0x000022f0   Number         4  pid.o(.text.Yaw_error2)
    __arm_cp.0_4                             0x000022f4   Number         4  pid.o(.text.Yaw_error2)
    __arm_cp.0_5                             0x000022f8   Number         4  pid.o(.text.Yaw_error2)
    __arm_cp.0_6                             0x000022fc   Number         4  pid.o(.text.Yaw_error2)
    [Anonymous Symbol]                       0x00002300   Section        0  drv_oled.o(.text.bsp_analog_i2c_init)
    [Anonymous Symbol]                       0x000023e0   Section        0  drv_oled.o(.text.bsp_analog_i2c_send_byte)
    __arm_cp.8_0                             0x000025c0   Number         4  drv_oled.o(.text.bsp_analog_i2c_send_byte)
    __arm_cp.8_1                             0x000025c4   Number         4  drv_oled.o(.text.bsp_analog_i2c_send_byte)
    __arm_cp.8_3                             0x000025c8   Number         4  drv_oled.o(.text.bsp_analog_i2c_send_byte)
    [Anonymous Symbol]                       0x000025cc   Section        0  board.o(.text.buzzer_light_up_and_down)
    __arm_cp.2_0                             0x000025ec   Number         4  board.o(.text.buzzer_light_up_and_down)
    __arm_cp.2_1                             0x000025f0   Number         4  board.o(.text.buzzer_light_up_and_down)
    [Anonymous Symbol]                       0x000025f4   Section        0  key.o(.text.check_buttons)
    __arm_cp.0_0                             0x00002638   Number         4  key.o(.text.check_buttons)
    [Anonymous Symbol]                       0x0000263c   Section        0  delay.o(.text.delay_ms)
    __arm_cp.1_0                             0x00002688   Number         4  delay.o(.text.delay_ms)
    [Anonymous Symbol]                       0x0000268c   Section        0  drv_oled.o(.text.display_6_8_number)
    [Anonymous Symbol]                       0x00002694   Section        0  usart3.o(.text.jy61p_Init)
    __arm_cp.0_0                             0x000026a8   Number         4  usart3.o(.text.jy61p_Init)
    __arm_cp.0_2                             0x000026ac   Number         4  usart3.o(.text.jy61p_Init)
    [Anonymous Symbol]                       0x000026b0   Section        0  jy61p.o(.text.jy61p_ReceiveData)
    __arm_cp.0_0                             0x00002794   Number         4  jy61p.o(.text.jy61p_ReceiveData)
    __arm_cp.0_1                             0x00002798   Number         4  jy61p.o(.text.jy61p_ReceiveData)
    __arm_cp.0_2                             0x0000279c   Number         4  jy61p.o(.text.jy61p_ReceiveData)
    __arm_cp.0_3                             0x000027a0   Number         4  jy61p.o(.text.jy61p_ReceiveData)
    __arm_cp.0_4                             0x000027a4   Number         4  jy61p.o(.text.jy61p_ReceiveData)
    __arm_cp.0_5                             0x000027a8   Number         4  jy61p.o(.text.jy61p_ReceiveData)
    __arm_cp.0_6                             0x000027ac   Number         4  jy61p.o(.text.jy61p_ReceiveData)
    [Anonymous Symbol]                       0x000027b0   Section        0  pid.o(.text.jy62)
    __arm_cp.1_1                             0x0000282c   Number         4  pid.o(.text.jy62)
    __arm_cp.1_2                             0x00002830   Number         4  pid.o(.text.jy62)
    __arm_cp.1_3                             0x00002834   Number         4  pid.o(.text.jy62)
    __arm_cp.1_4                             0x00002838   Number         4  pid.o(.text.jy62)
    __arm_cp.1_5                             0x0000283c   Number         4  pid.o(.text.jy62)
    __arm_cp.1_6                             0x00002840   Number         4  pid.o(.text.jy62)
    __arm_cp.1_8                             0x00002844   Number         4  pid.o(.text.jy62)
    __arm_cp.1_9                             0x00002848   Number         4  pid.o(.text.jy62)
    [Anonymous Symbol]                       0x0000284c   Section        0  main.o(.text.main)
    __arm_cp.0_0                             0x0000290c   Number         4  main.o(.text.main)
    __arm_cp.0_1                             0x00002910   Number         4  main.o(.text.main)
    __arm_cp.0_2                             0x00002914   Number         4  main.o(.text.main)
    __arm_cp.0_3                             0x00002918   Number         4  main.o(.text.main)
    __arm_cp.0_4                             0x0000291c   Number         4  main.o(.text.main)
    __arm_cp.0_5                             0x00002920   Number         4  main.o(.text.main)
    __arm_cp.0_6                             0x00002924   Number         4  main.o(.text.main)
    __arm_cp.0_7                             0x00002928   Number         4  main.o(.text.main)
    __arm_cp.0_8                             0x0000292c   Number         4  main.o(.text.main)
    __arm_cp.0_9                             0x00002930   Number         4  main.o(.text.main)
    [Anonymous Symbol]                       0x00002934   Section        0  mode.o(.text.mode1)
    __arm_cp.0_0                             0x00002a54   Number         4  mode.o(.text.mode1)
    __arm_cp.0_1                             0x00002a58   Number         4  mode.o(.text.mode1)
    __arm_cp.0_2                             0x00002a5c   Number         4  mode.o(.text.mode1)
    __arm_cp.0_3                             0x00002a60   Number         4  mode.o(.text.mode1)
    __arm_cp.0_4                             0x00002a64   Number         4  mode.o(.text.mode1)
    __arm_cp.0_5                             0x00002a68   Number         4  mode.o(.text.mode1)
    __arm_cp.0_6                             0x00002a6c   Number         4  mode.o(.text.mode1)
    __arm_cp.0_7                             0x00002a70   Number         4  mode.o(.text.mode1)
    __arm_cp.0_8                             0x00002a74   Number         4  mode.o(.text.mode1)
    __arm_cp.0_9                             0x00002a78   Number         4  mode.o(.text.mode1)
    __arm_cp.0_10                            0x00002a7c   Number         4  mode.o(.text.mode1)
    __arm_cp.0_11                            0x00002a80   Number         4  mode.o(.text.mode1)
    __arm_cp.0_12                            0x00002a84   Number         4  mode.o(.text.mode1)
    __arm_cp.0_13                            0x00002a88   Number         4  mode.o(.text.mode1)
    __arm_cp.0_14                            0x00002a8c   Number         4  mode.o(.text.mode1)
    __arm_cp.0_15                            0x00002a90   Number         4  mode.o(.text.mode1)
    __arm_cp.0_16                            0x00002a94   Number         4  mode.o(.text.mode1)
    __arm_cp.0_17                            0x00002a98   Number         4  mode.o(.text.mode1)
    [Anonymous Symbol]                       0x00002a9c   Section        0  mode.o(.text.mode2)
    __arm_cp.1_0                             0x00002e04   Number         4  mode.o(.text.mode2)
    __arm_cp.1_1                             0x00002e08   Number         4  mode.o(.text.mode2)
    __arm_cp.1_2                             0x00002e0c   Number         4  mode.o(.text.mode2)
    __arm_cp.1_3                             0x00002e10   Number         4  mode.o(.text.mode2)
    __arm_cp.1_4                             0x00002e14   Number         4  mode.o(.text.mode2)
    __arm_cp.1_5                             0x00002e18   Number         4  mode.o(.text.mode2)
    __arm_cp.1_6                             0x00002e1c   Number         4  mode.o(.text.mode2)
    __arm_cp.1_7                             0x00002e20   Number         4  mode.o(.text.mode2)
    __arm_cp.1_8                             0x00002e24   Number         4  mode.o(.text.mode2)
    __arm_cp.1_9                             0x00002e28   Number         4  mode.o(.text.mode2)
    __arm_cp.1_10                            0x00002e2c   Number         4  mode.o(.text.mode2)
    __arm_cp.1_11                            0x00002e30   Number         4  mode.o(.text.mode2)
    __arm_cp.1_12                            0x00002e34   Number         4  mode.o(.text.mode2)
    __arm_cp.1_13                            0x00002e38   Number         4  mode.o(.text.mode2)
    __arm_cp.1_14                            0x00002e3c   Number         4  mode.o(.text.mode2)
    __arm_cp.1_15                            0x00002e40   Number         4  mode.o(.text.mode2)
    __arm_cp.1_16                            0x00002e44   Number         4  mode.o(.text.mode2)
    __arm_cp.1_17                            0x00002e48   Number         4  mode.o(.text.mode2)
    __arm_cp.1_18                            0x00002e4c   Number         4  mode.o(.text.mode2)
    __arm_cp.1_19                            0x00002e50   Number         4  mode.o(.text.mode2)
    __arm_cp.1_20                            0x00002e54   Number         4  mode.o(.text.mode2)
    __arm_cp.1_21                            0x00002e58   Number         4  mode.o(.text.mode2)
    __arm_cp.1_22                            0x00002e5c   Number         4  mode.o(.text.mode2)
    __arm_cp.1_23                            0x00002e60   Number         4  mode.o(.text.mode2)
    __arm_cp.1_24                            0x00002e64   Number         4  mode.o(.text.mode2)
    __arm_cp.1_25                            0x00002e68   Number         4  mode.o(.text.mode2)
    __arm_cp.1_26                            0x00002e6c   Number         4  mode.o(.text.mode2)
    __arm_cp.1_27                            0x00002e70   Number         4  mode.o(.text.mode2)
    __arm_cp.1_28                            0x00002e74   Number         4  mode.o(.text.mode2)
    [Anonymous Symbol]                       0x00002e78   Section        0  mode.o(.text.mode4)
    __arm_cp.2_48                            0x00003288   Number         4  mode.o(.text.mode4)
    __arm_cp.2_53                            0x0000329c   Number         4  mode.o(.text.mode4)
    __arm_cp.2_58                            0x000032b0   Number         4  mode.o(.text.mode4)
    __arm_cp.2_60                            0x000032b8   Number         4  mode.o(.text.mode4)
    __arm_cp.2_62                            0x000032c0   Number         4  mode.o(.text.mode4)
    __arm_cp.2_63                            0x000032c4   Number         4  mode.o(.text.mode4)
    __arm_cp.2_65                            0x000032cc   Number         4  mode.o(.text.mode4)
    __arm_cp.2_66                            0x000032d0   Number         4  mode.o(.text.mode4)
    __arm_cp.2_67                            0x000032d4   Number         4  mode.o(.text.mode4)
    __arm_cp.2_0                             0x000034d0   Number         4  mode.o(.text.mode4)
    __arm_cp.2_1                             0x000034d4   Number         4  mode.o(.text.mode4)
    __arm_cp.2_2                             0x000034d8   Number         4  mode.o(.text.mode4)
    __arm_cp.2_4                             0x000034dc   Number         4  mode.o(.text.mode4)
    __arm_cp.2_5                             0x000034e0   Number         4  mode.o(.text.mode4)
    __arm_cp.2_6                             0x000034e4   Number         4  mode.o(.text.mode4)
    __arm_cp.2_7                             0x000034e8   Number         4  mode.o(.text.mode4)
    __arm_cp.2_9                             0x000034ec   Number         4  mode.o(.text.mode4)
    __arm_cp.2_10                            0x000034f0   Number         4  mode.o(.text.mode4)
    __arm_cp.2_11                            0x000034f4   Number         4  mode.o(.text.mode4)
    __arm_cp.2_12                            0x000034f8   Number         4  mode.o(.text.mode4)
    __arm_cp.2_14                            0x000034fc   Number         4  mode.o(.text.mode4)
    __arm_cp.2_16                            0x00003500   Number         4  mode.o(.text.mode4)
    __arm_cp.2_19                            0x00003504   Number         4  mode.o(.text.mode4)
    __arm_cp.2_23                            0x00003508   Number         4  mode.o(.text.mode4)
    __arm_cp.2_24                            0x0000350c   Number         4  mode.o(.text.mode4)
    __arm_cp.2_25                            0x00003510   Number         4  mode.o(.text.mode4)
    __arm_cp.2_26                            0x00003514   Number         4  mode.o(.text.mode4)
    __arm_cp.2_27                            0x00003518   Number         4  mode.o(.text.mode4)
    __arm_cp.2_28                            0x0000351c   Number         4  mode.o(.text.mode4)
    __arm_cp.2_29                            0x00003520   Number         4  mode.o(.text.mode4)
    __arm_cp.2_30                            0x00003524   Number         4  mode.o(.text.mode4)
    __arm_cp.2_31                            0x00003528   Number         4  mode.o(.text.mode4)
    __arm_cp.2_32                            0x0000352c   Number         4  mode.o(.text.mode4)
    __arm_cp.2_33                            0x00003530   Number         4  mode.o(.text.mode4)
    __arm_cp.2_34                            0x00003534   Number         4  mode.o(.text.mode4)
    __arm_cp.2_35                            0x00003538   Number         4  mode.o(.text.mode4)
    __arm_cp.2_36                            0x0000353c   Number         4  mode.o(.text.mode4)
    __arm_cp.2_37                            0x00003540   Number         4  mode.o(.text.mode4)
    __arm_cp.2_38                            0x00003544   Number         4  mode.o(.text.mode4)
    __arm_cp.2_39                            0x00003548   Number         4  mode.o(.text.mode4)
    __arm_cp.2_40                            0x0000354c   Number         4  mode.o(.text.mode4)
    __arm_cp.2_41                            0x00003550   Number         4  mode.o(.text.mode4)
    __arm_cp.2_42                            0x00003554   Number         4  mode.o(.text.mode4)
    __arm_cp.2_43                            0x00003558   Number         4  mode.o(.text.mode4)
    __arm_cp.2_44                            0x0000355c   Number         4  mode.o(.text.mode4)
    [Anonymous Symbol]                       0x00003560   Section        0  drv_oled.o(.text.oled_init)
    [Anonymous Symbol]                       0x00003598   Section        0  ssd1306.o(.text.ssd1306_begin)
    __arm_cp.4_0                             0x000036a0   Number         4  ssd1306.o(.text.ssd1306_begin)
    __arm_cp.4_1                             0x000036a4   Number         4  ssd1306.o(.text.ssd1306_begin)
    __arm_cp.4_2                             0x000036a8   Number         4  ssd1306.o(.text.ssd1306_begin)
    __arm_cp.4_3                             0x000036ac   Number         4  ssd1306.o(.text.ssd1306_begin)
    __arm_cp.4_4                             0x000036b0   Number         4  ssd1306.o(.text.ssd1306_begin)
    __arm_cp.4_5                             0x000036b4   Number         4  ssd1306.o(.text.ssd1306_begin)
    __arm_cp.4_6                             0x000036b8   Number         4  ssd1306.o(.text.ssd1306_begin)
    __arm_cp.4_7                             0x000036bc   Number         4  ssd1306.o(.text.ssd1306_begin)
    __arm_cp.4_8                             0x000036c0   Number         4  ssd1306.o(.text.ssd1306_begin)
    __arm_cp.4_9                             0x000036c4   Number         4  ssd1306.o(.text.ssd1306_begin)
    __arm_cp.4_10                            0x000036c8   Number         4  ssd1306.o(.text.ssd1306_begin)
    __arm_cp.4_11                            0x000036cc   Number         4  ssd1306.o(.text.ssd1306_begin)
    __arm_cp.4_12                            0x000036d0   Number         4  ssd1306.o(.text.ssd1306_begin)
    [Anonymous Symbol]                       0x000036d4   Section        0  huidu.o(.text.white)
    __arm_cp.1_0                             0x00003708   Number         4  huidu.o(.text.white)
    [Anonymous Symbol]                       0x0000370c   Section        0  drv_oled.o(.text.write_6_8_number)
    __arm_cp.17_0                            0x000039b0   Number         4  drv_oled.o(.text.write_6_8_number)
    __arm_cp.17_1                            0x000039b4   Number         4  drv_oled.o(.text.write_6_8_number)
    __arm_cp.17_2                            0x000039b8   Number         4  drv_oled.o(.text.write_6_8_number)
    __arm_cp.17_3                            0x000039bc   Number         4  drv_oled.o(.text.write_6_8_number)
    __arm_cp.17_4                            0x000039c0   Number         4  drv_oled.o(.text.write_6_8_number)
    __arm_cp.17_5                            0x000039c4   Number         4  drv_oled.o(.text.write_6_8_number)
    __arm_cp.17_6                            0x000039c8   Number         4  drv_oled.o(.text.write_6_8_number)
    __arm_cp.17_7                            0x000039cc   Number         4  drv_oled.o(.text.write_6_8_number)
    __arm_cp.17_8                            0x000039d0   Number         4  drv_oled.o(.text.write_6_8_number)
    __arm_cp.17_9                            0x000039d4   Number         4  drv_oled.o(.text.write_6_8_number)
    __arm_cp.17_10                           0x000039d8   Number         4  drv_oled.o(.text.write_6_8_number)
    __arm_cp.17_11                           0x000039dc   Number         4  drv_oled.o(.text.write_6_8_number)
    __arm_cp.17_12                           0x000039e0   Number         4  drv_oled.o(.text.write_6_8_number)
    __arm_cp.17_13                           0x000039e4   Number         4  drv_oled.o(.text.write_6_8_number)
    __arm_cp.17_14                           0x000039e8   Number         4  drv_oled.o(.text.write_6_8_number)
    __arm_cp.17_15                           0x000039ec   Number         4  drv_oled.o(.text.write_6_8_number)
    .text_divfast                            0x000039f0   Section      502  aeabi_sdivfast.o(.text_divfast)
    i.__mathlib_dbl_invalid                  0x00003be6   Section        0  dunder.o(i.__mathlib_dbl_invalid)
    i._feq                                   0x00003bf6   Section        0  fcmp.o(i._feq)
    i._fgeq                                  0x00003c0c   Section        0  fcmp.o(i._fgeq)
    i._fgr                                   0x00003c22   Section        0  fcmp.o(i._fgr)
    i._fleq                                  0x00003c38   Section        0  fcmp.o(i._fleq)
    i._fls                                   0x00003c52   Section        0  fcmp.o(i._fls)
    i.fmod                                   0x00003c68   Section        0  fmod.o(i.fmod)
    x$fpl$fadd                               0x00003cfc   Section      140  faddsub.o(x$fpl$fadd)
    _fadd1                                   0x00003d09   Thumb Code     0  faddsub.o(x$fpl$fadd)
    x$fpl$feqf                               0x00003d88   Section       84  feqf.o(x$fpl$feqf)
    x$fpl$fgeqf                              0x00003ddc   Section       84  fgef.o(x$fpl$fgeqf)
    x$fpl$fleqf                              0x00003e30   Section       84  flef.o(x$fpl$fleqf)
    x$fpl$fmul                               0x00003e84   Section      176  fmul.o(x$fpl$fmul)
    x$fpl$fsub                               0x00003f34   Section      208  faddsub.o(x$fpl$fsub)
    _fsub1                                   0x00003f41   Thumb Code     0  faddsub.o(x$fpl$fsub)
    ddiv_reciptbl                            0x00004004   Data         128  ddiv.o(.constdata)
    .constdata                               0x00004004   Section      128  ddiv.o(.constdata)
    x$fpl$usenofp                            0x00004004   Section        0  usenofp.o(x$fpl$usenofp)
    gMotorClockConfig                        0x000046ac   Data           3  ti_msp_dl_config.o(.rodata.gMotorClockConfig)
    [Anonymous Symbol]                       0x000046ac   Section        0  ti_msp_dl_config.o(.rodata.gMotorClockConfig)
    gMotorConfig                             0x000046b0   Data           8  ti_msp_dl_config.o(.rodata.gMotorConfig)
    [Anonymous Symbol]                       0x000046b0   Section        0  ti_msp_dl_config.o(.rodata.gMotorConfig)
    gTIMER_0ClockConfig                      0x000046b8   Data           3  ti_msp_dl_config.o(.rodata.gTIMER_0ClockConfig)
    [Anonymous Symbol]                       0x000046b8   Section        0  ti_msp_dl_config.o(.rodata.gTIMER_0ClockConfig)
    gTIMER_0TimerConfig                      0x000046bc   Data          20  ti_msp_dl_config.o(.rodata.gTIMER_0TimerConfig)
    [Anonymous Symbol]                       0x000046bc   Section        0  ti_msp_dl_config.o(.rodata.gTIMER_0TimerConfig)
    gUART_3ClockConfig                       0x000046d0   Data           2  ti_msp_dl_config.o(.rodata.gUART_3ClockConfig)
    [Anonymous Symbol]                       0x000046d0   Section        0  ti_msp_dl_config.o(.rodata.gUART_3ClockConfig)
    gUART_3Config                            0x000046d2   Data          10  ti_msp_dl_config.o(.rodata.gUART_3Config)
    [Anonymous Symbol]                       0x000046d2   Section        0  ti_msp_dl_config.o(.rodata.gUART_3Config)
    .bss                                     0x20200040   Section       96  libspace.o(.bss)
    HEIGHT                                   0x202000cc   Data           1  ssd1306.o(.bss.HEIGHT)
    [Anonymous Symbol]                       0x202000cc   Section        0  ssd1306.o(.bss.HEIGHT)
    RxBuffer                                 0x202000ec   Data          11  jy61p.o(.bss.RxBuffer)
    [Anonymous Symbol]                       0x202000ec   Section        0  jy61p.o(.bss.RxBuffer)
    RxIndex                                  0x202000f7   Data           1  jy61p.o(.bss.RxIndex)
    [Anonymous Symbol]                       0x202000f7   Section        0  jy61p.o(.bss.RxIndex)
    RxState                                  0x202000f8   Data           1  jy61p.o(.bss.RxState)
    [Anonymous Symbol]                       0x202000f8   Section        0  jy61p.o(.bss.RxState)
    WIDTH                                    0x20200118   Data           1  ssd1306.o(.bss.WIDTH)
    [Anonymous Symbol]                       0x20200118   Section        0  ssd1306.o(.bss.WIDTH)
    _height                                  0x20200126   Data           2  ssd1306.o(.bss._height)
    [Anonymous Symbol]                       0x20200126   Section        0  ssd1306.o(.bss._height)
    _vccstate                                0x20200128   Data           1  ssd1306.o(.bss._vccstate)
    [Anonymous Symbol]                       0x20200128   Section        0  ssd1306.o(.bss._vccstate)
    _width                                   0x2020012a   Data           2  ssd1306.o(.bss._width)
    [Anonymous Symbol]                       0x2020012a   Section        0  ssd1306.o(.bss._width)
    cursor_x                                 0x20200138   Data           2  ssd1306.o(.bss.cursor_x)
    [Anonymous Symbol]                       0x20200138   Section        0  ssd1306.o(.bss.cursor_x)
    cursor_y                                 0x2020013a   Data           2  ssd1306.o(.bss.cursor_y)
    [Anonymous Symbol]                       0x2020013a   Section        0  ssd1306.o(.bss.cursor_y)
    rotation                                 0x20200218   Data           1  ssd1306.o(.bss.rotation)
    [Anonymous Symbol]                       0x20200218   Section        0  ssd1306.o(.bss.rotation)
    textbgcolor                              0x2020021a   Data           2  ssd1306.o(.bss.textbgcolor)
    [Anonymous Symbol]                       0x2020021a   Section        0  ssd1306.o(.bss.textbgcolor)
    textcolor                                0x2020021c   Data           2  ssd1306.o(.bss.textcolor)
    [Anonymous Symbol]                       0x2020021c   Section        0  ssd1306.o(.bss.textcolor)
    textsize                                 0x2020021e   Data           1  ssd1306.o(.bss.textsize)
    [Anonymous Symbol]                       0x2020021e   Section        0  ssd1306.o(.bss.textsize)
    Heap_Mem                                 0x20200228   Data           0  startup_mspm0g350x_uvision.o(HEAP)
    Stack_Mem                                0x20200228   Data         256  startup_mspm0g350x_uvision.o(STACK)
    HEAP                                     0x20200228   Section        0  startup_mspm0g350x_uvision.o(HEAP)
    STACK                                    0x20200228   Section      256  startup_mspm0g350x_uvision.o(STACK)
    __initial_sp                             0x20200328   Data           0  startup_mspm0g350x_uvision.o(STACK)

    Global Symbols

    Symbol Name                              Value     Ov Type        Size  Object(Section)

    BuildAttributes$$THM_ISAv3M$S$PE$A:L22$X:L11$S22$IEEE1$IW$~IW$USESV6$~STKCKD$USESV7$~SHL$OTIME$ROPI$IEEEX$EBA8$UX$STANDARDLIB$REQ8$PRES8$EABIv2 0x00000000   Number         0  anon$$obj.o ABSOLUTE
    __Vectors                                0x00000000   Data           4  startup_mspm0g350x_uvision.o(RESET)
    __ARM_exceptions_init                     - Undefined Weak Reference
    __alloca_initialize                       - Undefined Weak Reference
    __arm_preinit_                            - Undefined Weak Reference
    __arm_relocate_pie_                       - Undefined Weak Reference
    __cpp_initialize__aeabi_                  - Undefined Weak Reference
    __cxa_finalize                            - Undefined Weak Reference
    __rt_locale                               - Undefined Weak Reference
    __sigvec_lookup                           - Undefined Weak Reference
    _atexit_init                              - Undefined Weak Reference
    _call_atexit_fns                          - Undefined Weak Reference
    _clock_init                               - Undefined Weak Reference
    _fp_trap_init                             - Undefined Weak Reference
    _fp_trap_shutdown                         - Undefined Weak Reference
    _get_lc_collate                           - Undefined Weak Reference
    _get_lc_ctype                             - Undefined Weak Reference
    _get_lc_monetary                          - Undefined Weak Reference
    _get_lc_numeric                           - Undefined Weak Reference
    _get_lc_time                              - Undefined Weak Reference
    _getenv_init                              - Undefined Weak Reference
    _handle_redirection                       - Undefined Weak Reference
    _init_alloc                               - Undefined Weak Reference
    _init_user_alloc                          - Undefined Weak Reference
    _initio                                   - Undefined Weak Reference
    _rand_init                                - Undefined Weak Reference
    _signal_finish                            - Undefined Weak Reference
    _signal_init                              - Undefined Weak Reference
    _terminate_alloc                          - Undefined Weak Reference
    _terminate_user_alloc                     - Undefined Weak Reference
    _terminateio                              - Undefined Weak Reference
    __Vectors_End                            0x000000c0   Data           0  startup_mspm0g350x_uvision.o(RESET)
    __Vectors_Size                           0x000000c0   Number         0  startup_mspm0g350x_uvision.o ABSOLUTE
    __main                                   0x000000c1   Thumb Code     8  __main.o(!!!main)
    __scatterload                            0x000000c9   Thumb Code     0  __scatter.o(!!!scatter)
    __scatterload_rt2                        0x000000c9   Thumb Code    74  __scatter.o(!!!scatter)
    __scatterload_rt2_thumb_only             0x000000c9   Thumb Code     0  __scatter.o(!!!scatter)
    __scatterload_loop                       0x000000d3   Thumb Code     0  __scatter.o(!!!scatter)
    __scatterload_copy                       0x00000121   Thumb Code    26  __scatter_copy.o(!!handler_copy)
    __scatterload_null                       0x00000141   Thumb Code     2  __scatter.o(!!handler_null)
    __scatterload_zeroinit                   0x00000149   Thumb Code    28  __scatter_zi.o(!!handler_zi)
    __rt_lib_init                            0x00000165   Thumb Code     0  libinit.o(.ARM.Collect$$libinit$$00000000)
    __rt_lib_init_alloca_1                   0x00000167   Thumb Code     0  libinit2.o(.ARM.Collect$$libinit$$00000030)
    __rt_lib_init_argv_1                     0x00000167   Thumb Code     0  libinit2.o(.ARM.Collect$$libinit$$0000002E)
    __rt_lib_init_atexit_1                   0x00000167   Thumb Code     0  libinit2.o(.ARM.Collect$$libinit$$0000001D)
    __rt_lib_init_clock_1                    0x00000167   Thumb Code     0  libinit2.o(.ARM.Collect$$libinit$$00000023)
    __rt_lib_init_cpp_1                      0x00000167   Thumb Code     0  libinit2.o(.ARM.Collect$$libinit$$00000034)
    __rt_lib_init_exceptions_1               0x00000167   Thumb Code     0  libinit2.o(.ARM.Collect$$libinit$$00000032)
    __rt_lib_init_fp_1                       0x00000167   Thumb Code     0  libinit2.o(.ARM.Collect$$libinit$$00000002)
    __rt_lib_init_fp_trap_1                  0x00000167   Thumb Code     0  libinit2.o(.ARM.Collect$$libinit$$00000021)
    __rt_lib_init_getenv_1                   0x00000167   Thumb Code     0  libinit2.o(.ARM.Collect$$libinit$$00000025)
    __rt_lib_init_heap_1                     0x00000167   Thumb Code     0  libinit2.o(.ARM.Collect$$libinit$$0000000C)
    __rt_lib_init_lc_collate_1               0x00000167   Thumb Code     0  libinit2.o(.ARM.Collect$$libinit$$00000013)
    __rt_lib_init_lc_ctype_1                 0x00000167   Thumb Code     0  libinit2.o(.ARM.Collect$$libinit$$00000015)
    __rt_lib_init_lc_monetary_1              0x00000167   Thumb Code     0  libinit2.o(.ARM.Collect$$libinit$$00000017)
    __rt_lib_init_lc_numeric_1               0x00000167   Thumb Code     0  libinit2.o(.ARM.Collect$$libinit$$00000019)
    __rt_lib_init_lc_time_1                  0x00000167   Thumb Code     0  libinit2.o(.ARM.Collect$$libinit$$0000001B)
    __rt_lib_init_preinit_1                  0x00000167   Thumb Code     0  libinit2.o(.ARM.Collect$$libinit$$00000006)
    __rt_lib_init_rand_1                     0x00000167   Thumb Code     0  libinit2.o(.ARM.Collect$$libinit$$00000010)
    __rt_lib_init_relocate_pie_1             0x00000167   Thumb Code     0  libinit2.o(.ARM.Collect$$libinit$$00000004)
    __rt_lib_init_return                     0x00000167   Thumb Code     0  libinit2.o(.ARM.Collect$$libinit$$00000035)
    __rt_lib_init_signal_1                   0x00000167   Thumb Code     0  libinit2.o(.ARM.Collect$$libinit$$0000001F)
    __rt_lib_init_stdio_1                    0x00000167   Thumb Code     0  libinit2.o(.ARM.Collect$$libinit$$00000027)
    __rt_lib_init_user_alloc_1               0x00000167   Thumb Code     0  libinit2.o(.ARM.Collect$$libinit$$0000000E)
    __rt_lib_shutdown                        0x00000169   Thumb Code     0  libshutdown.o(.ARM.Collect$$libshutdown$$00000000)
    __rt_lib_shutdown_cpp_1                  0x0000016b   Thumb Code     0  libshutdown2.o(.ARM.Collect$$libshutdown$$00000002)
    __rt_lib_shutdown_fp_trap_1              0x0000016b   Thumb Code     0  libshutdown2.o(.ARM.Collect$$libshutdown$$00000007)
    __rt_lib_shutdown_heap_1                 0x0000016b   Thumb Code     0  libshutdown2.o(.ARM.Collect$$libshutdown$$0000000F)
    __rt_lib_shutdown_return                 0x0000016b   Thumb Code     0  libshutdown2.o(.ARM.Collect$$libshutdown$$00000010)
    __rt_lib_shutdown_signal_1               0x0000016b   Thumb Code     0  libshutdown2.o(.ARM.Collect$$libshutdown$$0000000A)
    __rt_lib_shutdown_stdio_1                0x0000016b   Thumb Code     0  libshutdown2.o(.ARM.Collect$$libshutdown$$00000004)
    __rt_lib_shutdown_user_alloc_1           0x0000016b   Thumb Code     0  libshutdown2.o(.ARM.Collect$$libshutdown$$0000000C)
    __rt_entry                               0x0000016d   Thumb Code     0  __rtentry.o(.ARM.Collect$$rtentry$$00000000)
    __rt_entry_presh_1                       0x0000016d   Thumb Code     0  __rtentry2.o(.ARM.Collect$$rtentry$$00000002)
    __rt_entry_sh                            0x0000016d   Thumb Code     0  __rtentry4.o(.ARM.Collect$$rtentry$$00000004)
    __rt_entry_li                            0x00000173   Thumb Code     0  __rtentry2.o(.ARM.Collect$$rtentry$$0000000A)
    __rt_entry_postsh_1                      0x00000173   Thumb Code     0  __rtentry2.o(.ARM.Collect$$rtentry$$00000009)
    __rt_entry_main                          0x00000177   Thumb Code     0  __rtentry2.o(.ARM.Collect$$rtentry$$0000000D)
    __rt_entry_postli_1                      0x00000177   Thumb Code     0  __rtentry2.o(.ARM.Collect$$rtentry$$0000000C)
    __rt_exit                                0x0000017f   Thumb Code     0  rtexit.o(.ARM.Collect$$rtexit$$00000000)
    __rt_exit_ls                             0x00000181   Thumb Code     0  rtexit2.o(.ARM.Collect$$rtexit$$00000003)
    __rt_exit_prels_1                        0x00000181   Thumb Code     0  rtexit2.o(.ARM.Collect$$rtexit$$00000002)
    __rt_exit_exit                           0x00000185   Thumb Code     0  rtexit2.o(.ARM.Collect$$rtexit$$00000004)
    Reset_Handler                            0x0000018d   Thumb Code     4  startup_mspm0g350x_uvision.o(.text)
    NMI_Handler                              0x00000191   Thumb Code     2  startup_mspm0g350x_uvision.o(.text)
    HardFault_Handler                        0x00000193   Thumb Code     2  startup_mspm0g350x_uvision.o(.text)
    SVC_Handler                              0x00000195   Thumb Code     2  startup_mspm0g350x_uvision.o(.text)
    PendSV_Handler                           0x00000197   Thumb Code     2  startup_mspm0g350x_uvision.o(.text)
    SysTick_Handler                          0x00000199   Thumb Code     2  startup_mspm0g350x_uvision.o(.text)
    ADC0_IRQHandler                          0x0000019b   Thumb Code     0  startup_mspm0g350x_uvision.o(.text)
    ADC1_IRQHandler                          0x0000019b   Thumb Code     0  startup_mspm0g350x_uvision.o(.text)
    AES_IRQHandler                           0x0000019b   Thumb Code     0  startup_mspm0g350x_uvision.o(.text)
    CANFD0_IRQHandler                        0x0000019b   Thumb Code     0  startup_mspm0g350x_uvision.o(.text)
    DAC0_IRQHandler                          0x0000019b   Thumb Code     0  startup_mspm0g350x_uvision.o(.text)
    DMA_IRQHandler                           0x0000019b   Thumb Code     0  startup_mspm0g350x_uvision.o(.text)
    Default_Handler                          0x0000019b   Thumb Code     2  startup_mspm0g350x_uvision.o(.text)
    GROUP0_IRQHandler                        0x0000019b   Thumb Code     0  startup_mspm0g350x_uvision.o(.text)
    I2C0_IRQHandler                          0x0000019b   Thumb Code     0  startup_mspm0g350x_uvision.o(.text)
    I2C1_IRQHandler                          0x0000019b   Thumb Code     0  startup_mspm0g350x_uvision.o(.text)
    RTC_IRQHandler                           0x0000019b   Thumb Code     0  startup_mspm0g350x_uvision.o(.text)
    SPI0_IRQHandler                          0x0000019b   Thumb Code     0  startup_mspm0g350x_uvision.o(.text)
    SPI1_IRQHandler                          0x0000019b   Thumb Code     0  startup_mspm0g350x_uvision.o(.text)
    TIMA0_IRQHandler                         0x0000019b   Thumb Code     0  startup_mspm0g350x_uvision.o(.text)
    TIMA1_IRQHandler                         0x0000019b   Thumb Code     0  startup_mspm0g350x_uvision.o(.text)
    TIMG0_IRQHandler                         0x0000019b   Thumb Code     0  startup_mspm0g350x_uvision.o(.text)
    TIMG12_IRQHandler                        0x0000019b   Thumb Code     0  startup_mspm0g350x_uvision.o(.text)
    TIMG7_IRQHandler                         0x0000019b   Thumb Code     0  startup_mspm0g350x_uvision.o(.text)
    TIMG8_IRQHandler                         0x0000019b   Thumb Code     0  startup_mspm0g350x_uvision.o(.text)
    UART0_IRQHandler                         0x0000019b   Thumb Code     0  startup_mspm0g350x_uvision.o(.text)
    UART1_IRQHandler                         0x0000019b   Thumb Code     0  startup_mspm0g350x_uvision.o(.text)
    UART2_IRQHandler                         0x0000019b   Thumb Code     0  startup_mspm0g350x_uvision.o(.text)
    __user_initial_stackheap                 0x0000019d   Thumb Code    10  startup_mspm0g350x_uvision.o(.text)
    __use_two_region_memory                  0x000001b9   Thumb Code     2  heapauxi.o(.text)
    __rt_heap_escrow$2region                 0x000001bb   Thumb Code     2  heapauxi.o(.text)
    __rt_heap_expand$2region                 0x000001bd   Thumb Code     2  heapauxi.o(.text)
    __aeabi_d2f                              0x000001c1   Thumb Code     0  d2f.o(.text)
    _d2f                                     0x000001c1   Thumb Code   120  d2f.o(.text)
    __aeabi_dadd                             0x00000535   Thumb Code     0  daddsub.o(.text)
    _dadd                                    0x00000535   Thumb Code    26  daddsub.o(.text)
    __aeabi_dsub                             0x0000054f   Thumb Code     0  daddsub.o(.text)
    _dsub                                    0x0000054f   Thumb Code    22  daddsub.o(.text)
    __aeabi_drsub                            0x00000565   Thumb Code     0  daddsub.o(.text)
    _drsb                                    0x00000565   Thumb Code    28  daddsub.o(.text)
    __aeabi_dmul                             0x00000595   Thumb Code     0  dmul.o(.text)
    _dmul                                    0x00000595   Thumb Code   558  dmul.o(.text)
    __aeabi_f2d                              0x000007dd   Thumb Code     0  f2d.o(.text)
    _f2d                                     0x000007dd   Thumb Code    80  f2d.o(.text)
    __aeabi_f2iz                             0x00000831   Thumb Code     0  ffixi.o(.text)
    _ffix                                    0x00000831   Thumb Code    76  ffixi.o(.text)
    __aeabi_f2uiz                            0x0000087d   Thumb Code     0  ffixui.o(.text)
    _ffixu                                   0x0000087d   Thumb Code    48  ffixui.o(.text)
    __aeabi_i2f_normalise                    0x000008ad   Thumb Code    72  fflti.o(.text)
    __aeabi_i2f                              0x000008f5   Thumb Code    16  fflti.o(.text)
    _fflt                                    0x000008f5   Thumb Code     0  fflti.o(.text)
    __aeabi_ui2f                             0x00000905   Thumb Code     6  fflti.o(.text)
    _ffltu                                   0x00000905   Thumb Code     0  fflti.o(.text)
    __read_errno                             0x0000090b   Thumb Code    10  _rserrno.o(.text)
    __set_errno                              0x00000915   Thumb Code    12  _rserrno.o(.text)
    _drem                                    0x00000921   Thumb Code   368  drem.o(.text)
    __aeabi_errno_addr                       0x00000aa1   Thumb Code     8  rt_errno_addr_intlibspace.o(.text)
    __errno$intlibspace                      0x00000aa1   Thumb Code     0  rt_errno_addr_intlibspace.o(.text)
    __rt_errno_addr$intlibspace              0x00000aa1   Thumb Code     0  rt_errno_addr_intlibspace.o(.text)
    __aeabi_ddiv                             0x00000aa9   Thumb Code     0  ddiv.o(.text)
    _ddiv                                    0x00000aa9   Thumb Code  1072  ddiv.o(.text)
    _drdiv                                   0x00000ed9   Thumb Code    20  ddiv.o(.text)
    __fpl_fcmp_InfNaN                        0x00000ef1   Thumb Code    96  fcmpin.o(.text)
    __user_libspace                          0x00000f55   Thumb Code     8  libspace.o(.text)
    __user_perproc_libspace                  0x00000f55   Thumb Code     0  libspace.o(.text)
    __user_perthread_libspace                0x00000f55   Thumb Code     0  libspace.o(.text)
    __user_setup_stackheap                   0x00000f5d   Thumb Code    62  sys_stackheap_outer.o(.text)
    exit                                     0x00000f9b   Thumb Code    16  exit.o(.text)
    __fpl_cmpreturn                          0x00000fab   Thumb Code    46  cmpret.o(.text)
    __fpl_fcheck_NaN2                        0x00000fd9   Thumb Code    10  fnan2.o(.text)
    __fpl_return_NaN                         0x00000fe9   Thumb Code    94  retnan.o(.text)
    _sys_exit                                0x00001049   Thumb Code     8  sys_exit.o(.text)
    __I$use$semihosting                      0x00001055   Thumb Code     0  use_no_semi.o(.text)
    __use_no_semihosting_swi                 0x00001055   Thumb Code     2  use_no_semi.o(.text)
    DL_Common_delayCycles                    0x00001057   Thumb Code    10  dl_common.o(.text.DL_Common_delayCycles)
    __semihosting_library_function           0x00001057   Thumb Code     0  indicate_semi.o(.text)
    DL_Timer_initPWMMode                     0x00001061   Thumb Code   172  dl_timer.o(.text.DL_Timer_initPWMMode)
    DL_Timer_initTimerMode                   0x00001121   Thumb Code   220  dl_timer.o(.text.DL_Timer_initTimerMode)
    DL_Timer_setCaptCompUpdateMethod         0x00001209   Thumb Code    24  dl_timer.o(.text.DL_Timer_setCaptCompUpdateMethod)
    DL_Timer_setCaptureCompareOutCtl         0x00001225   Thumb Code    20  dl_timer.o(.text.DL_Timer_setCaptureCompareOutCtl)
    DL_Timer_setCaptureCompareValue          0x0000123d   Thumb Code    12  dl_timer.o(.text.DL_Timer_setCaptureCompareValue)
    DL_Timer_setClockConfig                  0x0000124d   Thumb Code    24  dl_timer.o(.text.DL_Timer_setClockConfig)
    DL_UART_init                             0x00001269   Thumb Code    64  dl_uart.o(.text.DL_UART_init)
    DL_UART_setClockConfig                   0x000012b1   Thumb Code    18  dl_uart.o(.text.DL_UART_setClockConfig)
    Draw_Logo                                0x000012c5   Thumb Code   312  drv_oled.o(.text.Draw_Logo)
    GROUP1_IRQHandler                        0x00001409   Thumb Code   140  encoder.o(.text.GROUP1_IRQHandler)
    HUIDU                                    0x000014b5   Thumb Code    72  huidu.o(.text.HUIDU)
    HUIDULeft                                0x00001501   Thumb Code   320  pid.o(.text.HUIDULeft)
    HUIDURight                               0x00001665   Thumb Code   324  pid.o(.text.HUIDURight)
    LCD_P6x8Char                             0x000017dd   Thumb Code    96  drv_oled.o(.text.LCD_P6x8Char)
    LCD_P6x8Str                              0x0000183d   Thumb Code   136  drv_oled.o(.text.LCD_P6x8Str)
    Motor                                    0x000018c9   Thumb Code   484  pid.o(.text.Motor)
    OLED_Fill                                0x00001b09   Thumb Code   278  drv_oled.o(.text.OLED_Fill)
    OLED_WrCmd                               0x00001c21   Thumb Code   404  drv_oled.o(.text.OLED_WrCmd)
    OLED_WrDat                               0x00001db9   Thumb Code   404  drv_oled.o(.text.OLED_WrDat)
    SYSCFG_DL_GPIO_init                      0x00001f59   Thumb Code   140  ti_msp_dl_config.o(.text.SYSCFG_DL_GPIO_init)
    SYSCFG_DL_Motor_init                     0x00002015   Thumb Code   120  ti_msp_dl_config.o(.text.SYSCFG_DL_Motor_init)
    SYSCFG_DL_SYSCTL_init                    0x000020a1   Thumb Code    32  ti_msp_dl_config.o(.text.SYSCFG_DL_SYSCTL_init)
    SYSCFG_DL_TIMER_0_init                   0x000020cd   Thumb Code    36  ti_msp_dl_config.o(.text.SYSCFG_DL_TIMER_0_init)
    SYSCFG_DL_UART_3_init                    0x00002105   Thumb Code    88  ti_msp_dl_config.o(.text.SYSCFG_DL_UART_3_init)
    SYSCFG_DL_init                           0x00002175   Thumb Code    44  ti_msp_dl_config.o(.text.SYSCFG_DL_init)
    SYSCFG_DL_initPower                      0x000021a9   Thumb Code    44  ti_msp_dl_config.o(.text.SYSCFG_DL_initPower)
    Set_Duty                                 0x000021f1   Thumb Code    36  motor.o(.text.Set_Duty)
    TIMG6_IRQHandler                         0x00002221   Thumb Code    20  timer.o(.text.TIMG6_IRQHandler)
    UART3_IRQHandler                         0x00002239   Thumb Code    16  usart3.o(.text.UART3_IRQHandler)
    Yaw_error2                               0x0000224d   Thumb Code   152  pid.o(.text.Yaw_error2)
    bsp_analog_i2c_init                      0x00002301   Thumb Code   224  drv_oled.o(.text.bsp_analog_i2c_init)
    bsp_analog_i2c_send_byte                 0x000023e1   Thumb Code   480  drv_oled.o(.text.bsp_analog_i2c_send_byte)
    buzzer_light_up_and_down                 0x000025cd   Thumb Code    32  board.o(.text.buzzer_light_up_and_down)
    check_buttons                            0x000025f5   Thumb Code    68  key.o(.text.check_buttons)
    delay_ms                                 0x0000263d   Thumb Code    76  delay.o(.text.delay_ms)
    display_6_8_number                       0x0000268d   Thumb Code     8  drv_oled.o(.text.display_6_8_number)
    jy61p_Init                               0x00002695   Thumb Code    20  usart3.o(.text.jy61p_Init)
    jy61p_ReceiveData                        0x000026b1   Thumb Code   228  jy61p.o(.text.jy61p_ReceiveData)
    jy62                                     0x000027b1   Thumb Code   124  pid.o(.text.jy62)
    main                                     0x0000284d   Thumb Code   192  main.o(.text.main)
    mode1                                    0x00002935   Thumb Code   288  mode.o(.text.mode1)
    mode2                                    0x00002a9d   Thumb Code   872  mode.o(.text.mode2)
    mode4                                    0x00002e79   Thumb Code  1616  mode.o(.text.mode4)
    oled_init                                0x00003561   Thumb Code    56  drv_oled.o(.text.oled_init)
    ssd1306_begin                            0x00003599   Thumb Code   264  ssd1306.o(.text.ssd1306_begin)
    white                                    0x000036d5   Thumb Code    52  huidu.o(.text.white)
    write_6_8_number                         0x0000370d   Thumb Code   676  drv_oled.o(.text.write_6_8_number)
    __aeabi_uidiv                            0x000039f1   Thumb Code    68  aeabi_sdivfast.o(.text_divfast)
    __aeabi_idiv                             0x00003a35   Thumb Code   434  aeabi_sdivfast.o(.text_divfast)
    __mathlib_dbl_invalid                    0x00003be7   Thumb Code    16  dunder.o(i.__mathlib_dbl_invalid)
    __aeabi_fcmpeq                           0x00003bf7   Thumb Code     0  fcmp.o(i._feq)
    _feq                                     0x00003bf7   Thumb Code    22  fcmp.o(i._feq)
    __aeabi_fcmpge                           0x00003c0d   Thumb Code     0  fcmp.o(i._fgeq)
    _fgeq                                    0x00003c0d   Thumb Code    22  fcmp.o(i._fgeq)
    __aeabi_fcmpgt                           0x00003c23   Thumb Code     0  fcmp.o(i._fgr)
    _fgr                                     0x00003c23   Thumb Code    22  fcmp.o(i._fgr)
    __aeabi_fcmple                           0x00003c39   Thumb Code     0  fcmp.o(i._fleq)
    _fleq                                    0x00003c39   Thumb Code    26  fcmp.o(i._fleq)
    __aeabi_fcmplt                           0x00003c53   Thumb Code     0  fcmp.o(i._fls)
    _fls                                     0x00003c53   Thumb Code    22  fcmp.o(i._fls)
    fmod                                     0x00003c69   Thumb Code   144  fmod.o(i.fmod)
    __aeabi_fadd                             0x00003cfd   Thumb Code     0  faddsub.o(x$fpl$fadd)
    _fadd                                    0x00003cfd   Thumb Code   134  faddsub.o(x$fpl$fadd)
    __aeabi_cfcmpeq                          0x00003d89   Thumb Code     0  feqf.o(x$fpl$feqf)
    _fcmpeq                                  0x00003d89   Thumb Code    78  feqf.o(x$fpl$feqf)
    _fcmpge                                  0x00003ddd   Thumb Code    78  fgef.o(x$fpl$fgeqf)
    __aeabi_cfcmple                          0x00003e31   Thumb Code     0  flef.o(x$fpl$fleqf)
    _fcmple                                  0x00003e31   Thumb Code    78  flef.o(x$fpl$fleqf)
    __aeabi_fmul                             0x00003e85   Thumb Code     0  fmul.o(x$fpl$fmul)
    _fmul                                    0x00003e85   Thumb Code   172  fmul.o(x$fpl$fmul)
    __aeabi_fsub                             0x00003f35   Thumb Code     0  faddsub.o(x$fpl$fsub)
    _fsub                                    0x00003f35   Thumb Code   204  faddsub.o(x$fpl$fsub)
    __I$use$fp                               0x00004004   Number         0  usenofp.o(x$fpl$usenofp)
    F6x8                                     0x00004084   Data         552  drv_oled.o(.rodata.F6x8)
    NC_Logo                                  0x000042ac   Data        1024  drv_oled.o(.rodata.NC_Logo)
    Region$$Table$$Base                      0x000046e0   Number         0  anon$$obj.o(Region$$Table)
    Region$$Table$$Limit                     0x00004700   Number         0  anon$$obj.o(Region$$Table)
    KeyNum                                   0x20200000   Data           4  key.o(.data.KeyNum)
    KeyNum2                                  0x20200004   Data           4  key.o(.data.KeyNum2)
    Out                                      0x20200008   Data           4  pid.o(.data.Out)
    Out1                                     0x2020000c   Data           4  pid.o(.data.Out1)
    Setcontrol                               0x20200010   Data           4  mode.o(.data.Setcontrol)
    mode_times                               0x20200014   Data           4  mode.o(.data.mode_times)
    mode_times_set                           0x20200018   Data           4  mode.o(.data.mode_times_set)
    sensorPins                               0x2020001c   Data          32  huidu.o(.data.sensorPins)
    __libspace_start                         0x20200040   Data          96  libspace.o(.bss)
    Actual                                   0x202000a0   Data           4  pid.o(.bss.Actual)
    __temporary_stack_top$libspace           0x202000a0   Data           0  libspace.o(.bss)
    Actual1                                  0x202000a4   Data           4  pid.o(.bss.Actual1)
    Actual_jy62                              0x202000a8   Data           4  pid.o(.bss.Actual_jy62)
    Error0                                   0x202000ac   Data           4  pid.o(.bss.Error0)
    Error0_jy62                              0x202000b0   Data           4  pid.o(.bss.Error0_jy62)
    Error1                                   0x202000b4   Data           4  pid.o(.bss.Error1)
    Error1_jy62                              0x202000b8   Data           4  pid.o(.bss.Error1_jy62)
    Error2                                   0x202000bc   Data           4  pid.o(.bss.Error2)
    Error3                                   0x202000c0   Data           4  pid.o(.bss.Error3)
    ErrorInt                                 0x202000c4   Data           4  pid.o(.bss.ErrorInt)
    ErrorInt1                                0x202000c8   Data           4  pid.o(.bss.ErrorInt1)
    Kd                                       0x202000d0   Data           4  pid.o(.bss.Kd)
    Ki                                       0x202000d4   Data           4  pid.o(.bss.Ki)
    Kp                                       0x202000d8   Data           4  pid.o(.bss.Kp)
    Out_jy62                                 0x202000dc   Data           4  pid.o(.bss.Out_jy62)
    Pitch                                    0x202000e0   Data           4  jy61p.o(.bss.Pitch)
    Record_Count                             0x202000e4   Data           4  mode.o(.bss.Record_Count)
    Roll                                     0x202000e8   Data           4  jy61p.o(.bss.Roll)
    Speed_Out                                0x202000fc   Data           4  pid.o(.bss.Speed_Out)
    Speed_Out1                               0x20200100   Data           4  pid.o(.bss.Speed_Out1)
    Speed_jy62_L                             0x20200104   Data           4  mode.o(.bss.Speed_jy62_L)
    Speed_jy62_R                             0x20200108   Data           4  mode.o(.bss.Speed_jy62_R)
    Target                                   0x2020010c   Data           4  pid.o(.bss.Target)
    Target1                                  0x20200110   Data           4  pid.o(.bss.Target1)
    Target_jy62                              0x20200114   Data           4  pid.o(.bss.Target_jy62)
    Write                                    0x2020011c   Data           4  mode.o(.bss.Write)
    Yaw                                      0x20200120   Data           4  jy61p.o(.bss.Yaw)
    _cp437                                   0x20200124   Data           1  ssd1306.o(.bss._cp437)
    basespeed                                0x2020012c   Data           4  mode.o(.bss.basespeed)
    correction                               0x20200130   Data           4  pid.o(.bss.correction)
    correction_2                             0x20200134   Data           4  pid.o(.bss.correction_2)
    derivative1                              0x2020013c   Data           4  pid.o(.bss.derivative1)
    derivative1_2                            0x20200140   Data           4  pid.o(.bss.derivative1_2)
    error1                                   0x20200144   Data           4  pid.o(.bss.error1)
    error1_2                                 0x20200148   Data           4  pid.o(.bss.error1_2)
    gEncoderCount                            0x2020014c   Data           4  encoder.o(.bss.gEncoderCount)
    gEncoderCount1                           0x20200150   Data           4  encoder.o(.bss.gEncoderCount1)
    gEncodersum                              0x20200154   Data           4  encoder.o(.bss.gEncodersum)
    gEncodersum1                             0x20200158   Data           4  encoder.o(.bss.gEncodersum1)
    gTIMER_0Backup                           0x2020015c   Data         120  ti_msp_dl_config.o(.bss.gTIMER_0Backup)
    gUART_3Backup                            0x202001d4   Data          48  ti_msp_dl_config.o(.bss.gUART_3Backup)
    gpio_interrup                            0x20200204   Data           4  encoder.o(.bss.gpio_interrup)
    lastError                                0x20200208   Data           4  pid.o(.bss.lastError)
    lastError_2                              0x2020020c   Data           4  pid.o(.bss.lastError_2)
    leftSpeed                                0x20200210   Data           4  mode.o(.bss.leftSpeed)
    rightSpeed                               0x20200214   Data           4  mode.o(.bss.rightSpeed)
    voice                                    0x20200220   Data           4  mode.o(.bss.voice)
    wrap                                     0x20200224   Data           1  ssd1306.o(.bss.wrap)



==============================================================================

Memory Map of the image

  Image Entry point : 0x000000c1

  Load Region LR_IROM1 (Base: 0x00000000, Size: 0x00004740, Max: 0x00020000, ABSOLUTE)

    Execution Region ER_IROM1 (Exec base: 0x00000000, Load base: 0x00000000, Size: 0x00004700, Max: 0x00020000, ABSOLUTE)

    Exec Addr    Load Addr    Size         Type   Attr      Idx    E Section Name        Object

    0x00000000   0x00000000   0x000000c0   Data   RO         1036    RESET               startup_mspm0g350x_uvision.o
    0x000000c0   0x000000c0   0x00000008   Code   RO         1214  * !!!main             c_p.l(__main.o)
    0x000000c8   0x000000c8   0x00000054   Code   RO         1472    !!!scatter          c_p.l(__scatter.o)
    0x0000011c   0x0000011c   0x00000004   PAD
    0x00000120   0x00000120   0x0000001a   Code   RO         1476    !!handler_copy      c_p.l(__scatter_copy.o)
    0x0000013a   0x0000013a   0x00000006   PAD
    0x00000140   0x00000140   0x00000002   Code   RO         1473    !!handler_null      c_p.l(__scatter.o)
    0x00000142   0x00000142   0x00000006   PAD
    0x00000148   0x00000148   0x0000001c   Code   RO         1478    !!handler_zi        c_p.l(__scatter_zi.o)
    0x00000164   0x00000164   0x00000002   Code   RO         1330    .ARM.Collect$$libinit$$00000000  c_p.l(libinit.o)
    0x00000166   0x00000166   0x00000000   Code   RO         1345    .ARM.Collect$$libinit$$00000002  c_p.l(libinit2.o)
    0x00000166   0x00000166   0x00000000   Code   RO         1347    .ARM.Collect$$libinit$$00000004  c_p.l(libinit2.o)
    0x00000166   0x00000166   0x00000000   Code   RO         1349    .ARM.Collect$$libinit$$00000006  c_p.l(libinit2.o)
    0x00000166   0x00000166   0x00000000   Code   RO         1352    .ARM.Collect$$libinit$$0000000C  c_p.l(libinit2.o)
    0x00000166   0x00000166   0x00000000   Code   RO         1354    .ARM.Collect$$libinit$$0000000E  c_p.l(libinit2.o)
    0x00000166   0x00000166   0x00000000   Code   RO         1356    .ARM.Collect$$libinit$$00000010  c_p.l(libinit2.o)
    0x00000166   0x00000166   0x00000000   Code   RO         1359    .ARM.Collect$$libinit$$00000013  c_p.l(libinit2.o)
    0x00000166   0x00000166   0x00000000   Code   RO         1361    .ARM.Collect$$libinit$$00000015  c_p.l(libinit2.o)
    0x00000166   0x00000166   0x00000000   Code   RO         1363    .ARM.Collect$$libinit$$00000017  c_p.l(libinit2.o)
    0x00000166   0x00000166   0x00000000   Code   RO         1365    .ARM.Collect$$libinit$$00000019  c_p.l(libinit2.o)
    0x00000166   0x00000166   0x00000000   Code   RO         1367    .ARM.Collect$$libinit$$0000001B  c_p.l(libinit2.o)
    0x00000166   0x00000166   0x00000000   Code   RO         1369    .ARM.Collect$$libinit$$0000001D  c_p.l(libinit2.o)
    0x00000166   0x00000166   0x00000000   Code   RO         1371    .ARM.Collect$$libinit$$0000001F  c_p.l(libinit2.o)
    0x00000166   0x00000166   0x00000000   Code   RO         1373    .ARM.Collect$$libinit$$00000021  c_p.l(libinit2.o)
    0x00000166   0x00000166   0x00000000   Code   RO         1375    .ARM.Collect$$libinit$$00000023  c_p.l(libinit2.o)
    0x00000166   0x00000166   0x00000000   Code   RO         1377    .ARM.Collect$$libinit$$00000025  c_p.l(libinit2.o)
    0x00000166   0x00000166   0x00000000   Code   RO         1379    .ARM.Collect$$libinit$$00000027  c_p.l(libinit2.o)
    0x00000166   0x00000166   0x00000000   Code   RO         1383    .ARM.Collect$$libinit$$0000002E  c_p.l(libinit2.o)
    0x00000166   0x00000166   0x00000000   Code   RO         1385    .ARM.Collect$$libinit$$00000030  c_p.l(libinit2.o)
    0x00000166   0x00000166   0x00000000   Code   RO         1387    .ARM.Collect$$libinit$$00000032  c_p.l(libinit2.o)
    0x00000166   0x00000166   0x00000000   Code   RO         1389    .ARM.Collect$$libinit$$00000034  c_p.l(libinit2.o)
    0x00000166   0x00000166   0x00000002   Code   RO         1390    .ARM.Collect$$libinit$$00000035  c_p.l(libinit2.o)
    0x00000168   0x00000168   0x00000002   Code   RO         1427    .ARM.Collect$$libshutdown$$00000000  c_p.l(libshutdown.o)
    0x0000016a   0x0000016a   0x00000000   Code   RO         1455    .ARM.Collect$$libshutdown$$00000002  c_p.l(libshutdown2.o)
    0x0000016a   0x0000016a   0x00000000   Code   RO         1457    .ARM.Collect$$libshutdown$$00000004  c_p.l(libshutdown2.o)
    0x0000016a   0x0000016a   0x00000000   Code   RO         1460    .ARM.Collect$$libshutdown$$00000007  c_p.l(libshutdown2.o)
    0x0000016a   0x0000016a   0x00000000   Code   RO         1463    .ARM.Collect$$libshutdown$$0000000A  c_p.l(libshutdown2.o)
    0x0000016a   0x0000016a   0x00000000   Code   RO         1465    .ARM.Collect$$libshutdown$$0000000C  c_p.l(libshutdown2.o)
    0x0000016a   0x0000016a   0x00000000   Code   RO         1468    .ARM.Collect$$libshutdown$$0000000F  c_p.l(libshutdown2.o)
    0x0000016a   0x0000016a   0x00000002   Code   RO         1469    .ARM.Collect$$libshutdown$$00000010  c_p.l(libshutdown2.o)
    0x0000016c   0x0000016c   0x00000000   Code   RO         1254    .ARM.Collect$$rtentry$$00000000  c_p.l(__rtentry.o)
    0x0000016c   0x0000016c   0x00000000   Code   RO         1285    .ARM.Collect$$rtentry$$00000002  c_p.l(__rtentry2.o)
    0x0000016c   0x0000016c   0x00000006   Code   RO         1297    .ARM.Collect$$rtentry$$00000004  c_p.l(__rtentry4.o)
    0x00000172   0x00000172   0x00000000   Code   RO         1287    .ARM.Collect$$rtentry$$00000009  c_p.l(__rtentry2.o)
    0x00000172   0x00000172   0x00000004   Code   RO         1288    .ARM.Collect$$rtentry$$0000000A  c_p.l(__rtentry2.o)
    0x00000176   0x00000176   0x00000000   Code   RO         1290    .ARM.Collect$$rtentry$$0000000C  c_p.l(__rtentry2.o)
    0x00000176   0x00000176   0x00000008   Code   RO         1291    .ARM.Collect$$rtentry$$0000000D  c_p.l(__rtentry2.o)
    0x0000017e   0x0000017e   0x00000002   Code   RO         1336    .ARM.Collect$$rtexit$$00000000  c_p.l(rtexit.o)
    0x00000180   0x00000180   0x00000000   Code   RO         1398    .ARM.Collect$$rtexit$$00000002  c_p.l(rtexit2.o)
    0x00000180   0x00000180   0x00000004   Code   RO         1399    .ARM.Collect$$rtexit$$00000003  c_p.l(rtexit2.o)
    0x00000184   0x00000184   0x00000006   Code   RO         1400    .ARM.Collect$$rtexit$$00000004  c_p.l(rtexit2.o)
    0x0000018a   0x0000018a   0x00000002   PAD
    0x0000018c   0x0000018c   0x0000002c   Code   RO         1037    .text               startup_mspm0g350x_uvision.o
    0x000001b8   0x000001b8   0x00000006   Code   RO         1212    .text               c_p.l(heapauxi.o)
    0x000001be   0x000001be   0x00000002   PAD
    0x000001c0   0x000001c0   0x0000007c   Code   RO         1216    .text               fz_ps.l(d2f.o)
    0x0000023c   0x0000023c   0x00000358   Code   RO         1218    .text               fz_ps.l(daddsub.o)
    0x00000594   0x00000594   0x00000248   Code   RO         1220    .text               fz_ps.l(dmul.o)
    0x000007dc   0x000007dc   0x00000054   Code   RO         1222    .text               fz_ps.l(f2d.o)
    0x00000830   0x00000830   0x0000004c   Code   RO         1242    .text               fz_ps.l(ffixi.o)
    0x0000087c   0x0000087c   0x00000030   Code   RO         1244    .text               fz_ps.l(ffixui.o)
    0x000008ac   0x000008ac   0x0000005e   Code   RO         1246    .text               fz_ps.l(fflti.o)
    0x0000090a   0x0000090a   0x00000016   Code   RO         1259    .text               c_p.l(_rserrno.o)
    0x00000920   0x00000920   0x00000180   Code   RO         1261    .text               fz_ps.l(drem.o)
    0x00000aa0   0x00000aa0   0x00000008   Code   RO         1304    .text               c_p.l(rt_errno_addr_intlibspace.o)
    0x00000aa8   0x00000aa8   0x00000448   Code   RO         1306    .text               fz_ps.l(ddiv.o)
    0x00000ef0   0x00000ef0   0x00000064   Code   RO         1311    .text               fz_ps.l(fcmpin.o)
    0x00000f54   0x00000f54   0x00000008   Code   RO         1313    .text               c_p.l(libspace.o)
    0x00000f5c   0x00000f5c   0x0000003e   Code   RO         1316    .text               c_p.l(sys_stackheap_outer.o)
    0x00000f9a   0x00000f9a   0x00000010   Code   RO         1319    .text               c_p.l(exit.o)
    0x00000faa   0x00000faa   0x0000002e   Code   RO         1331    .text               fz_ps.l(cmpret.o)
    0x00000fd8   0x00000fd8   0x00000010   Code   RO         1333    .text               fz_ps.l(fnan2.o)
    0x00000fe8   0x00000fe8   0x0000005e   Code   RO         1391    .text               fz_ps.l(retnan.o)
    0x00001046   0x00001046   0x00000002   PAD
    0x00001048   0x00001048   0x0000000c   Code   RO         1393    .text               c_p.l(sys_exit.o)
    0x00001054   0x00001054   0x00000002   Code   RO         1416    .text               c_p.l(use_no_semi.o)
    0x00001056   0x00001056   0x00000000   Code   RO         1418    .text               c_p.l(indicate_semi.o)
    0x00001056   0x00001056   0x0000000a   Code   RO           51    .text.DL_Common_delayCycles  dl_common.o
    0x00001060   0x00001060   0x000000c0   Code   RO          587    .text.DL_Timer_initPWMMode  dl_timer.o
    0x00001120   0x00001120   0x000000e8   Code   RO          569    .text.DL_Timer_initTimerMode  dl_timer.o
    0x00001208   0x00001208   0x0000001c   Code   RO          617    .text.DL_Timer_setCaptCompUpdateMethod  dl_timer.o
    0x00001224   0x00001224   0x00000018   Code   RO          591    .text.DL_Timer_setCaptureCompareOutCtl  dl_timer.o
    0x0000123c   0x0000123c   0x00000010   Code   RO          571    .text.DL_Timer_setCaptureCompareValue  dl_timer.o
    0x0000124c   0x0000124c   0x0000001c   Code   RO          565    .text.DL_Timer_setClockConfig  dl_timer.o
    0x00001268   0x00001268   0x00000048   Code   RO          676    .text.DL_UART_init  dl_uart.o
    0x000012b0   0x000012b0   0x00000012   Code   RO          678    .text.DL_UART_setClockConfig  dl_uart.o
    0x000012c2   0x000012c2   0x00000002   PAD
    0x000012c4   0x000012c4   0x00000144   Code   RO          813    .text.Draw_Logo     drv_oled.o
    0x00001408   0x00001408   0x000000ac   Code   RO         1057    .text.GROUP1_IRQHandler  encoder.o
    0x000014b4   0x000014b4   0x0000004c   Code   RO         1044    .text.HUIDU         huidu.o
    0x00001500   0x00001500   0x00000164   Code   RO         1078    .text.HUIDULeft     pid.o
    0x00001664   0x00001664   0x00000178   Code   RO         1076    .text.HUIDURight    pid.o
    0x000017dc   0x000017dc   0x00000060   Code   RO          807    .text.LCD_P6x8Char  drv_oled.o
    0x0000183c   0x0000183c   0x0000008c   Code   RO          805    .text.LCD_P6x8Str   drv_oled.o
    0x000018c8   0x000018c8   0x00000240   Code   RO         1074    .text.Motor         pid.o
    0x00001b08   0x00001b08   0x00000116   Code   RO          801    .text.OLED_Fill     drv_oled.o
    0x00001c1e   0x00001c1e   0x00000002   PAD
    0x00001c20   0x00001c20   0x00000198   Code   RO          797    .text.OLED_WrCmd    drv_oled.o
    0x00001db8   0x00001db8   0x000001a0   Code   RO          795    .text.OLED_WrDat    drv_oled.o
    0x00001f58   0x00001f58   0x000000bc   Code   RO         1005    .text.SYSCFG_DL_GPIO_init  ti_msp_dl_config.o
    0x00002014   0x00002014   0x0000008c   Code   RO         1009    .text.SYSCFG_DL_Motor_init  ti_msp_dl_config.o
    0x000020a0   0x000020a0   0x0000002c   Code   RO         1007    .text.SYSCFG_DL_SYSCTL_init  ti_msp_dl_config.o
    0x000020cc   0x000020cc   0x00000038   Code   RO         1011    .text.SYSCFG_DL_TIMER_0_init  ti_msp_dl_config.o
    0x00002104   0x00002104   0x00000070   Code   RO         1013    .text.SYSCFG_DL_UART_3_init  ti_msp_dl_config.o
    0x00002174   0x00002174   0x00000034   Code   RO         1001    .text.SYSCFG_DL_init  ti_msp_dl_config.o
    0x000021a8   0x000021a8   0x00000048   Code   RO         1003    .text.SYSCFG_DL_initPower  ti_msp_dl_config.o
    0x000021f0   0x000021f0   0x00000030   Code   RO         1131    .text.Set_Duty      motor.o
    0x00002220   0x00002220   0x00000018   Code   RO         1120    .text.TIMG6_IRQHandler  timer.o
    0x00002238   0x00002238   0x00000014   Code   RO          981    .text.UART3_IRQHandler  usart3.o
    0x0000224c   0x0000224c   0x000000b4   Code   RO         1070    .text.Yaw_error2    pid.o
    0x00002300   0x00002300   0x000000e0   Code   RO          775    .text.bsp_analog_i2c_init  drv_oled.o
    0x000023e0   0x000023e0   0x000001ec   Code   RO          791    .text.bsp_analog_i2c_send_byte  drv_oled.o
    0x000025cc   0x000025cc   0x00000028   Code   RO         1192    .text.buzzer_light_up_and_down  board.o
    0x000025f4   0x000025f4   0x00000048   Code   RO         1164    .text.check_buttons  key.o
    0x0000263c   0x0000263c   0x00000050   Code   RO         1176    .text.delay_ms      delay.o
    0x0000268c   0x0000268c   0x00000008   Code   RO          817    .text.display_6_8_number  drv_oled.o
    0x00002694   0x00002694   0x0000001c   Code   RO          979    .text.jy61p_Init    usart3.o
    0x000026b0   0x000026b0   0x00000100   Code   RO          964    .text.jy61p_ReceiveData  jy61p.o
    0x000027b0   0x000027b0   0x0000009c   Code   RO         1072    .text.jy62          pid.o
    0x0000284c   0x0000284c   0x000000e8   Code   RO          991    .text.main          main.o
    0x00002934   0x00002934   0x00000168   Code   RO         1140    .text.mode1         mode.o
    0x00002a9c   0x00002a9c   0x000003dc   Code   RO         1142    .text.mode2         mode.o
    0x00002e78   0x00002e78   0x000006e8   Code   RO         1144    .text.mode4         mode.o
    0x00003560   0x00003560   0x00000038   Code   RO          815    .text.oled_init     drv_oled.o
    0x00003598   0x00003598   0x0000013c   Code   RO          846    .text.ssd1306_begin  ssd1306.o
    0x000036d4   0x000036d4   0x00000038   Code   RO         1046    .text.white         huidu.o
    0x0000370c   0x0000370c   0x000002e4   Code   RO          809    .text.write_6_8_number  drv_oled.o
    0x000039f0   0x000039f0   0x000001f6   Code   RO         1205    .text_divfast       c_p.l(aeabi_sdivfast.o)
    0x00003be6   0x00003be6   0x00000010   Code   RO         1273    i.__mathlib_dbl_invalid  m_ps.l(dunder.o)
    0x00003bf6   0x00003bf6   0x00000016   Code   RO         1230    i._feq              fz_ps.l(fcmp.o)
    0x00003c0c   0x00003c0c   0x00000016   Code   RO         1231    i._fgeq             fz_ps.l(fcmp.o)
    0x00003c22   0x00003c22   0x00000016   Code   RO         1232    i._fgr              fz_ps.l(fcmp.o)
    0x00003c38   0x00003c38   0x0000001a   Code   RO         1233    i._fleq             fz_ps.l(fcmp.o)
    0x00003c52   0x00003c52   0x00000016   Code   RO         1234    i._fls              fz_ps.l(fcmp.o)
    0x00003c68   0x00003c68   0x00000094   Code   RO         1251    i.fmod              m_ps.l(fmod.o)
    0x00003cfc   0x00003cfc   0x0000008c   Code   RO         1224    x$fpl$fadd          fz_ps.l(faddsub.o)
    0x00003d88   0x00003d88   0x00000054   Code   RO         1263    x$fpl$feqf          fz_ps.l(feqf.o)
    0x00003ddc   0x00003ddc   0x00000054   Code   RO         1265    x$fpl$fgeqf         fz_ps.l(fgef.o)
    0x00003e30   0x00003e30   0x00000054   Code   RO         1267    x$fpl$fleqf         fz_ps.l(flef.o)
    0x00003e84   0x00003e84   0x000000b0   Code   RO         1248    x$fpl$fmul          fz_ps.l(fmul.o)
    0x00003f34   0x00003f34   0x000000d0   Code   RO         1226    x$fpl$fsub          fz_ps.l(faddsub.o)
    0x00004004   0x00004004   0x00000000   Code   RO         1269    x$fpl$usenofp       fz_ps.l(usenofp.o)
    0x00004004   0x00004004   0x00000080   Data   RO         1307    .constdata          fz_ps.l(ddiv.o)
    0x00004084   0x00004084   0x00000228   Data   RO          827    .rodata.F6x8        drv_oled.o
    0x000042ac   0x000042ac   0x00000400   Data   RO          828    .rodata.NC_Logo     drv_oled.o
    0x000046ac   0x000046ac   0x00000003   Data   RO         1021    .rodata.gMotorClockConfig  ti_msp_dl_config.o
    0x000046af   0x000046af   0x00000001   PAD
    0x000046b0   0x000046b0   0x00000008   Data   RO         1022    .rodata.gMotorConfig  ti_msp_dl_config.o
    0x000046b8   0x000046b8   0x00000003   Data   RO         1023    .rodata.gTIMER_0ClockConfig  ti_msp_dl_config.o
    0x000046bb   0x000046bb   0x00000001   PAD
    0x000046bc   0x000046bc   0x00000014   Data   RO         1024    .rodata.gTIMER_0TimerConfig  ti_msp_dl_config.o
    0x000046d0   0x000046d0   0x00000002   Data   RO         1025    .rodata.gUART_3ClockConfig  ti_msp_dl_config.o
    0x000046d2   0x000046d2   0x0000000a   Data   RO         1026    .rodata.gUART_3Config  ti_msp_dl_config.o
    0x000046dc   0x000046dc   0x00000004   PAD
    0x000046e0   0x000046e0   0x00000020   Data   RO         1471    Region$$Table       anon$$obj.o


    Execution Region RW_IRAM2 (Exec base: 0x20200000, Load base: 0x00004700, Size: 0x00000328, Max: 0x00008000, ABSOLUTE)

    Exec Addr    Load Addr    Size         Type   Attr      Idx    E Section Name        Object

    0x20200000   0x00004700   0x00000004   Data   RW         1166    .data.KeyNum        key.o
    0x20200004   0x00004704   0x00000004   Data   RW         1167    .data.KeyNum2       key.o
    0x20200008   0x00004708   0x00000004   Data   RW         1086    .data.Out           pid.o
    0x2020000c   0x0000470c   0x00000004   Data   RW         1087    .data.Out1          pid.o
    0x20200010   0x00004710   0x00000004   Data   RW         1146    .data.Setcontrol    mode.o
    0x20200014   0x00004714   0x00000004   Data   RW         1147    .data.mode_times    mode.o
    0x20200018   0x00004718   0x00000004   Data   RW         1148    .data.mode_times_set  mode.o
    0x2020001c   0x0000471c   0x00000020   Data   RW         1048    .data.sensorPins    huidu.o
    0x2020003c   0x0000473c   0x00000004   PAD
    0x20200040        -       0x00000060   Zero   RW         1314    .bss                c_p.l(libspace.o)
    0x202000a0        -       0x00000004   Zero   RW         1096    .bss.Actual         pid.o
    0x202000a4        -       0x00000004   Zero   RW         1098    .bss.Actual1        pid.o
    0x202000a8        -       0x00000004   Zero   RW         1088    .bss.Actual_jy62    pid.o
    0x202000ac        -       0x00000004   Zero   RW         1080    .bss.Error0         pid.o
    0x202000b0        -       0x00000004   Zero   RW         1090    .bss.Error0_jy62    pid.o
    0x202000b4        -       0x00000004   Zero   RW         1081    .bss.Error1         pid.o
    0x202000b8        -       0x00000004   Zero   RW         1091    .bss.Error1_jy62    pid.o
    0x202000bc        -       0x00000004   Zero   RW         1082    .bss.Error2         pid.o
    0x202000c0        -       0x00000004   Zero   RW         1083    .bss.Error3         pid.o
    0x202000c4        -       0x00000004   Zero   RW         1084    .bss.ErrorInt       pid.o
    0x202000c8        -       0x00000004   Zero   RW         1085    .bss.ErrorInt1      pid.o
    0x202000cc        -       0x00000001   Zero   RW          942    .bss.HEIGHT         ssd1306.o
    0x202000cd   0x0000473c   0x00000003   PAD
    0x202000d0        -       0x00000004   Zero   RW         1095    .bss.Kd             pid.o
    0x202000d4        -       0x00000004   Zero   RW         1094    .bss.Ki             pid.o
    0x202000d8        -       0x00000004   Zero   RW         1093    .bss.Kp             pid.o
    0x202000dc        -       0x00000004   Zero   RW         1092    .bss.Out_jy62       pid.o
    0x202000e0        -       0x00000004   Zero   RW          970    .bss.Pitch          jy61p.o
    0x202000e4        -       0x00000004   Zero   RW         1150    .bss.Record_Count   mode.o
    0x202000e8        -       0x00000004   Zero   RW          969    .bss.Roll           jy61p.o
    0x202000ec        -       0x0000000b   Zero   RW          967    .bss.RxBuffer       jy61p.o
    0x202000f7        -       0x00000001   Zero   RW          968    .bss.RxIndex        jy61p.o
    0x202000f8        -       0x00000001   Zero   RW          966    .bss.RxState        jy61p.o
    0x202000f9   0x0000473c   0x00000003   PAD
    0x202000fc        -       0x00000004   Zero   RW         1100    .bss.Speed_Out      pid.o
    0x20200100        -       0x00000004   Zero   RW         1101    .bss.Speed_Out1     pid.o
    0x20200104        -       0x00000004   Zero   RW         1151    .bss.Speed_jy62_L   mode.o
    0x20200108        -       0x00000004   Zero   RW         1152    .bss.Speed_jy62_R   mode.o
    0x2020010c        -       0x00000004   Zero   RW         1097    .bss.Target         pid.o
    0x20200110        -       0x00000004   Zero   RW         1099    .bss.Target1        pid.o
    0x20200114        -       0x00000004   Zero   RW         1089    .bss.Target_jy62    pid.o
    0x20200118        -       0x00000001   Zero   RW          941    .bss.WIDTH          ssd1306.o
    0x20200119   0x0000473c   0x00000003   PAD
    0x2020011c        -       0x00000004   Zero   RW         1155    .bss.Write          mode.o
    0x20200120        -       0x00000004   Zero   RW          971    .bss.Yaw            jy61p.o
    0x20200124        -       0x00000001   Zero   RW          950    .bss._cp437         ssd1306.o
    0x20200125   0x0000473c   0x00000001   PAD
    0x20200126        -       0x00000002   Zero   RW          939    .bss._height        ssd1306.o
    0x20200128        -       0x00000001   Zero   RW          943    .bss._vccstate      ssd1306.o
    0x20200129   0x0000473c   0x00000001   PAD
    0x2020012a        -       0x00000002   Zero   RW          938    .bss._width         ssd1306.o
    0x2020012c        -       0x00000004   Zero   RW         1156    .bss.basespeed      mode.o
    0x20200130        -       0x00000004   Zero   RW         1109    .bss.correction     pid.o
    0x20200134        -       0x00000004   Zero   RW         1105    .bss.correction_2   pid.o
    0x20200138        -       0x00000002   Zero   RW          944    .bss.cursor_x       ssd1306.o
    0x2020013a        -       0x00000002   Zero   RW          945    .bss.cursor_y       ssd1306.o
    0x2020013c        -       0x00000004   Zero   RW         1108    .bss.derivative1    pid.o
    0x20200140        -       0x00000004   Zero   RW         1104    .bss.derivative1_2  pid.o
    0x20200144        -       0x00000004   Zero   RW         1106    .bss.error1         pid.o
    0x20200148        -       0x00000004   Zero   RW         1102    .bss.error1_2       pid.o
    0x2020014c        -       0x00000004   Zero   RW         1060    .bss.gEncoderCount  encoder.o
    0x20200150        -       0x00000004   Zero   RW         1062    .bss.gEncoderCount1  encoder.o
    0x20200154        -       0x00000004   Zero   RW         1061    .bss.gEncodersum    encoder.o
    0x20200158        -       0x00000004   Zero   RW         1063    .bss.gEncodersum1   encoder.o
    0x2020015c        -       0x00000078   Zero   RW         1019    .bss.gTIMER_0Backup  ti_msp_dl_config.o
    0x202001d4        -       0x00000030   Zero   RW         1020    .bss.gUART_3Backup  ti_msp_dl_config.o
    0x20200204        -       0x00000004   Zero   RW         1059    .bss.gpio_interrup  encoder.o
    0x20200208        -       0x00000004   Zero   RW         1107    .bss.lastError      pid.o
    0x2020020c        -       0x00000004   Zero   RW         1103    .bss.lastError_2    pid.o
    0x20200210        -       0x00000004   Zero   RW         1153    .bss.leftSpeed      mode.o
    0x20200214        -       0x00000004   Zero   RW         1154    .bss.rightSpeed     mode.o
    0x20200218        -       0x00000001   Zero   RW          940    .bss.rotation       ssd1306.o
    0x20200219   0x0000473c   0x00000001   PAD
    0x2020021a        -       0x00000002   Zero   RW          947    .bss.textbgcolor    ssd1306.o
    0x2020021c        -       0x00000002   Zero   RW          948    .bss.textcolor      ssd1306.o
    0x2020021e        -       0x00000001   Zero   RW          946    .bss.textsize       ssd1306.o
    0x2020021f   0x0000473c   0x00000001   PAD
    0x20200220        -       0x00000004   Zero   RW         1149    .bss.voice          mode.o
    0x20200224        -       0x00000001   Zero   RW          949    .bss.wrap           ssd1306.o
    0x20200225   0x0000473c   0x00000003   PAD
    0x20200228        -       0x00000000   Zero   RW         1035    HEAP                startup_mspm0g350x_uvision.o
    0x20200228        -       0x00000100   Zero   RW         1034    STACK               startup_mspm0g350x_uvision.o



  Load Region LR_BCR (Base: 0x41c00000, Size: 0x00000000, Max: 0x00000100, ABSOLUTE)

    Execution Region BCR_CONFIG (Exec base: 0x41c00000, Load base: 0x41c00000, Size: 0x00000000, Max: 0x00000080, ABSOLUTE)

    **** No section assigned to this execution region ****



  Load Region LR_BSL (Base: 0x41c00100, Size: 0x00000000, Max: 0x00000100, ABSOLUTE)

    Execution Region BSL_CONFIG (Exec base: 0x41c00100, Load base: 0x41c00100, Size: 0x00000000, Max: 0x00000080, ABSOLUTE)

    **** No section assigned to this execution region ****


==============================================================================

Image component sizes


      Code (inc. data)   RO Data    RW Data    ZI Data      Debug   Object Name

        40          8          0          0          0       4147   board.o
        80          4          0          0          0       1372   delay.o
        10          0          0          0          0        722   dl_common.o
       520        188          0          0          0      36438   dl_timer.o
        90          8          0          0          0      14653   dl_uart.o
      3182        108       1576          0          0      29047   drv_oled.o
       172         32          0          0         20       4220   encoder.o
       132          8          0         32          0       4462   huidu.o
       256         28          0          0         25       1474   jy61p.o
        72          4          0          8          0       3763   key.o
       232         40          0          0          0       7428   main.o
      3116        448          0         12         32       3084   mode.o
        48         12          0          0          0       3524   motor.o
      1644        240          0          8        112       6132   pid.o
       316         52          0          0         19      33342   ssd1306.o
        44         18        192          0        256        784   startup_mspm0g350x_uvision.o
       664        160         46          0        168      29751   ti_msp_dl_config.o
        24          4          0          0          0       3951   timer.o
        48         12          0          0          0       4409   usart3.o

    ----------------------------------------------------------------------
     10694       1374       1852         60        652     192703   Object Totals
         0          0         32          0          0          0   (incl. Generated)
         4          0          6          0         20          0   (incl. Padding)

    ----------------------------------------------------------------------

      Code (inc. data)   RO Data    RW Data    ZI Data      Debug   Library Member Name

         8          0          0          0          0         68   __main.o
         0          0          0          0          0          0   __rtentry.o
        12          0          0          0          0          0   __rtentry2.o
         6          0          0          0          0          0   __rtentry4.o
        86         10          0          0          0          0   __scatter.o
        26          0          0          0          0          0   __scatter_copy.o
        28          0          0          0          0          0   __scatter_zi.o
        22          0          0          0          0         92   _rserrno.o
       502          0          0          0          0         92   aeabi_sdivfast.o
        16          0          0          0          0         68   exit.o
         6          0          0          0          0        136   heapauxi.o
         0          0          0          0          0          0   indicate_semi.o
         2          0          0          0          0          0   libinit.o
         2          0          0          0          0          0   libinit2.o
         2          0          0          0          0          0   libshutdown.o
         2          0          0          0          0          0   libshutdown2.o
         8          4          0          0         96         68   libspace.o
         8          4          0          0          0         68   rt_errno_addr_intlibspace.o
         2          0          0          0          0          0   rtexit.o
        10          0          0          0          0          0   rtexit2.o
        12          4          0          0          0         60   sys_exit.o
        62          0          0          0          0         80   sys_stackheap_outer.o
         2          0          0          0          0         68   use_no_semi.o
        46          0          0          0          0         60   cmpret.o
       124          4          0          0          0         72   d2f.o
       856         20          0          0          0        208   daddsub.o
      1096         26        128          0          0        112   ddiv.o
       584         26          0          0          0         84   dmul.o
       384         16          0          0          0         76   drem.o
        84          4          0          0          0         60   f2d.o
       348          8          0          0          0        160   faddsub.o
       114          0          0          0          0        340   fcmp.o
       100          4          0          0          0         68   fcmpin.o
        84          4          0          0          0         76   feqf.o
        76          0          0          0          0         68   ffixi.o
        48          0          0          0          0         60   ffixui.o
        94          0          0          0          0         92   fflti.o
        84          4          0          0          0         76   fgef.o
        84          4          0          0          0         76   flef.o
       176          4          0          0          0         80   fmul.o
        16          6          0          0          0         68   fnan2.o
        94          0          0          0          0         68   retnan.o
         0          0          0          0          0          0   usenofp.o
        16          0          0          0          0         68   dunder.o
       148          4          0          0          0         72   fmod.o

    ----------------------------------------------------------------------
      5502        160        128          0         96       2844   Library Totals
        22          4          0          0          0          0   (incl. Padding)

    ----------------------------------------------------------------------

      Code (inc. data)   RO Data    RW Data    ZI Data      Debug   Library Name

       824         22          0          0         96        800   c_p.l
      4492        130        128          0          0       1904   fz_ps.l
       164          4          0          0          0        140   m_ps.l

    ----------------------------------------------------------------------
      5502        160        128          0         96       2844   Library Totals

    ----------------------------------------------------------------------

==============================================================================


      Code (inc. data)   RO Data    RW Data    ZI Data      Debug   

     16196       1534       1980         60        748     193843   Grand Totals
     16196       1534       1980         60        748     193843   ELF Image Totals
     16196       1534       1980         60          0          0   ROM Totals

==============================================================================

    Total RO  Size (Code + RO Data)                18176 (  17.75kB)
    Total RW  Size (RW Data + ZI Data)               808 (   0.79kB)
    Total ROM Size (Code + RO Data + RW Data)      18236 (  17.81kB)

==============================================================================

