Component: Arm Compiler for Embedded 6.21 Tool: armlink [5ec1fa00]

==============================================================================

Section Cross References

    dl_adc12.o(.ARM.exidx.text.DL_ADC12_setClockConfig) refers to dl_adc12.o(.text.DL_ADC12_setClockConfig) for [Anonymous Symbol]
    dl_adc12.o(.ARM.exidx.text.DL_ADC12_getClockConfig) refers to dl_adc12.o(.text.DL_ADC12_getClockConfig) for [Anonymous Symbol]
    dl_aes.o(.ARM.exidx.text.DL_AES_setKey) refers to dl_aes.o(.text.DL_AES_setKey) for [Anonymous Symbol]
    dl_aes.o(.ARM.exidx.text.DL_AES_setKeyAligned) refers to dl_aes.o(.text.DL_AES_setKeyAligned) for [Anonymous Symbol]
    dl_aes.o(.ARM.exidx.text.DL_AES_loadDataIn) refers to dl_aes.o(.text.DL_AES_loadDataIn) for [Anonymous Symbol]
    dl_aes.o(.ARM.exidx.text.DL_AES_loadDataInAligned) refers to dl_aes.o(.text.DL_AES_loadDataInAligned) for [Anonymous Symbol]
    dl_aes.o(.ARM.exidx.text.DL_AES_getDataOut) refers to dl_aes.o(.text.DL_AES_getDataOut) for [Anonymous Symbol]
    dl_aes.o(.ARM.exidx.text.DL_AES_getDataOutAligned) refers to dl_aes.o(.text.DL_AES_getDataOutAligned) for [Anonymous Symbol]
    dl_aes.o(.ARM.exidx.text.DL_AES_loadXORDataIn) refers to dl_aes.o(.text.DL_AES_loadXORDataIn) for [Anonymous Symbol]
    dl_aes.o(.ARM.exidx.text.DL_AES_loadXORDataInAligned) refers to dl_aes.o(.text.DL_AES_loadXORDataInAligned) for [Anonymous Symbol]
    dl_aes.o(.ARM.exidx.text.DL_AES_loadXORDataInWithoutTrigger) refers to dl_aes.o(.text.DL_AES_loadXORDataInWithoutTrigger) for [Anonymous Symbol]
    dl_aes.o(.ARM.exidx.text.DL_AES_loadXORDataInWithoutTriggerAligned) refers to dl_aes.o(.text.DL_AES_loadXORDataInWithoutTriggerAligned) for [Anonymous Symbol]
    dl_aes.o(.ARM.exidx.text.DL_AES_xorData) refers to dl_aes.o(.text.DL_AES_xorData) for [Anonymous Symbol]
    dl_aes.o(.ARM.exidx.text.DL_AES_xorDataAligned) refers to dl_aes.o(.text.DL_AES_xorDataAligned) for [Anonymous Symbol]
    dl_aes.o(.ARM.exidx.text.DL_AES_saveConfiguration) refers to dl_aes.o(.text.DL_AES_saveConfiguration) for [Anonymous Symbol]
    dl_aes.o(.ARM.exidx.text.DL_AES_restoreConfiguration) refers to dl_aes.o(.text.DL_AES_restoreConfiguration) for [Anonymous Symbol]
    dl_common.o(.ARM.exidx.text.DL_Common_delayCycles) refers to dl_common.o(.text.DL_Common_delayCycles) for [Anonymous Symbol]
    dl_crc.o(.ARM.exidx.text.DL_CRC_calculateBlock32) refers to dl_crc.o(.text.DL_CRC_calculateBlock32) for [Anonymous Symbol]
    dl_crc.o(.ARM.exidx.text.DL_CRC_calculateMemoryRange32) refers to dl_crc.o(.text.DL_CRC_calculateMemoryRange32) for [Anonymous Symbol]
    dl_crc.o(.ARM.exidx.text.DL_CRC_calculateBlock16) refers to dl_crc.o(.text.DL_CRC_calculateBlock16) for [Anonymous Symbol]
    dl_crc.o(.ARM.exidx.text.DL_CRC_calculateMemoryRange16) refers to dl_crc.o(.text.DL_CRC_calculateMemoryRange16) for [Anonymous Symbol]
    dl_dac12.o(.ARM.exidx.text.DL_DAC12_init) refers to dl_dac12.o(.text.DL_DAC12_init) for [Anonymous Symbol]
    dl_dac12.o(.ARM.exidx.text.DL_DAC12_outputBlocking8) refers to dl_dac12.o(.text.DL_DAC12_outputBlocking8) for [Anonymous Symbol]
    dl_dac12.o(.ARM.exidx.text.DL_DAC12_outputBlocking12) refers to dl_dac12.o(.text.DL_DAC12_outputBlocking12) for [Anonymous Symbol]
    dl_dac12.o(.ARM.exidx.text.DL_DAC12_fillFIFO8) refers to dl_dac12.o(.text.DL_DAC12_fillFIFO8) for [Anonymous Symbol]
    dl_dac12.o(.ARM.exidx.text.DL_DAC12_fillFIFO12) refers to dl_dac12.o(.text.DL_DAC12_fillFIFO12) for [Anonymous Symbol]
    dl_dac12.o(.ARM.exidx.text.DL_DAC12_performSelfCalibrationBlocking) refers to dl_dac12.o(.text.DL_DAC12_performSelfCalibrationBlocking) for [Anonymous Symbol]
    dl_dma.o(.ARM.exidx.text.DL_DMA_initChannel) refers to dl_dma.o(.text.DL_DMA_initChannel) for [Anonymous Symbol]
    dl_flashctl.o(.ARM.exidx.text.DL_FlashCTL_eraseMemory) refers to dl_flashctl.o(.text.DL_FlashCTL_eraseMemory) for [Anonymous Symbol]
    dl_flashctl.o(.text.DL_FlashCTL_eraseMemoryFromRAM) refers to dl_flashctl.o(.ramfunc) for DL_FlashCTL_executeCommandFromRAM
    dl_flashctl.o(.ARM.exidx.text.DL_FlashCTL_eraseMemoryFromRAM) refers to dl_flashctl.o(.text.DL_FlashCTL_eraseMemoryFromRAM) for [Anonymous Symbol]
    dl_flashctl.o(.ARM.exidx.ramfunc) refers to dl_flashctl.o(.ramfunc) for [Anonymous Symbol]
    dl_flashctl.o(.text.DL_FlashCTL_massErase) refers to dl_flashctl.o(.text.DL_FlashCTL_unprotectSector) for DL_FlashCTL_unprotectSector
    dl_flashctl.o(.ARM.exidx.text.DL_FlashCTL_massErase) refers to dl_flashctl.o(.text.DL_FlashCTL_massErase) for [Anonymous Symbol]
    dl_flashctl.o(.ARM.exidx.text.DL_FlashCTL_unprotectMainMemory) refers to dl_flashctl.o(.text.DL_FlashCTL_unprotectMainMemory) for [Anonymous Symbol]
    dl_flashctl.o(.ARM.exidx.text.DL_FlashCTL_protectNonMainMemory) refers to dl_flashctl.o(.text.DL_FlashCTL_protectNonMainMemory) for [Anonymous Symbol]
[...]
    __arm_cp.0_15                            0x000009a4   Number         4  mpucal.o(.text.Actual_Yaw_cal)
    [Anonymous Symbol]                       0x000009a8   Section        0  dl_common.o(.text.DL_Common_delayCycles)
    [Anonymous Symbol]                       0x000009b4   Section        0  dl_sysctl_mspm0g1x0x_g3x0x.o(.text.DL_SYSCTL_configSYSPLL)
    __arm_cp.0_0                             0x00000a90   Number         4  dl_sysctl_mspm0g1x0x_g3x0x.o(.text.DL_SYSCTL_configSYSPLL)
    __arm_cp.0_2                             0x00000a94   Number         4  dl_sysctl_mspm0g1x0x_g3x0x.o(.text.DL_SYSCTL_configSYSPLL)
    __arm_cp.0_3                             0x00000a98   Number         4  dl_sysctl_mspm0g1x0x_g3x0x.o(.text.DL_SYSCTL_configSYSPLL)
    __arm_cp.0_4                             0x00000a9c   Number         4  dl_sysctl_mspm0g1x0x_g3x0x.o(.text.DL_SYSCTL_configSYSPLL)
    [Anonymous Symbol]                       0x00000aa0   Section        0  dl_sysctl_mspm0g1x0x_g3x0x.o(.text.DL_SYSCTL_switchMCLKfromSYSOSCtoHSCLK)
    __arm_cp.4_0                             0x00000ae8   Number         4  dl_sysctl_mspm0g1x0x_g3x0x.o(.text.DL_SYSCTL_switchMCLKfromSYSOSCtoHSCLK)
    __arm_cp.4_1                             0x00000aec   Number         4  dl_sysctl_mspm0g1x0x_g3x0x.o(.text.DL_SYSCTL_switchMCLKfromSYSOSCtoHSCLK)
    [Anonymous Symbol]                       0x00000af0   Section        0  dl_timer.o(.text.DL_TimerA_initPWMMode)
    __arm_cp.39_0                            0x00000b5c   Number         4  dl_timer.o(.text.DL_TimerA_initPWMMode)
    [Anonymous Symbol]                       0x00000b60   Section        0  dl_timer.o(.text.DL_Timer_initPWMMode)
    __arm_cp.11_1                            0x00000c0c   Number         4  dl_timer.o(.text.DL_Timer_initPWMMode)
    __arm_cp.11_2                            0x00000c10   Number         4  dl_timer.o(.text.DL_Timer_initPWMMode)
    __arm_cp.11_3                            0x00000c14   Number         4  dl_timer.o(.text.DL_Timer_initPWMMode)
    __arm_cp.11_4                            0x00000c18   Number         4  dl_timer.o(.text.DL_Timer_initPWMMode)
    __arm_cp.11_6                            0x00000c1c   Number         4  dl_timer.o(.text.DL_Timer_initPWMMode)
    [Anonymous Symbol]                       0x00000c20   Section        0  dl_timer.o(.text.DL_Timer_initTimerMode)
    __arm_cp.2_0                             0x00000cfc   Number         4  dl_timer.o(.text.DL_Timer_initTimerMode)
    __arm_cp.2_1                             0x00000d00   Number         4  dl_timer.o(.text.DL_Timer_initTimerMode)
    __arm_cp.2_2                             0x00000d04   Number         4  dl_timer.o(.text.DL_Timer_initTimerMode)
    [Anonymous Symbol]                       0x00000d08   Section        0  dl_timer.o(.text.DL_Timer_setCaptCompUpdateMethod)
    __arm_cp.26_0                            0x00000d20   Number         4  dl_timer.o(.text.DL_Timer_setCaptCompUpdateMethod)
    [Anonymous Symbol]                       0x00000d24   Section        0  dl_timer.o(.text.DL_Timer_setCaptureCompareOutCtl)
    __arm_cp.13_0                            0x00000d38   Number         4  dl_timer.o(.text.DL_Timer_setCaptureCompareOutCtl)
    [Anonymous Symbol]                       0x00000d3c   Section        0  dl_timer.o(.text.DL_Timer_setCaptureCompareValue)
    __arm_cp.3_0                             0x00000d48   Number         4  dl_timer.o(.text.DL_Timer_setCaptureCompareValue)
    [Anonymous Symbol]                       0x00000d4c   Section        0  dl_timer.o(.text.DL_Timer_setClockConfig)
    __arm_cp.0_0                             0x00000d64   Number         4  dl_timer.o(.text.DL_Timer_setClockConfig)
    [Anonymous Symbol]                       0x00000d68   Section        0  dl_uart.o(.text.DL_UART_init)
    __arm_cp.0_0                             0x00000da8   Number         4  dl_uart.o(.text.DL_UART_init)
    __arm_cp.0_1                             0x00000dac   Number         4  dl_uart.o(.text.DL_UART_init)
    [Anonymous Symbol]                       0x00000db0   Section        0  dl_uart.o(.text.DL_UART_setClockConfig)
    [Anonymous Symbol]                       0x00000dc4   Section        0  drv_oled.o(.text.Draw_Logo)
    __arm_cp.19_0                            0x00000efc   Number         4  drv_oled.o(.text.Draw_Logo)
    __arm_cp.19_1                            0x00000f00   Number         4  drv_oled.o(.text.Draw_Logo)
    __arm_cp.19_2                            0x00000f04   Number         4  drv_oled.o(.text.Draw_Logo)
    [Anonymous Symbol]                       0x00000f08   Section        0  encoder.o(.text.GROUP1_IRQHandler)
    [Anonymous Symbol]                       0x00000f0c   Section        0  huidu.o(.text.HUIDU)
    __arm_cp.0_0                             0x00000f64   Number         4  huidu.o(.text.HUIDU)
    [Anonymous Symbol]                       0x00000f68   Section        0  huidu.o(.text.HUIDU_Track)
    __arm_cp.5_0                             0x0000121c   Number         4  huidu.o(.text.HUIDU_Track)
    __arm_cp.5_1                             0x00001220   Number         4  huidu.o(.text.HUIDU_Track)
    __arm_cp.5_9                             0x00001224   Number         4  huidu.o(.text.HUIDU_Track)
    __arm_cp.5_10                            0x00001228   Number         4  huidu.o(.text.HUIDU_Track)
    __arm_cp.5_11                            0x0000122c   Number         4  huidu.o(.text.HUIDU_Track)
    __arm_cp.5_12                            0x00001230   Number         4  huidu.o(.text.HUIDU_Track)
    __arm_cp.5_13                            0x00001234   Number         4  huidu.o(.text.HUIDU_Track)
    __arm_cp.5_14                            0x00001238   Number         4  huidu.o(.text.HUIDU_Track)
    __arm_cp.5_18                            0x0000123c   Number         4  huidu.o(.text.HUIDU_Track)
    __arm_cp.5_19                            0x00001240   Number         4  huidu.o(.text.HUIDU_Track)
    __arm_cp.5_25                            0x00001244   Number         4  huidu.o(.text.HUIDU_Track)
    [Anonymous Symbol]                       0x00001248   Section        0  huidu.o(.text.HUIDU_Track_Reset)
    __arm_cp.1_0                             0x00001284   Number         4  huidu.o(.text.HUIDU_Track_Reset)
    __arm_cp.1_1                             0x00001288   Number         4  huidu.o(.text.HUIDU_Track_Reset)
    __arm_cp.1_2                             0x0000128c   Number         4  huidu.o(.text.HUIDU_Track_Reset)
    __arm_cp.1_3                             0x00001290   Number         4  huidu.o(.text.HUIDU_Track_Reset)
    __arm_cp.1_4                             0x00001294   Number         4  huidu.o(.text.HUIDU_Track_Reset)
    __arm_cp.1_5                             0x00001298   Number         4  huidu.o(.text.HUIDU_Track_Reset)
    __arm_cp.1_6                             0x0000129c   Number         4  huidu.o(.text.HUIDU_Track_Reset)
    __arm_cp.1_9                             0x000012a0   Number         4  huidu.o(.text.HUIDU_Track_Reset)
    __arm_cp.1_11                            0x000012a4   Number         4  huidu.o(.text.HUIDU_Track_Reset)
    [Anonymous Symbol]                       0x000012a8   Section        0  huidu.o(.text.HUIDU_Track_SetSpeed)
    __arm_cp.2_0                             0x000012d0   Number         4  huidu.o(.text.HUIDU_Track_SetSpeed)
    __arm_cp.2_1                             0x000012d4   Number         4  huidu.o(.text.HUIDU_Track_SetSpeed)
    __arm_cp.2_2                             0x000012d8   Number         4  huidu.o(.text.HUIDU_Track_SetSpeed)
    [Anonymous Symbol]                       0x000012dc   Section        0  huidu.o(.text.HUIDU_Track_Stop)
    __arm_cp.3_0                             0x00001308   Number         4  huidu.o(.text.HUIDU_Track_Stop)
    __arm_cp.3_1                             0x0000130c   Number         4  huidu.o(.text.HUIDU_Track_Stop)
    __arm_cp.3_2                             0x00001310   Number         4  huidu.o(.text.HUIDU_Track_Stop)
    __arm_cp.3_3                             0x00001314   Number         4  huidu.o(.text.HUIDU_Track_Stop)
    [Anonymous Symbol]                       0x00001318   Section        0  drv_oled.o(.text.LCD_P6x8Char)
    [Anonymous Symbol]                       0x00001378   Section        0  drv_oled.o(.text.LCD_P6x8Str)
    __arm_cp.15_0                            0x00001400   Number         4  drv_oled.o(.text.LCD_P6x8Str)
    [Anonymous Symbol]                       0x00001404   Section        0  drv_oled.o(.text.LCD_clear_L)
    [Anonymous Symbol]                       0x0000144c   Section        0  bsp_mpu6050.o(.text.MPU6050_GetData)
    [Anonymous Symbol]                       0x000014dc   Section        0  bsp_mpu6050.o(.text.MPU6050_Init)
    [Anonymous Symbol]                       0x00001518   Section        0  bsp_mpu6050.o(.text.MPU6050_ReadReg)
    __arm_cp.13_0                            0x0000176c   Number         4  bsp_mpu6050.o(.text.MPU6050_ReadReg)
    __arm_cp.13_1                            0x00001770   Number         4  bsp_mpu6050.o(.text.MPU6050_ReadReg)
    [Anonymous Symbol]                       0x00001774   Section        0  bsp_mpu6050.o(.text.MPU6050_WriteReg)
    __arm_cp.12_0                            0x00001964   Number         4  bsp_mpu6050.o(.text.MPU6050_WriteReg)
    __arm_cp.12_2                            0x00001968   Number         4  bsp_mpu6050.o(.text.MPU6050_WriteReg)
    __arm_cp.12_3                            0x0000196c   Number         4  bsp_mpu6050.o(.text.MPU6050_WriteReg)
    [Anonymous Symbol]                       0x00001970   Section        0  bsp_mpu6050.o(.text.MyI2C_ReceiveByte)
    __arm_cp.9_0                             0x00001ae0   Number         4  bsp_mpu6050.o(.text.MyI2C_ReceiveByte)
    __arm_cp.9_1                             0x00001ae4   Number         4  bsp_mpu6050.o(.text.MyI2C_ReceiveByte)
    __arm_cp.9_2                             0x00001ae8   Number         4  bsp_mpu6050.o(.text.MyI2C_ReceiveByte)
    __arm_cp.9_3                             0x00001aec   Number         4  bsp_mpu6050.o(.text.MyI2C_ReceiveByte)
    [Anonymous Symbol]                       0x00001af0   Section        0  drv_oled.o(.text.OLED_Fill)
    [Anonymous Symbol]                       0x00001c08   Section        0  drv_oled.o(.text.OLED_WrCmd)
    [Anonymous Symbol]                       0x00001d98   Section        0  drv_oled.o(.text.OLED_WrDat)
    __arm_cp.10_0                            0x00001f28   Number         4  drv_oled.o(.text.OLED_WrDat)
    __arm_cp.10_1                            0x00001f2c   Number         4  drv_oled.o(.text.OLED_WrDat)
    [Anonymous Symbol]                       0x00001f30   Section        0  ti_msp_dl_config.o(.text.SYSCFG_DL_GPIO_init)
    __arm_cp.2_0                             0x00001fdc   Number         4  ti_msp_dl_config.o(.text.SYSCFG_DL_GPIO_init)
    __arm_cp.2_1                             0x00001fe0   Number         4  ti_msp_dl_config.o(.text.SYSCFG_DL_GPIO_init)
    __arm_cp.2_2                             0x00001fe4   Number         4  ti_msp_dl_config.o(.text.SYSCFG_DL_GPIO_init)
    __arm_cp.2_3                             0x00001fe8   Number         4  ti_msp_dl_config.o(.text.SYSCFG_DL_GPIO_init)
    __arm_cp.2_4                             0x00001fec   Number         4  ti_msp_dl_config.o(.text.SYSCFG_DL_GPIO_init)
    __arm_cp.2_5                             0x00001ff0   Number         4  ti_msp_dl_config.o(.text.SYSCFG_DL_GPIO_init)
    __arm_cp.2_6                             0x00001ff4   Number         4  ti_msp_dl_config.o(.text.SYSCFG_DL_GPIO_init)
    __arm_cp.2_7                             0x00001ff8   Number         4  ti_msp_dl_config.o(.text.SYSCFG_DL_GPIO_init)
    __arm_cp.2_8                             0x00001ffc   Number         4  ti_msp_dl_config.o(.text.SYSCFG_DL_GPIO_init)
    __arm_cp.2_9                             0x00002000   Number         4  ti_msp_dl_config.o(.text.SYSCFG_DL_GPIO_init)
    [Anonymous Symbol]                       0x00002004   Section        0  ti_msp_dl_config.o(.text.SYSCFG_DL_Motor_init)
    __arm_cp.4_1                             0x0000207c   Number         4  ti_msp_dl_config.o(.text.SYSCFG_DL_Motor_init)
    __arm_cp.4_2                             0x00002080   Number         4  ti_msp_dl_config.o(.text.SYSCFG_DL_Motor_init)
    __arm_cp.4_3                             0x00002084   Number         4  ti_msp_dl_config.o(.text.SYSCFG_DL_Motor_init)
    __arm_cp.4_5                             0x00002088   Number         4  ti_msp_dl_config.o(.text.SYSCFG_DL_Motor_init)
    [Anonymous Symbol]                       0x0000208c   Section        0  ti_msp_dl_config.o(.text.SYSCFG_DL_SYSCTL_init)
    __arm_cp.3_0                             0x000020e0   Number         4  ti_msp_dl_config.o(.text.SYSCFG_DL_SYSCTL_init)
    __arm_cp.3_1                             0x000020e4   Number         4  ti_msp_dl_config.o(.text.SYSCFG_DL_SYSCTL_init)
    __arm_cp.3_2                             0x000020e8   Number         4  ti_msp_dl_config.o(.text.SYSCFG_DL_SYSCTL_init)
    __arm_cp.3_3                             0x000020ec   Number         4  ti_msp_dl_config.o(.text.SYSCFG_DL_SYSCTL_init)
    [Anonymous Symbol]                       0x000020f0   Section        0  ti_msp_dl_config.o(.text.SYSCFG_DL_Steer_init)
    __arm_cp.5_0                             0x00002168   Number         4  ti_msp_dl_config.o(.text.SYSCFG_DL_Steer_init)
    __arm_cp.5_1                             0x0000216c   Number         4  ti_msp_dl_config.o(.text.SYSCFG_DL_Steer_init)
    __arm_cp.5_2                             0x00002170   Number         4  ti_msp_dl_config.o(.text.SYSCFG_DL_Steer_init)
    __arm_cp.5_3                             0x00002174   Number         4  ti_msp_dl_config.o(.text.SYSCFG_DL_Steer_init)
    __arm_cp.5_4                             0x00002178   Number         4  ti_msp_dl_config.o(.text.SYSCFG_DL_Steer_init)
    __arm_cp.5_5                             0x0000217c   Number         4  ti_msp_dl_config.o(.text.SYSCFG_DL_Steer_init)
    __arm_cp.5_6                             0x00002180   Number         4  ti_msp_dl_config.o(.text.SYSCFG_DL_Steer_init)
    [Anonymous Symbol]                       0x00002184   Section        0  ti_msp_dl_config.o(.text.SYSCFG_DL_TIMER_0_init)
    __arm_cp.6_0                             0x000021a8   Number         4  ti_msp_dl_config.o(.text.SYSCFG_DL_TIMER_0_init)
    __arm_cp.6_1                             0x000021ac   Number         4  ti_msp_dl_config.o(.text.SYSCFG_DL_TIMER_0_init)
    __arm_cp.6_2                             0x000021b0   Number         4  ti_msp_dl_config.o(.text.SYSCFG_DL_TIMER_0_init)
    __arm_cp.6_3                             0x000021b4   Number         4  ti_msp_dl_config.o(.text.SYSCFG_DL_TIMER_0_init)
    __arm_cp.6_4                             0x000021b8   Number         4  ti_msp_dl_config.o(.text.SYSCFG_DL_TIMER_0_init)
    [Anonymous Symbol]                       0x000021bc   Section        0  ti_msp_dl_config.o(.text.SYSCFG_DL_UART_0_init)
    __arm_cp.8_0                             0x00002218   Number         4  ti_msp_dl_config.o(.text.SYSCFG_DL_UART_0_init)
    __arm_cp.8_1                             0x0000221c   Number         4  ti_msp_dl_config.o(.text.SYSCFG_DL_UART_0_init)
    __arm_cp.8_2                             0x00002220   Number         4  ti_msp_dl_config.o(.text.SYSCFG_DL_UART_0_init)
    __arm_cp.8_3                             0x00002224   Number         4  ti_msp_dl_config.o(.text.SYSCFG_DL_UART_0_init)
    __arm_cp.8_5                             0x00002228   Number         4  ti_msp_dl_config.o(.text.SYSCFG_DL_UART_0_init)
    [Anonymous Symbol]                       0x0000222c   Section        0  ti_msp_dl_config.o(.text.SYSCFG_DL_UART_1_init)
    __arm_cp.9_0                             0x00002284   Number         4  ti_msp_dl_config.o(.text.SYSCFG_DL_UART_1_init)
    __arm_cp.9_1                             0x00002288   Number         4  ti_msp_dl_config.o(.text.SYSCFG_DL_UART_1_init)
    __arm_cp.9_2                             0x0000228c   Number         4  ti_msp_dl_config.o(.text.SYSCFG_DL_UART_1_init)
    __arm_cp.9_3                             0x00002290   Number         4  ti_msp_dl_config.o(.text.SYSCFG_DL_UART_1_init)
    __arm_cp.9_5                             0x00002294   Number         4  ti_msp_dl_config.o(.text.SYSCFG_DL_UART_1_init)
    [Anonymous Symbol]                       0x00002298   Section        0  ti_msp_dl_config.o(.text.SYSCFG_DL_UART_3_init)
    __arm_cp.7_0                             0x000022f0   Number         4  ti_msp_dl_config.o(.text.SYSCFG_DL_UART_3_init)
    __arm_cp.7_1                             0x000022f4   Number         4  ti_msp_dl_config.o(.text.SYSCFG_DL_UART_3_init)
    __arm_cp.7_2                             0x000022f8   Number         4  ti_msp_dl_config.o(.text.SYSCFG_DL_UART_3_init)
    __arm_cp.7_3                             0x000022fc   Number         4  ti_msp_dl_config.o(.text.SYSCFG_DL_UART_3_init)
    __arm_cp.7_4                             0x00002300   Number         4  ti_msp_dl_config.o(.text.SYSCFG_DL_UART_3_init)
    __arm_cp.7_5                             0x00002304   Number         4  ti_msp_dl_config.o(.text.SYSCFG_DL_UART_3_init)
    [Anonymous Symbol]                       0x00002308   Section        0  ti_msp_dl_config.o(.text.SYSCFG_DL_init)
    __arm_cp.0_0                             0x00002348   Number         4  ti_msp_dl_config.o(.text.SYSCFG_DL_init)
    __arm_cp.0_1                             0x0000234c   Number         4  ti_msp_dl_config.o(.text.SYSCFG_DL_init)
    __arm_cp.0_2                             0x00002350   Number         4  ti_msp_dl_config.o(.text.SYSCFG_DL_init)
    __arm_cp.0_3                             0x00002354   Number         4  ti_msp_dl_config.o(.text.SYSCFG_DL_init)
    [Anonymous Symbol]                       0x00002358   Section        0  ti_msp_dl_config.o(.text.SYSCFG_DL_initPower)
    __arm_cp.1_0                             0x000023a0   Number         4  ti_msp_dl_config.o(.text.SYSCFG_DL_initPower)
    __arm_cp.1_1                             0x000023a4   Number         4  ti_msp_dl_config.o(.text.SYSCFG_DL_initPower)
    __arm_cp.1_2                             0x000023a8   Number         4  ti_msp_dl_config.o(.text.SYSCFG_DL_initPower)
    __arm_cp.1_3                             0x000023ac   Number         4  ti_msp_dl_config.o(.text.SYSCFG_DL_initPower)
    __arm_cp.1_4                             0x000023b0   Number         4  ti_msp_dl_config.o(.text.SYSCFG_DL_initPower)
    __arm_cp.1_5                             0x000023b4   Number         4  ti_msp_dl_config.o(.text.SYSCFG_DL_initPower)
    __arm_cp.1_6                             0x000023b8   Number         4  ti_msp_dl_config.o(.text.SYSCFG_DL_initPower)
    __arm_cp.1_7                             0x000023bc   Number         4  ti_msp_dl_config.o(.text.SYSCFG_DL_initPower)
    __arm_cp.1_8                             0x000023c0   Number         4  ti_msp_dl_config.o(.text.SYSCFG_DL_initPower)
    __arm_cp.1_9                             0x000023c4   Number         4  ti_msp_dl_config.o(.text.SYSCFG_DL_initPower)
    [Anonymous Symbol]                       0x000023c8   Section        0  motor.o(.text.Set_Duty)
    __arm_cp.0_0                             0x000023ec   Number         4  motor.o(.text.Set_Duty)
    __arm_cp.0_1                             0x000023f0   Number         4  motor.o(.text.Set_Duty)
    __arm_cp.0_2                             0x000023f4   Number         4  motor.o(.text.Set_Duty)
    [Anonymous Symbol]                       0x000023f8   Section        0  usart0.o(.text.SysTick_Handler)
    __arm_cp.3_0                             0x00002408   Number         4  usart0.o(.text.SysTick_Handler)
    [Anonymous Symbol]                       0x0000240c   Section        0  timer.o(.text.TIMG6_IRQHandler)
    __arm_cp.0_0                             0x000024ec   Number         4  timer.o(.text.TIMG6_IRQHandler)
    __arm_cp.0_1                             0x000024f0   Number         4  timer.o(.text.TIMG6_IRQHandler)
    __arm_cp.0_2                             0x000024f4   Number         4  timer.o(.text.TIMG6_IRQHandler)
    __arm_cp.0_3                             0x000024f8   Number         4  timer.o(.text.TIMG6_IRQHandler)
    __arm_cp.0_4                             0x000024fc   Number         4  timer.o(.text.TIMG6_IRQHandler)
    __arm_cp.0_5                             0x00002500   Number         4  timer.o(.text.TIMG6_IRQHandler)
    __arm_cp.0_6                             0x00002504   Number         4  timer.o(.text.TIMG6_IRQHandler)
    __arm_cp.0_7                             0x00002508   Number         4  timer.o(.text.TIMG6_IRQHandler)
    __arm_cp.0_9                             0x0000250c   Number         4  timer.o(.text.TIMG6_IRQHandler)
    __arm_cp.0_10                            0x00002510   Number         4  timer.o(.text.TIMG6_IRQHandler)
    __arm_cp.0_11                            0x00002514   Number         4  timer.o(.text.TIMG6_IRQHandler)
    __arm_cp.0_12                            0x00002518   Number         4  timer.o(.text.TIMG6_IRQHandler)
    __arm_cp.0_13                            0x0000251c   Number         4  timer.o(.text.TIMG6_IRQHandler)
    __arm_cp.0_14                            0x00002520   Number         4  timer.o(.text.TIMG6_IRQHandler)
    [Anonymous Symbol]                       0x00002524   Section        0  usart0.o(.text.UART0_IRQHandler)
    __arm_cp.4_0                             0x00002554   Number         4  usart0.o(.text.UART0_IRQHandler)
    __arm_cp.4_1                             0x00002558   Number         4  usart0.o(.text.UART0_IRQHandler)
    __arm_cp.4_2                             0x0000255c   Number         4  usart0.o(.text.UART0_IRQHandler)
    [Anonymous Symbol]                       0x00002560   Section        0  usart3.o(.text.UART3_IRQHandler)
    __arm_cp.1_0                             0x00002570   Number         4  usart3.o(.text.UART3_IRQHandler)
    [Anonymous Symbol]                       0x00002574   Section        0  drv_oled.o(.text.bsp_analog_i2c_init)
    __arm_cp.0_0                             0x00002650   Number         4  drv_oled.o(.text.bsp_analog_i2c_init)
    [Anonymous Symbol]                       0x00002654   Section        0  drv_oled.o(.text.bsp_analog_i2c_send_byte)
    __arm_cp.8_0                             0x00002828   Number         4  drv_oled.o(.text.bsp_analog_i2c_send_byte)
    __arm_cp.8_1                             0x0000282c   Number         4  drv_oled.o(.text.bsp_analog_i2c_send_byte)
    __arm_cp.8_2                             0x00002830   Number         4  drv_oled.o(.text.bsp_analog_i2c_send_byte)
    [Anonymous Symbol]                       0x00002834   Section        0  key.o(.text.check_buttons)
    __arm_cp.0_0                             0x000028f0   Number         4  key.o(.text.check_buttons)
    __arm_cp.0_1                             0x000028f4   Number         4  key.o(.text.check_buttons)
    [Anonymous Symbol]                       0x000028f8   Section        0  delay.o(.text.delay_ms)
    __arm_cp.1_0                             0x00002944   Number         4  delay.o(.text.delay_ms)
    [Anonymous Symbol]                       0x00002948   Section        0  delay.o(.text.delay_us)
    [Anonymous Symbol]                       0x0000297c   Section        0  drv_oled.o(.text.display_6_8_number)
    [Anonymous Symbol]                       0x00002984   Section        0  drv_oled.o(.text.display_6_8_string)
    [Anonymous Symbol]                       0x0000298c   Section        0  usart3.o(.text.jy61p_Init)
    __arm_cp.0_0                             0x000029a0   Number         4  usart3.o(.text.jy61p_Init)
    __arm_cp.0_1                             0x000029a4   Number         4  usart3.o(.text.jy61p_Init)
    __arm_cp.0_2                             0x000029a8   Number         4  usart3.o(.text.jy61p_Init)
    [Anonymous Symbol]                       0x000029ac   Section        0  jy61p.o(.text.jy61p_ReceiveData)
    __arm_cp.0_0                             0x00002a90   Number         4  jy61p.o(.text.jy61p_ReceiveData)
    __arm_cp.0_1                             0x00002a94   Number         4  jy61p.o(.text.jy61p_ReceiveData)
    __arm_cp.0_2                             0x00002a98   Number         4  jy61p.o(.text.jy61p_ReceiveData)
    __arm_cp.0_3                             0x00002a9c   Number         4  jy61p.o(.text.jy61p_ReceiveData)
    __arm_cp.0_4                             0x00002aa0   Number         4  jy61p.o(.text.jy61p_ReceiveData)
    __arm_cp.0_5                             0x00002aa4   Number         4  jy61p.o(.text.jy61p_ReceiveData)
    __arm_cp.0_6                             0x00002aa8   Number         4  jy61p.o(.text.jy61p_ReceiveData)
    [Anonymous Symbol]                       0x00002aac   Section        0  main.o(.text.main)
    __arm_cp.0_41                            0x00002df0   Number         4  main.o(.text.main)
    __arm_cp.0_42                            0x00002df4   Number         4  main.o(.text.main)
    __arm_cp.0_43                            0x00002df8   Number         4  main.o(.text.main)
    __arm_cp.0_44                            0x00002dfc   Number         4  main.o(.text.main)
    __arm_cp.0_45                            0x00002e00   Number         4  main.o(.text.main)
    __arm_cp.0_46                            0x00002e04   Number         4  main.o(.text.main)
    __arm_cp.0_47                            0x00002e08   Number         4  main.o(.text.main)
    __arm_cp.0_48                            0x00002e0c   Number         4  main.o(.text.main)
    __arm_cp.0_49                            0x00002e10   Number         4  main.o(.text.main)
    __arm_cp.0_50                            0x00002e14   Number         4  main.o(.text.main)
    __arm_cp.0_51                            0x00002e18   Number         4  main.o(.text.main)
    __arm_cp.0_52                            0x00002e1c   Number         4  main.o(.text.main)
    __arm_cp.0_54                            0x00002e24   Number         4  main.o(.text.main)
    __arm_cp.0_55                            0x00002e28   Number         4  main.o(.text.main)
    __arm_cp.0_57                            0x0000303c   Number         4  main.o(.text.main)
    __arm_cp.0_12                            0x00003040   Number         4  main.o(.text.main)
    __arm_cp.0_13                            0x00003044   Number         4  main.o(.text.main)
    __arm_cp.0_14                            0x00003048   Number         4  main.o(.text.main)
    __arm_cp.0_18                            0x0000307c   Number         4  main.o(.text.main)
    __arm_cp.0_20                            0x00003098   Number         4  main.o(.text.main)
    __arm_cp.0_22                            0x000030b4   Number         4  main.o(.text.main)
    __arm_cp.0_23                            0x000030b8   Number         4  main.o(.text.main)
    __arm_cp.0_24                            0x000030bc   Number         4  main.o(.text.main)
    __arm_cp.0_25                            0x000030c0   Number         4  main.o(.text.main)
    __arm_cp.0_26                            0x000030c4   Number         4  main.o(.text.main)
    __arm_cp.0_27                            0x000030c8   Number         4  main.o(.text.main)
    __arm_cp.0_28                            0x000030cc   Number         4  main.o(.text.main)
    __arm_cp.0_29                            0x000030d0   Number         4  main.o(.text.main)
    __arm_cp.0_30                            0x000030d4   Number         4  main.o(.text.main)
    __arm_cp.0_33                            0x00003108   Number         4  main.o(.text.main)
    __arm_cp.0_34                            0x0000310c   Number         4  main.o(.text.main)
    __arm_cp.0_35                            0x00003110   Number         4  main.o(.text.main)
    __arm_cp.0_37                            0x00003114   Number         4  main.o(.text.main)
    __arm_cp.0_38                            0x00003118   Number         4  main.o(.text.main)
    __arm_cp.0_39                            0x0000311c   Number         4  main.o(.text.main)
    [Anonymous Symbol]                       0x00003120   Section        0  mode.o(.text.mode_1)
    __arm_cp.0_0                             0x000031f0   Number         4  mode.o(.text.mode_1)
    __arm_cp.0_2                             0x000031f4   Number         4  mode.o(.text.mode_1)
    __arm_cp.0_4                             0x000031f8   Number         4  mode.o(.text.mode_1)
    __arm_cp.0_5                             0x000031fc   Number         4  mode.o(.text.mode_1)
    __arm_cp.0_8                             0x00003200   Number         4  mode.o(.text.mode_1)
    [Anonymous Symbol]                       0x00003204   Section        0  mode.o(.text.mode_2)
    __arm_cp.1_0                             0x000032a4   Number         4  mode.o(.text.mode_2)
    __arm_cp.1_1                             0x000032a8   Number         4  mode.o(.text.mode_2)
    __arm_cp.1_3                             0x000032ac   Number         4  mode.o(.text.mode_2)
    __arm_cp.1_4                             0x000032b0   Number         4  mode.o(.text.mode_2)
    [Anonymous Symbol]                       0x000032b4   Section        0  mode.o(.text.mode_3)
    __arm_cp.2_0                             0x00003354   Number         4  mode.o(.text.mode_3)
    __arm_cp.2_1                             0x00003358   Number         4  mode.o(.text.mode_3)
    __arm_cp.2_2                             0x0000335c   Number         4  mode.o(.text.mode_3)
    __arm_cp.2_3                             0x00003360   Number         4  mode.o(.text.mode_3)
    __arm_cp.2_5                             0x00003364   Number         4  mode.o(.text.mode_3)
    __arm_cp.2_6                             0x00003368   Number         4  mode.o(.text.mode_3)
    __arm_cp.2_7                             0x0000336c   Number         4  mode.o(.text.mode_3)
    __arm_cp.2_8                             0x00003370   Number         4  mode.o(.text.mode_3)
    __arm_cp.2_9                             0x00003374   Number         4  mode.o(.text.mode_3)
    __arm_cp.2_10                            0x00003378   Number         4  mode.o(.text.mode_3)
    __arm_cp.2_11                            0x0000337c   Number         4  mode.o(.text.mode_3)
    [Anonymous Symbol]                       0x00003380   Section        0  pwm_sg90.o(.text.move_towards_target)
    __arm_cp.0_0                             0x00003490   Number         4  pwm_sg90.o(.text.move_towards_target)
    __arm_cp.0_1                             0x00003494   Number         4  pwm_sg90.o(.text.move_towards_target)
    __arm_cp.0_2                             0x00003498   Number         4  pwm_sg90.o(.text.move_towards_target)
    __arm_cp.0_3                             0x0000349c   Number         4  pwm_sg90.o(.text.move_towards_target)
    __arm_cp.0_4                             0x000034a0   Number         4  pwm_sg90.o(.text.move_towards_target)
    __arm_cp.0_5                             0x000034a4   Number         4  pwm_sg90.o(.text.move_towards_target)
    __arm_cp.0_6                             0x000034a8   Number         4  pwm_sg90.o(.text.move_towards_target)
    __arm_cp.0_7                             0x000034ac   Number         4  pwm_sg90.o(.text.move_towards_target)
    __arm_cp.0_8                             0x000034b0   Number         4  pwm_sg90.o(.text.move_towards_target)
    __arm_cp.0_9                             0x000034b4   Number         4  pwm_sg90.o(.text.move_towards_target)
    __arm_cp.0_10                            0x000034b8   Number         4  pwm_sg90.o(.text.move_towards_target)
    __arm_cp.0_11                            0x000034bc   Number         4  pwm_sg90.o(.text.move_towards_target)
    __arm_cp.0_12                            0x000034c0   Number         4  pwm_sg90.o(.text.move_towards_target)
    __arm_cp.0_13                            0x000034c4   Number         4  pwm_sg90.o(.text.move_towards_target)
    __arm_cp.0_14                            0x000034c8   Number         4  pwm_sg90.o(.text.move_towards_target)
    __arm_cp.0_15                            0x000034cc   Number         4  pwm_sg90.o(.text.move_towards_target)
    [Anonymous Symbol]                       0x000034d0   Section        0  drv_oled.o(.text.oled_init)
    __arm_cp.20_0                            0x00003508   Number         4  drv_oled.o(.text.oled_init)
    [Anonymous Symbol]                       0x0000350c   Section        0  ssd1306.o(.text.ssd1306_begin)
    __arm_cp.4_0                             0x00003614   Number         4  ssd1306.o(.text.ssd1306_begin)
    __arm_cp.4_1                             0x00003618   Number         4  ssd1306.o(.text.ssd1306_begin)
    __arm_cp.4_2                             0x0000361c   Number         4  ssd1306.o(.text.ssd1306_begin)
    __arm_cp.4_3                             0x00003620   Number         4  ssd1306.o(.text.ssd1306_begin)
    __arm_cp.4_4                             0x00003624   Number         4  ssd1306.o(.text.ssd1306_begin)
    __arm_cp.4_5                             0x00003628   Number         4  ssd1306.o(.text.ssd1306_begin)
    __arm_cp.4_6                             0x0000362c   Number         4  ssd1306.o(.text.ssd1306_begin)
    __arm_cp.4_7                             0x00003630   Number         4  ssd1306.o(.text.ssd1306_begin)
    __arm_cp.4_8                             0x00003634   Number         4  ssd1306.o(.text.ssd1306_begin)
    __arm_cp.4_9                             0x00003638   Number         4  ssd1306.o(.text.ssd1306_begin)
    __arm_cp.4_10                            0x0000363c   Number         4  ssd1306.o(.text.ssd1306_begin)
    __arm_cp.4_11                            0x00003640   Number         4  ssd1306.o(.text.ssd1306_begin)
    __arm_cp.4_12                            0x00003644   Number         4  ssd1306.o(.text.ssd1306_begin)
    [Anonymous Symbol]                       0x00003648   Section        0  drv_oled.o(.text.write_6_8_number)
    __arm_cp.17_0                            0x000038ec   Number         4  drv_oled.o(.text.write_6_8_number)
    __arm_cp.17_1                            0x000038f0   Number         4  drv_oled.o(.text.write_6_8_number)
    __arm_cp.17_2                            0x000038f4   Number         4  drv_oled.o(.text.write_6_8_number)
    __arm_cp.17_3                            0x000038f8   Number         4  drv_oled.o(.text.write_6_8_number)
    __arm_cp.17_4                            0x000038fc   Number         4  drv_oled.o(.text.write_6_8_number)
    __arm_cp.17_5                            0x00003900   Number         4  drv_oled.o(.text.write_6_8_number)
    __arm_cp.17_6                            0x00003904   Number         4  drv_oled.o(.text.write_6_8_number)
    __arm_cp.17_7                            0x00003908   Number         4  drv_oled.o(.text.write_6_8_number)
    __arm_cp.17_8                            0x0000390c   Number         4  drv_oled.o(.text.write_6_8_number)
    __arm_cp.17_9                            0x00003910   Number         4  drv_oled.o(.text.write_6_8_number)
    __arm_cp.17_10                           0x00003914   Number         4  drv_oled.o(.text.write_6_8_number)
    __arm_cp.17_11                           0x00003918   Number         4  drv_oled.o(.text.write_6_8_number)
    __arm_cp.17_12                           0x0000391c   Number         4  drv_oled.o(.text.write_6_8_number)
    __arm_cp.17_13                           0x00003920   Number         4  drv_oled.o(.text.write_6_8_number)
    __arm_cp.17_14                           0x00003924   Number         4  drv_oled.o(.text.write_6_8_number)
    __arm_cp.17_15                           0x00003928   Number         4  drv_oled.o(.text.write_6_8_number)
    i.__ARM_clz                              0x0000392c   Section        0  depilogue.o(i.__ARM_clz)
    i.__scatterload_copy                     0x00003960   Section       14  handlers.o(i.__scatterload_copy)
    i.__scatterload_null                     0x00003970   Section        2  handlers.o(i.__scatterload_null)
    i.__scatterload_zeroinit                 0x00003978   Section       14  handlers.o(i.__scatterload_zeroinit)
    gMotorClockConfig                        0x00003fae   Data           3  ti_msp_dl_config.o(.rodata.gMotorClockConfig)
    [Anonymous Symbol]                       0x00003fae   Section        0  ti_msp_dl_config.o(.rodata.gMotorClockConfig)
    gMotorConfig                             0x00003fb4   Data           8  ti_msp_dl_config.o(.rodata.gMotorConfig)
    [Anonymous Symbol]                       0x00003fb4   Section        0  ti_msp_dl_config.o(.rodata.gMotorConfig)
    gSYSPLLConfig                            0x00003fbc   Data          40  ti_msp_dl_config.o(.rodata.gSYSPLLConfig)
    [Anonymous Symbol]                       0x00003fbc   Section        0  ti_msp_dl_config.o(.rodata.gSYSPLLConfig)
    gSteerClockConfig                        0x00003fe4   Data           3  ti_msp_dl_config.o(.rodata.gSteerClockConfig)
    [Anonymous Symbol]                       0x00003fe4   Section        0  ti_msp_dl_config.o(.rodata.gSteerClockConfig)
    gSteerConfig                             0x00003fe8   Data           8  ti_msp_dl_config.o(.rodata.gSteerConfig)
    [Anonymous Symbol]                       0x00003fe8   Section        0  ti_msp_dl_config.o(.rodata.gSteerConfig)
    gTIMER_0ClockConfig                      0x00003ff0   Data           3  ti_msp_dl_config.o(.rodata.gTIMER_0ClockConfig)
    [Anonymous Symbol]                       0x00003ff0   Section        0  ti_msp_dl_config.o(.rodata.gTIMER_0ClockConfig)
    gTIMER_0TimerConfig                      0x00003ff4   Data          20  ti_msp_dl_config.o(.rodata.gTIMER_0TimerConfig)
    [Anonymous Symbol]                       0x00003ff4   Section        0  ti_msp_dl_config.o(.rodata.gTIMER_0TimerConfig)
    gUART_0ClockConfig                       0x00004008   Data           2  ti_msp_dl_config.o(.rodata.gUART_0ClockConfig)
    [Anonymous Symbol]                       0x00004008   Section        0  ti_msp_dl_config.o(.rodata.gUART_0ClockConfig)
    gUART_0Config                            0x0000400a   Data          10  ti_msp_dl_config.o(.rodata.gUART_0Config)
    [Anonymous Symbol]                       0x0000400a   Section        0  ti_msp_dl_config.o(.rodata.gUART_0Config)
    gUART_1ClockConfig                       0x00004014   Data           2  ti_msp_dl_config.o(.rodata.gUART_1ClockConfig)
    [Anonymous Symbol]                       0x00004014   Section        0  ti_msp_dl_config.o(.rodata.gUART_1ClockConfig)
    gUART_1Config                            0x00004016   Data          10  ti_msp_dl_config.o(.rodata.gUART_1Config)
    [Anonymous Symbol]                       0x00004016   Section        0  ti_msp_dl_config.o(.rodata.gUART_1Config)
    gUART_3ClockConfig                       0x00004020   Data           2  ti_msp_dl_config.o(.rodata.gUART_3ClockConfig)
    [Anonymous Symbol]                       0x00004020   Section        0  ti_msp_dl_config.o(.rodata.gUART_3ClockConfig)
    gUART_3Config                            0x00004022   Data          10  ti_msp_dl_config.o(.rodata.gUART_3Config)
    [Anonymous Symbol]                       0x00004022   Section        0  ti_msp_dl_config.o(.rodata.gUART_3Config)
    [Anonymous Symbol]                       0x0000402c   Section        0  main.o(.rodata.str1.1)
    requestedTrackSpeed                      0x20200008   Data           4  huidu.o(.data.requestedTrackSpeed)
    [Anonymous Symbol]                       0x20200008   Section        0  huidu.o(.data.requestedTrackSpeed)
    HEIGHT                                   0x20200026   Data           1  ssd1306.o(.bss.HEIGHT)
    [Anonymous Symbol]                       0x20200026   Section        0  ssd1306.o(.bss.HEIGHT)
    RxBuffer                                 0x20200058   Data          11  jy61p.o(.bss.RxBuffer)
    [Anonymous Symbol]                       0x20200058   Section        0  jy61p.o(.bss.RxBuffer)
    RxIndex                                  0x20200063   Data           1  jy61p.o(.bss.RxIndex)
    [Anonymous Symbol]                       0x20200063   Section        0  jy61p.o(.bss.RxIndex)
    RxState                                  0x20200064   Data           1  jy61p.o(.bss.RxState)
    [Anonymous Symbol]                       0x20200064   Section        0  jy61p.o(.bss.RxState)
    WIDTH                                    0x2020006c   Data           1  ssd1306.o(.bss.WIDTH)
    [Anonymous Symbol]                       0x2020006c   Section        0  ssd1306.o(.bss.WIDTH)
    _height                                  0x2020007a   Data           2  ssd1306.o(.bss._height)
    [Anonymous Symbol]                       0x2020007a   Section        0  ssd1306.o(.bss._height)
    _vccstate                                0x2020007c   Data           1  ssd1306.o(.bss._vccstate)
    [Anonymous Symbol]                       0x2020007c   Section        0  ssd1306.o(.bss._vccstate)
    _width                                   0x2020007e   Data           2  ssd1306.o(.bss._width)
    [Anonymous Symbol]                       0x2020007e   Section        0  ssd1306.o(.bss._width)
    currentTrackState                        0x20200088   Data           1  huidu.o(.bss.currentTrackState)
    [Anonymous Symbol]                       0x20200088   Section        0  huidu.o(.bss.currentTrackState)
    cursor_x                                 0x2020008a   Data           2  ssd1306.o(.bss.cursor_x)
    [Anonymous Symbol]                       0x2020008a   Section        0  ssd1306.o(.bss.cursor_x)
    cursor_y                                 0x2020008c   Data           2  ssd1306.o(.bss.cursor_y)
    [Anonymous Symbol]                       0x2020008c   Section        0  ssd1306.o(.bss.cursor_y)
    filtered_angle_x                         0x2020009c   Data           4  pwm_sg90.o(.bss.filtered_angle_x)
    [Anonymous Symbol]                       0x2020009c   Section        0  pwm_sg90.o(.bss.filtered_angle_x)
    integral_x                               0x202002c8   Data           4  pwm_sg90.o(.bss.integral_x)
    [Anonymous Symbol]                       0x202002c8   Section        0  pwm_sg90.o(.bss.integral_x)
    lostLineCount                            0x202002d4   Data           2  huidu.o(.bss.lostLineCount)
    [Anonymous Symbol]                       0x202002d4   Section        0  huidu.o(.bss.lostLineCount)
    mode1StartYaw                            0x202002d8   Data           4  mode.o(.bss.mode1StartYaw)
    [Anonymous Symbol]                       0x202002d8   Section        0  mode.o(.bss.mode1StartYaw)
    pendingStateCount                        0x202002e0   Data           1  huidu.o(.bss.pendingStateCount)
    [Anonymous Symbol]                       0x202002e0   Section        0  huidu.o(.bss.pendingStateCount)
    pendingTrackState                        0x202002e1   Data           1  huidu.o(.bss.pendingTrackState)
    [Anonymous Symbol]                       0x202002e1   Section        0  huidu.o(.bss.pendingTrackState)
    prev_error_x                             0x202002e4   Data           4  pwm_sg90.o(.bss.prev_error_x)
    [Anonymous Symbol]                       0x202002e4   Section        0  pwm_sg90.o(.bss.prev_error_x)
    rotation                                 0x202002ec   Data           1  ssd1306.o(.bss.rotation)
    [Anonymous Symbol]                       0x202002ec   Section        0  ssd1306.o(.bss.rotation)
    textbgcolor                              0x20200314   Data           2  ssd1306.o(.bss.textbgcolor)
    [Anonymous Symbol]                       0x20200314   Section        0  ssd1306.o(.bss.textbgcolor)
    textcolor                                0x20200316   Data           2  ssd1306.o(.bss.textcolor)
    [Anonymous Symbol]                       0x20200316   Section        0  ssd1306.o(.bss.textcolor)
    textsize                                 0x20200318   Data           1  ssd1306.o(.bss.textsize)
    [Anonymous Symbol]                       0x20200318   Section        0  ssd1306.o(.bss.textsize)
    STACK                                    0x20200320   Section     4096  startup_mspm0g350x_uvision.o(STACK)

    Global Symbols

    Symbol Name                              Value     Ov Type        Size  Object(Section)

    BuildAttributes$$THM_ISAv3M$S$PE$A:L22$X:L11$S22$IEEE1$IW$~IW$USESV6$~STKCKD$USESV7$~SHL$OTIME$ROPI$EBA8$MICROLIB$REQ8$PRES8$EABIv2 0x00000000   Number         0  anon$$obj.o ABSOLUTE
    __Vectors                                0x00000000   Data           4  startup_mspm0g350x_uvision.o(RESET)
    __cpp_initialize__aeabi_                  - Undefined Weak Reference
    __cxa_finalize                            - Undefined Weak Reference
    __decompress                              - Undefined Weak Reference
    _clock_init                               - Undefined Weak Reference
    _microlib_exit                            - Undefined Weak Reference
    __Vectors_End                            0x000000c0   Data           0  startup_mspm0g350x_uvision.o(RESET)
    __Vectors_Size                           0x000000c0   Number         0  startup_mspm0g350x_uvision.o ABSOLUTE
    __main                                   0x000000c1   Thumb Code     0  entry.o(.ARM.Collect$$$$00000000)
    _main_stk                                0x000000c1   Thumb Code     0  entry2.o(.ARM.Collect$$$$00000001)
    _main_scatterload                        0x000000c5   Thumb Code     0  entry5.o(.ARM.Collect$$$$00000004)
    __main_after_scatterload                 0x000000c9   Thumb Code     0  entry5.o(.ARM.Collect$$$$00000004)
    _main_clock                              0x000000c9   Thumb Code     0  entry7b.o(.ARM.Collect$$$$00000008)
    _main_cpp_init                           0x000000c9   Thumb Code     0  entry8b.o(.ARM.Collect$$$$0000000A)
    _main_init                               0x000000c9   Thumb Code     0  entry9a.o(.ARM.Collect$$$$0000000B)
    __rt_final_cpp                           0x000000d1   Thumb Code     0  entry10a.o(.ARM.Collect$$$$0000000D)
    __rt_final_exit                          0x000000d1   Thumb Code     0  entry11a.o(.ARM.Collect$$$$0000000F)
    Reset_Handler                            0x000000d5   Thumb Code     4  startup_mspm0g350x_uvision.o(.text)
    NMI_Handler                              0x000000d9   Thumb Code     2  startup_mspm0g350x_uvision.o(.text)
    HardFault_Handler                        0x000000db   Thumb Code     2  startup_mspm0g350x_uvision.o(.text)
    SVC_Handler                              0x000000dd   Thumb Code     2  startup_mspm0g350x_uvision.o(.text)
    PendSV_Handler                           0x000000df   Thumb Code     2  startup_mspm0g350x_uvision.o(.text)
    ADC0_IRQHandler                          0x000000e3   Thumb Code     0  startup_mspm0g350x_uvision.o(.text)
    ADC1_IRQHandler                          0x000000e3   Thumb Code     0  startup_mspm0g350x_uvision.o(.text)
    AES_IRQHandler                           0x000000e3   Thumb Code     0  startup_mspm0g350x_uvision.o(.text)
    CANFD0_IRQHandler                        0x000000e3   Thumb Code     0  startup_mspm0g350x_uvision.o(.text)
    DAC0_IRQHandler                          0x000000e3   Thumb Code     0  startup_mspm0g350x_uvision.o(.text)
    DMA_IRQHandler                           0x000000e3   Thumb Code     0  startup_mspm0g350x_uvision.o(.text)
    Default_Handler                          0x000000e3   Thumb Code     2  startup_mspm0g350x_uvision.o(.text)
    GROUP0_IRQHandler                        0x000000e3   Thumb Code     0  startup_mspm0g350x_uvision.o(.text)
    I2C0_IRQHandler                          0x000000e3   Thumb Code     0  startup_mspm0g350x_uvision.o(.text)
    I2C1_IRQHandler                          0x000000e3   Thumb Code     0  startup_mspm0g350x_uvision.o(.text)
    RTC_IRQHandler                           0x000000e3   Thumb Code     0  startup_mspm0g350x_uvision.o(.text)
    SPI0_IRQHandler                          0x000000e3   Thumb Code     0  startup_mspm0g350x_uvision.o(.text)
    SPI1_IRQHandler                          0x000000e3   Thumb Code     0  startup_mspm0g350x_uvision.o(.text)
    TIMA0_IRQHandler                         0x000000e3   Thumb Code     0  startup_mspm0g350x_uvision.o(.text)
    TIMA1_IRQHandler                         0x000000e3   Thumb Code     0  startup_mspm0g350x_uvision.o(.text)
    TIMG0_IRQHandler                         0x000000e3   Thumb Code     0  startup_mspm0g350x_uvision.o(.text)
    TIMG12_IRQHandler                        0x000000e3   Thumb Code     0  startup_mspm0g350x_uvision.o(.text)
    TIMG7_IRQHandler                         0x000000e3   Thumb Code     0  startup_mspm0g350x_uvision.o(.text)
    TIMG8_IRQHandler                         0x000000e3   Thumb Code     0  startup_mspm0g350x_uvision.o(.text)
    UART1_IRQHandler                         0x000000e3   Thumb Code     0  startup_mspm0g350x_uvision.o(.text)
    UART2_IRQHandler                         0x000000e3   Thumb Code     0  startup_mspm0g350x_uvision.o(.text)
    __aeabi_fadd                             0x000000e9   Thumb Code   162  fadd.o(.text)
    __aeabi_fsub                             0x0000018b   Thumb Code     8  fadd.o(.text)
    __aeabi_frsub                            0x00000193   Thumb Code     8  fadd.o(.text)
    __aeabi_fmul                             0x0000019b   Thumb Code   122  fmul.o(.text)
    __aeabi_fdiv                             0x00000215   Thumb Code   124  fdiv.o(.text)
    __aeabi_dadd                             0x00000291   Thumb Code   328  dadd.o(.text)
    __aeabi_dsub                             0x000003d9   Thumb Code    12  dadd.o(.text)
    __aeabi_drsub                            0x000003e5   Thumb Code    12  dadd.o(.text)
    __aeabi_dmul                             0x000003f5   Thumb Code   202  dmul.o(.text)
    __aeabi_fcmple                           0x000004c5   Thumb Code    28  fcmple.o(.text)
    __aeabi_fcmplt                           0x000004e1   Thumb Code    28  fcmplt.o(.text)
    __aeabi_fcmpge                           0x000004fd   Thumb Code    28  fcmpge.o(.text)
    __aeabi_fcmpgt                           0x00000519   Thumb Code    28  fcmpgt.o(.text)
    __aeabi_fcmpeq                           0x00000535   Thumb Code    28  fcmpeq.o(.text)
    __aeabi_dcmpge                           0x00000551   Thumb Code    44  dcmpge.o(.text)
    __aeabi_i2f                              0x0000057d   Thumb Code    22  fflti.o(.text)
    __aeabi_i2d                              0x00000595   Thumb Code    34  dflti.o(.text)
    __aeabi_f2iz                             0x000005bd   Thumb Code    50  ffixi.o(.text)
    __aeabi_f2uiz                            0x000005ef   Thumb Code    40  ffixui.o(.text)
    __aeabi_f2d                              0x00000617   Thumb Code    40  f2d.o(.text)
    __aeabi_d2f                              0x0000063f   Thumb Code    56  d2f.o(.text)
    __aeabi_uidiv                            0x00000677   Thumb Code     0  uidiv_div0.o(.text)
    __aeabi_uidivmod                         0x00000677   Thumb Code    62  uidiv_div0.o(.text)
    __aeabi_idiv                             0x000006b5   Thumb Code     0  idiv_div0.o(.text)
    __aeabi_idivmod$div0                     0x000006b5   Thumb Code    74  idiv_div0.o(.text)
    __aeabi_llsl                             0x00000705   Thumb Code    32  llshl.o(.text)
    _ll_shift_l                              0x00000705   Thumb Code     0  llshl.o(.text)
    __aeabi_lasr                             0x00000725   Thumb Code    38  llsshr.o(.text)
    _ll_sshift_r                             0x00000725   Thumb Code     0  llsshr.o(.text)
    __I$use$fp                               0x0000074b   Thumb Code     0  iusefp.o(.text)
    _float_round                             0x0000074b   Thumb Code    16  fepilogue.o(.text)
    _float_epilogue                          0x0000075b   Thumb Code   114  fepilogue.o(.text)
    _double_round                            0x000007cd   Thumb Code    26  depilogue.o(.text)
    _double_epilogue                         0x000007e7   Thumb Code   164  depilogue.o(.text)
    __scatterload                            0x00000891   Thumb Code    38  init.o(.text)
    __scatterload_rt2                        0x00000891   Thumb Code     0  init.o(.text)
    __aeabi_llsr                             0x000008c1   Thumb Code    34  llushr.o(.text)
    _ll_ushift_r                             0x000008c1   Thumb Code     0  llushr.o(.text)
    Actual_Yaw_cal                           0x000008e5   Thumb Code   132  mpucal.o(.text.Actual_Yaw_cal)
    DL_Common_delayCycles                    0x000009a9   Thumb Code    10  dl_common.o(.text.DL_Common_delayCycles)
    DL_SYSCTL_configSYSPLL                   0x000009b5   Thumb Code   220  dl_sysctl_mspm0g1x0x_g3x0x.o(.text.DL_SYSCTL_configSYSPLL)
    DL_SYSCTL_switchMCLKfromSYSOSCtoHSCLK    0x00000aa1   Thumb Code    72  dl_sysctl_mspm0g1x0x_g3x0x.o(.text.DL_SYSCTL_switchMCLKfromSYSOSCtoHSCLK)
    DL_TimerA_initPWMMode                    0x00000af1   Thumb Code   108  dl_timer.o(.text.DL_TimerA_initPWMMode)
    DL_Timer_initPWMMode                     0x00000b61   Thumb Code   172  dl_timer.o(.text.DL_Timer_initPWMMode)
    DL_Timer_initTimerMode                   0x00000c21   Thumb Code   220  dl_timer.o(.text.DL_Timer_initTimerMode)
    DL_Timer_setCaptCompUpdateMethod         0x00000d09   Thumb Code    24  dl_timer.o(.text.DL_Timer_setCaptCompUpdateMethod)
    DL_Timer_setCaptureCompareOutCtl         0x00000d25   Thumb Code    20  dl_timer.o(.text.DL_Timer_setCaptureCompareOutCtl)
    DL_Timer_setCaptureCompareValue          0x00000d3d   Thumb Code    12  dl_timer.o(.text.DL_Timer_setCaptureCompareValue)
    DL_Timer_setClockConfig                  0x00000d4d   Thumb Code    24  dl_timer.o(.text.DL_Timer_setClockConfig)
    DL_UART_init                             0x00000d69   Thumb Code    64  dl_uart.o(.text.DL_UART_init)
    DL_UART_setClockConfig                   0x00000db1   Thumb Code    18  dl_uart.o(.text.DL_UART_setClockConfig)
    Draw_Logo                                0x00000dc5   Thumb Code   312  drv_oled.o(.text.Draw_Logo)
    GROUP1_IRQHandler                        0x00000f09   Thumb Code     2  encoder.o(.text.GROUP1_IRQHandler)
    HUIDU                                    0x00000f0d   Thumb Code    88  huidu.o(.text.HUIDU)
    HUIDU_Track                              0x00000f69   Thumb Code   692  huidu.o(.text.HUIDU_Track)
    HUIDU_Track_Reset                        0x00001249   Thumb Code    60  huidu.o(.text.HUIDU_Track_Reset)
    HUIDU_Track_SetSpeed                     0x000012a9   Thumb Code    40  huidu.o(.text.HUIDU_Track_SetSpeed)
    HUIDU_Track_Stop                         0x000012dd   Thumb Code    44  huidu.o(.text.HUIDU_Track_Stop)
    LCD_P6x8Char                             0x00001319   Thumb Code    96  drv_oled.o(.text.LCD_P6x8Char)
    LCD_P6x8Str                              0x00001379   Thumb Code   136  drv_oled.o(.text.LCD_P6x8Str)
    LCD_clear_L                              0x00001405   Thumb Code    72  drv_oled.o(.text.LCD_clear_L)
    MPU6050_GetData                          0x0000144d   Thumb Code   142  bsp_mpu6050.o(.text.MPU6050_GetData)
    MPU6050_Init                             0x000014dd   Thumb Code    60  bsp_mpu6050.o(.text.MPU6050_Init)
    MPU6050_ReadReg                          0x00001519   Thumb Code   596  bsp_mpu6050.o(.text.MPU6050_ReadReg)
    MPU6050_WriteReg                         0x00001775   Thumb Code   496  bsp_mpu6050.o(.text.MPU6050_WriteReg)
    MyI2C_ReceiveByte                        0x00001971   Thumb Code   368  bsp_mpu6050.o(.text.MyI2C_ReceiveByte)
    OLED_Fill                                0x00001af1   Thumb Code   278  drv_oled.o(.text.OLED_Fill)
    OLED_WrCmd                               0x00001c09   Thumb Code   400  drv_oled.o(.text.OLED_WrCmd)
    OLED_WrDat                               0x00001d99   Thumb Code   400  drv_oled.o(.text.OLED_WrDat)
    SYSCFG_DL_GPIO_init                      0x00001f31   Thumb Code   172  ti_msp_dl_config.o(.text.SYSCFG_DL_GPIO_init)
    SYSCFG_DL_Motor_init                     0x00002005   Thumb Code   120  ti_msp_dl_config.o(.text.SYSCFG_DL_Motor_init)
    SYSCFG_DL_SYSCTL_init                    0x0000208d   Thumb Code    84  ti_msp_dl_config.o(.text.SYSCFG_DL_SYSCTL_init)
    SYSCFG_DL_Steer_init                     0x000020f1   Thumb Code   120  ti_msp_dl_config.o(.text.SYSCFG_DL_Steer_init)
    SYSCFG_DL_TIMER_0_init                   0x00002185   Thumb Code    36  ti_msp_dl_config.o(.text.SYSCFG_DL_TIMER_0_init)
    SYSCFG_DL_UART_0_init                    0x000021bd   Thumb Code    92  ti_msp_dl_config.o(.text.SYSCFG_DL_UART_0_init)
    SYSCFG_DL_UART_1_init                    0x0000222d   Thumb Code    88  ti_msp_dl_config.o(.text.SYSCFG_DL_UART_1_init)
    SYSCFG_DL_UART_3_init                    0x00002299   Thumb Code    88  ti_msp_dl_config.o(.text.SYSCFG_DL_UART_3_init)
    SYSCFG_DL_init                           0x00002309   Thumb Code    64  ti_msp_dl_config.o(.text.SYSCFG_DL_init)
    SYSCFG_DL_initPower                      0x00002359   Thumb Code    72  ti_msp_dl_config.o(.text.SYSCFG_DL_initPower)
    Set_Duty                                 0x000023c9   Thumb Code    36  motor.o(.text.Set_Duty)
    SysTick_Handler                          0x000023f9   Thumb Code    16  usart0.o(.text.SysTick_Handler)
    TIMG6_IRQHandler                         0x0000240d   Thumb Code   224  timer.o(.text.TIMG6_IRQHandler)
    UART0_IRQHandler                         0x00002525   Thumb Code    48  usart0.o(.text.UART0_IRQHandler)
    UART3_IRQHandler                         0x00002561   Thumb Code    16  usart3.o(.text.UART3_IRQHandler)
    bsp_analog_i2c_init                      0x00002575   Thumb Code   220  drv_oled.o(.text.bsp_analog_i2c_init)
    bsp_analog_i2c_send_byte                 0x00002655   Thumb Code   468  drv_oled.o(.text.bsp_analog_i2c_send_byte)
    check_buttons                            0x00002835   Thumb Code   188  key.o(.text.check_buttons)
    delay_ms                                 0x000028f9   Thumb Code    76  delay.o(.text.delay_ms)
    delay_us                                 0x00002949   Thumb Code    52  delay.o(.text.delay_us)
    display_6_8_number                       0x0000297d   Thumb Code     8  drv_oled.o(.text.display_6_8_number)
    display_6_8_string                       0x00002985   Thumb Code     8  drv_oled.o(.text.display_6_8_string)
    jy61p_Init                               0x0000298d   Thumb Code    20  usart3.o(.text.jy61p_Init)
    jy61p_ReceiveData                        0x000029ad   Thumb Code   228  jy61p.o(.text.jy61p_ReceiveData)
    main                                     0x00002aad   Thumb Code  1424  main.o(.text.main)
    mode_1                                   0x00003121   Thumb Code   208  mode.o(.text.mode_1)
    mode_2                                   0x00003205   Thumb Code   160  mode.o(.text.mode_2)
    mode_3                                   0x000032b5   Thumb Code   160  mode.o(.text.mode_3)
    move_towards_target                      0x00003381   Thumb Code   272  pwm_sg90.o(.text.move_towards_target)
    oled_init                                0x000034d1   Thumb Code    56  drv_oled.o(.text.oled_init)
    ssd1306_begin                            0x0000350d   Thumb Code   264  ssd1306.o(.text.ssd1306_begin)
    write_6_8_number                         0x00003649   Thumb Code   676  drv_oled.o(.text.write_6_8_number)
    __ARM_clz                                0x0000392d   Thumb Code    46  depilogue.o(i.__ARM_clz)
    __scatterload_copy                       0x00003961   Thumb Code    14  handlers.o(i.__scatterload_copy)
    __scatterload_null                       0x00003971   Thumb Code     2  handlers.o(i.__scatterload_null)
    __scatterload_zeroinit                   0x00003979   Thumb Code    14  handlers.o(i.__scatterload_zeroinit)
    F6x8                                     0x00003986   Data         552  drv_oled.o(.rodata.F6x8)
    NC_Logo                                  0x00003bae   Data        1024  drv_oled.o(.rodata.NC_Logo)
    Region$$Table$$Base                      0x00004130   Number         0  anon$$obj.o(Region$$Table)
    Region$$Table$$Limit                     0x00004150   Number         0  anon$$obj.o(Region$$Table)
    basespeed                                0x20200000   Data           4  mode.o(.data.basespeed)
    mode1_times                              0x20200004   Data           4  mode.o(.data.mode1_times)
    shot_test1                               0x2020000c   Data           4  mode.o(.data.shot_test1)
    AX                                       0x20200010   Data           2  bsp_mpu6050.o(.bss.AX)
    AY                                       0x20200012   Data           2  bsp_mpu6050.o(.bss.AY)
    AZ                                       0x20200014   Data           2  bsp_mpu6050.o(.bss.AZ)
    Count                                    0x20200018   Data           4  timer.o(.bss.Count)
    Count1                                   0x2020001c   Data           4  timer.o(.bss.Count1)
    GX                                       0x20200020   Data           2  bsp_mpu6050.o(.bss.GX)
    GY                                       0x20200022   Data           2  bsp_mpu6050.o(.bss.GY)
    GZ                                       0x20200024   Data           2  bsp_mpu6050.o(.bss.GZ)
    HUIDU_test1                              0x20200028   Data           4  huidu.o(.bss.HUIDU_test1)
    HUIDU_test4                              0x2020002c   Data           4  huidu.o(.bss.HUIDU_test4)
    KeyNum                                   0x20200030   Data           4  key.o(.bss.KeyNum)
    MODE1_flag1                              0x20200034   Data           4  mode.o(.bss.MODE1_flag1)
    MODE1_start                              0x20200038   Data           4  mode.o(.bss.MODE1_start)
    MODE2_flag1                              0x2020003c   Data           4  mode.o(.bss.MODE2_flag1)
    MODE2_flag2                              0x20200040   Data           4  mode.o(.bss.MODE2_flag2)
    MODE2_start                              0x20200044   Data           4  mode.o(.bss.MODE2_start)
    MODE3_start                              0x20200048   Data           4  mode.o(.bss.MODE3_start)
    Pitch                                    0x2020004c   Data           4  jy61p.o(.bss.Pitch)
    Rec_Yaw                                  0x20200050   Data           4  mpucal.o(.bss.Rec_Yaw)
    Roll                                     0x20200054   Data           4  jy61p.o(.bss.Roll)
    Target_Yaw                               0x20200068   Data           4  mpucal.o(.bss.Target_Yaw)
    Yaw                                      0x20200070   Data           4  jy61p.o(.bss.Yaw)
    Yaw_OUT                                  0x20200074   Data           4  mpucal.o(.bss.Yaw_OUT)
    _cp437                                   0x20200078   Data           1  ssd1306.o(.bss._cp437)
    angleError                               0x20200080   Data           4  timer.o(.bss.angleError)
    correction                               0x20200084   Data           4  huidu.o(.bss.correction)
    delay_times                              0x20200090   Data           4  usart0.o(.bss.delay_times)
    derivative1                              0x20200094   Data           4  huidu.o(.bss.derivative1)
    error1                                   0x20200098   Data           4  huidu.o(.bss.error1)
    gMotorBackup                             0x202000a0   Data         188  ti_msp_dl_config.o(.bss.gMotorBackup)
    gSteerBackup                             0x2020015c   Data         188  ti_msp_dl_config.o(.bss.gSteerBackup)
    gTIMER_0Backup                           0x20200218   Data         120  ti_msp_dl_config.o(.bss.gTIMER_0Backup)
    gUART_3Backup                            0x20200290   Data          48  ti_msp_dl_config.o(.bss.gUART_3Backup)
    gz_avg                                   0x202002c0   Data           2  main.o(.bss.gz_avg)
    gz_sum                                   0x202002c4   Data           4  main.o(.bss.gz_sum)
    lastError                                0x202002cc   Data           4  huidu.o(.bss.lastError)
    leftSpeed                                0x202002d0   Data           4  mode.o(.bss.leftSpeed)
    motorPosition                            0x202002dc   Data           4  timer.o(.bss.motorPosition)
    rightSpeed                               0x202002e8   Data           4  mode.o(.bss.rightSpeed)
    sensorPins                               0x202002f0   Data          32  huidu.o(.bss.sensorPins)
    servo_angle_x                            0x20200310   Data           4  pwm_sg90.o(.bss.servo_angle_x)
    uart_data                                0x20200319   Data           1  usart0.o(.bss.uart_data)
    wrap                                     0x2020031a   Data           1  ssd1306.o(.bss.wrap)
    __initial_sp                             0x20201320   Data           0  startup_mspm0g350x_uvision.o(STACK)



==============================================================================

Memory Map of the image

  Image Entry point : 0x000000c1

  Load Region LR_IROM1 (Base: 0x00000000, Size: 0x00004160, Max: 0x00020000, ABSOLUTE)

    Execution Region ER_IROM1 (Exec base: 0x00000000, Load base: 0x00000000, Size: 0x00004150, Max: 0x00020000, ABSOLUTE)

    Exec Addr    Load Addr    Size         Type   Attr      Idx    E Section Name        Object

    0x00000000   0x00000000   0x000000c0   Data   RO         1092    RESET               startup_mspm0g350x_uvision.o
    0x000000c0   0x000000c0   0x00000000   Code   RO         1360  * .ARM.Collect$$$$00000000  mc_p.l(entry.o)
    0x000000c0   0x000000c0   0x00000004   Code   RO         1407    .ARM.Collect$$$$00000001  mc_p.l(entry2.o)
    0x000000c4   0x000000c4   0x00000004   Code   RO         1410    .ARM.Collect$$$$00000004  mc_p.l(entry5.o)
    0x000000c8   0x000000c8   0x00000000   Code   RO         1412    .ARM.Collect$$$$00000008  mc_p.l(entry7b.o)
    0x000000c8   0x000000c8   0x00000000   Code   RO         1414    .ARM.Collect$$$$0000000A  mc_p.l(entry8b.o)
    0x000000c8   0x000000c8   0x00000008   Code   RO         1415    .ARM.Collect$$$$0000000B  mc_p.l(entry9a.o)
    0x000000d0   0x000000d0   0x00000000   Code   RO         1417    .ARM.Collect$$$$0000000D  mc_p.l(entry10a.o)
    0x000000d0   0x000000d0   0x00000000   Code   RO         1419    .ARM.Collect$$$$0000000F  mc_p.l(entry11a.o)
    0x000000d0   0x000000d0   0x00000004   Code   RO         1408    .ARM.Collect$$$$00002712  mc_p.l(entry2.o)
    0x000000d4   0x000000d4   0x00000014   Code   RO         1093    .text               startup_mspm0g350x_uvision.o
    0x000000e8   0x000000e8   0x000000b2   Code   RO         1373    .text               mf_p.l(fadd.o)
    0x0000019a   0x0000019a   0x0000007a   Code   RO         1375    .text               mf_p.l(fmul.o)
    0x00000214   0x00000214   0x0000007c   Code   RO         1377    .text               mf_p.l(fdiv.o)
    0x00000290   0x00000290   0x00000164   Code   RO         1379    .text               mf_p.l(dadd.o)
    0x000003f4   0x000003f4   0x000000d0   Code   RO         1381    .text               mf_p.l(dmul.o)
    0x000004c4   0x000004c4   0x0000001c   Code   RO         1383    .text               mf_p.l(fcmple.o)
    0x000004e0   0x000004e0   0x0000001c   Code   RO         1385    .text               mf_p.l(fcmplt.o)
    0x000004fc   0x000004fc   0x0000001c   Code   RO         1387    .text               mf_p.l(fcmpge.o)
    0x00000518   0x00000518   0x0000001c   Code   RO         1389    .text               mf_p.l(fcmpgt.o)
    0x00000534   0x00000534   0x0000001c   Code   RO         1391    .text               mf_p.l(fcmpeq.o)
    0x00000550   0x00000550   0x0000002c   Code   RO         1393    .text               mf_p.l(dcmpge.o)
    0x0000057c   0x0000057c   0x00000016   Code   RO         1395    .text               mf_p.l(fflti.o)
    0x00000592   0x00000592   0x00000002   PAD
    0x00000594   0x00000594   0x00000028   Code   RO         1397    .text               mf_p.l(dflti.o)
    0x000005bc   0x000005bc   0x00000032   Code   RO         1399    .text               mf_p.l(ffixi.o)
    0x000005ee   0x000005ee   0x00000028   Code   RO         1401    .text               mf_p.l(ffixui.o)
    0x00000616   0x00000616   0x00000028   Code   RO         1403    .text               mf_p.l(f2d.o)
    0x0000063e   0x0000063e   0x00000038   Code   RO         1405    .text               mf_p.l(d2f.o)
    0x00000676   0x00000676   0x0000003e   Code   RO         1425    .text               mc_p.l(uidiv_div0.o)
    0x000006b4   0x000006b4   0x00000050   Code   RO         1427    .text               mc_p.l(idiv_div0.o)
    0x00000704   0x00000704   0x00000020   Code   RO         1431    .text               mc_p.l(llshl.o)
    0x00000724   0x00000724   0x00000026   Code   RO         1433    .text               mc_p.l(llsshr.o)
    0x0000074a   0x0000074a   0x00000000   Code   RO         1435    .text               mc_p.l(iusefp.o)
    0x0000074a   0x0000074a   0x00000082   Code   RO         1436    .text               mf_p.l(fepilogue.o)
    0x000007cc   0x000007cc   0x000000be   Code   RO         1438    .text               mf_p.l(depilogue.o)
    0x0000088a   0x0000088a   0x00000006   PAD
    0x00000890   0x00000890   0x00000030   Code   RO         1442    .text               mc_p.l(init.o)
    0x000008c0   0x000008c0   0x00000022   Code   RO         1444    .text               mc_p.l(llushr.o)
    0x000008e2   0x000008e2   0x00000002   PAD
    0x000008e4   0x000008e4   0x000000c4   Code   RO         1349    .text.Actual_Yaw_cal  mpucal.o
    0x000009a8   0x000009a8   0x0000000a   Code   RO           51    .text.DL_Common_delayCycles  dl_common.o
    0x000009b2   0x000009b2   0x00000002   PAD
    0x000009b4   0x000009b4   0x000000ec   Code   RO          743    .text.DL_SYSCTL_configSYSPLL  dl_sysctl_mspm0g1x0x_g3x0x.o
    0x00000aa0   0x00000aa0   0x00000050   Code   RO          751    .text.DL_SYSCTL_switchMCLKfromSYSOSCtoHSCLK  dl_sysctl_mspm0g1x0x_g3x0x.o
    0x00000af0   0x00000af0   0x00000070   Code   RO          643    .text.DL_TimerA_initPWMMode  dl_timer.o
    0x00000b60   0x00000b60   0x000000c0   Code   RO          587    .text.DL_Timer_initPWMMode  dl_timer.o
    0x00000c20   0x00000c20   0x000000e8   Code   RO          569    .text.DL_Timer_initTimerMode  dl_timer.o
    0x00000d08   0x00000d08   0x0000001c   Code   RO          617    .text.DL_Timer_setCaptCompUpdateMethod  dl_timer.o
    0x00000d24   0x00000d24   0x00000018   Code   RO          591    .text.DL_Timer_setCaptureCompareOutCtl  dl_timer.o
    0x00000d3c   0x00000d3c   0x00000010   Code   RO          571    .text.DL_Timer_setCaptureCompareValue  dl_timer.o
    0x00000d4c   0x00000d4c   0x0000001c   Code   RO          565    .text.DL_Timer_setClockConfig  dl_timer.o
    0x00000d68   0x00000d68   0x00000048   Code   RO          676    .text.DL_UART_init  dl_uart.o
    0x00000db0   0x00000db0   0x00000012   Code   RO          678    .text.DL_UART_setClockConfig  dl_uart.o
    0x00000dc2   0x00000dc2   0x00000002   PAD
    0x00000dc4   0x00000dc4   0x00000144   Code   RO          813    .text.Draw_Logo     drv_oled.o
    0x00000f08   0x00000f08   0x00000002   Code   RO         1336    .text.GROUP1_IRQHandler  encoder.o
    0x00000f0a   0x00000f0a   0x00000002   PAD
    0x00000f0c   0x00000f0c   0x0000005c   Code   RO         1110    .text.HUIDU         huidu.o
    0x00000f68   0x00000f68   0x000002e0   Code   RO         1120    .text.HUIDU_Track   huidu.o
    0x00001248   0x00001248   0x00000060   Code   RO         1112    .text.HUIDU_Track_Reset  huidu.o
    0x000012a8   0x000012a8   0x00000034   Code   RO         1114    .text.HUIDU_Track_SetSpeed  huidu.o
    0x000012dc   0x000012dc   0x0000003c   Code   RO         1116    .text.HUIDU_Track_Stop  huidu.o
    0x00001318   0x00001318   0x00000060   Code   RO          807    .text.LCD_P6x8Char  drv_oled.o
    0x00001378   0x00001378   0x0000008c   Code   RO          805    .text.LCD_P6x8Str   drv_oled.o
    0x00001404   0x00001404   0x00000048   Code   RO          811    .text.LCD_clear_L   drv_oled.o
    0x0000144c   0x0000144c   0x0000008e   Code   RO         1290    .text.MPU6050_GetData  bsp_mpu6050.o
    0x000014da   0x000014da   0x00000002   PAD
    0x000014dc   0x000014dc   0x0000003c   Code   RO         1286    .text.MPU6050_Init  bsp_mpu6050.o
    0x00001518   0x00001518   0x0000025c   Code   RO         1284    .text.MPU6050_ReadReg  bsp_mpu6050.o
    0x00001774   0x00001774   0x000001fc   Code   RO         1282    .text.MPU6050_WriteReg  bsp_mpu6050.o
    0x00001970   0x00001970   0x00000180   Code   RO         1276    .text.MyI2C_ReceiveByte  bsp_mpu6050.o
    0x00001af0   0x00001af0   0x00000116   Code   RO          801    .text.OLED_Fill     drv_oled.o
    0x00001c06   0x00001c06   0x00000002   PAD
    0x00001c08   0x00001c08   0x00000190   Code   RO          797    .text.OLED_WrCmd    drv_oled.o
    0x00001d98   0x00001d98   0x00000198   Code   RO          795    .text.OLED_WrDat    drv_oled.o
    0x00001f30   0x00001f30   0x000000d4   Code   RO         1046    .text.SYSCFG_DL_GPIO_init  ti_msp_dl_config.o
    0x00002004   0x00002004   0x00000088   Code   RO         1050    .text.SYSCFG_DL_Motor_init  ti_msp_dl_config.o
    0x0000208c   0x0000208c   0x00000064   Code   RO         1048    .text.SYSCFG_DL_SYSCTL_init  ti_msp_dl_config.o
    0x000020f0   0x000020f0   0x00000094   Code   RO         1052    .text.SYSCFG_DL_Steer_init  ti_msp_dl_config.o
    0x00002184   0x00002184   0x00000038   Code   RO         1054    .text.SYSCFG_DL_TIMER_0_init  ti_msp_dl_config.o
    0x000021bc   0x000021bc   0x00000070   Code   RO         1058    .text.SYSCFG_DL_UART_0_init  ti_msp_dl_config.o
    0x0000222c   0x0000222c   0x0000006c   Code   RO         1060    .text.SYSCFG_DL_UART_1_init  ti_msp_dl_config.o
    0x00002298   0x00002298   0x00000070   Code   RO         1056    .text.SYSCFG_DL_UART_3_init  ti_msp_dl_config.o
    0x00002308   0x00002308   0x00000050   Code   RO         1042    .text.SYSCFG_DL_init  ti_msp_dl_config.o
    0x00002358   0x00002358   0x00000070   Code   RO         1044    .text.SYSCFG_DL_initPower  ti_msp_dl_config.o
    0x000023c8   0x000023c8   0x00000030   Code   RO         1148    .text.Set_Duty      motor.o
    0x000023f8   0x000023f8   0x00000014   Code   RO          970    .text.SysTick_Handler  usart0.o
    0x0000240c   0x0000240c   0x00000118   Code   RO         1184    .text.TIMG6_IRQHandler  timer.o
    0x00002524   0x00002524   0x0000003c   Code   RO          972    .text.UART0_IRQHandler  usart0.o
    0x00002560   0x00002560   0x00000014   Code   RO         1011    .text.UART3_IRQHandler  usart3.o
    0x00002574   0x00002574   0x000000e0   Code   RO          775    .text.bsp_analog_i2c_init  drv_oled.o
    0x00002654   0x00002654   0x000001e0   Code   RO          791    .text.bsp_analog_i2c_send_byte  drv_oled.o
    0x00002834   0x00002834   0x000000c4   Code   RO         1100    .text.check_buttons  key.o
    0x000028f8   0x000028f8   0x00000050   Code   RO         1203    .text.delay_ms      delay.o
    0x00002948   0x00002948   0x00000034   Code   RO         1205    .text.delay_us      delay.o
    0x0000297c   0x0000297c   0x00000008   Code   RO          817    .text.display_6_8_number  drv_oled.o
    0x00002984   0x00002984   0x00000008   Code   RO          819    .text.display_6_8_string  drv_oled.o
    0x0000298c   0x0000298c   0x00000020   Code   RO         1009    .text.jy61p_Init    usart3.o
    0x000029ac   0x000029ac   0x00000100   Code   RO          994    .text.jy61p_ReceiveData  jy61p.o
    0x00002aac   0x00002aac   0x00000674   Code   RO         1021    .text.main          main.o
    0x00003120   0x00003120   0x000000e4   Code   RO         1157    .text.mode_1        mode.o
    0x00003204   0x00003204   0x000000b0   Code   RO         1159    .text.mode_2        mode.o
    0x000032b4   0x000032b4   0x000000cc   Code   RO         1161    .text.mode_3        mode.o
    0x00003380   0x00003380   0x00000150   Code   RO         1233    .text.move_towards_target  pwm_sg90.o
    0x000034d0   0x000034d0   0x0000003c   Code   RO          815    .text.oled_init     drv_oled.o
    0x0000350c   0x0000350c   0x0000013c   Code   RO          846    .text.ssd1306_begin  ssd1306.o
    0x00003648   0x00003648   0x000002e4   Code   RO          809    .text.write_6_8_number  drv_oled.o
    0x0000392c   0x0000392c   0x0000002e   Code   RO         1440    i.__ARM_clz         mf_p.l(depilogue.o)
    0x0000395a   0x0000395a   0x00000006   PAD
    0x00003960   0x00003960   0x0000000e   Code   RO         1448    i.__scatterload_copy  mc_p.l(handlers.o)
    0x0000396e   0x0000396e   0x00000002   PAD
    0x00003970   0x00003970   0x00000002   Code   RO         1449    i.__scatterload_null  mc_p.l(handlers.o)
    0x00003972   0x00003972   0x00000006   PAD
    0x00003978   0x00003978   0x0000000e   Code   RO         1450    i.__scatterload_zeroinit  mc_p.l(handlers.o)
    0x00003986   0x00003986   0x00000228   Data   RO          827    .rodata.F6x8        drv_oled.o
    0x00003bae   0x00003bae   0x00000400   Data   RO          828    .rodata.NC_Logo     drv_oled.o
    0x00003fae   0x00003fae   0x00000003   Data   RO         1071    .rodata.gMotorClockConfig  ti_msp_dl_config.o
    0x00003fb1   0x00003fb1   0x00000003   PAD
    0x00003fb4   0x00003fb4   0x00000008   Data   RO         1072    .rodata.gMotorConfig  ti_msp_dl_config.o
    0x00003fbc   0x00003fbc   0x00000028   Data   RO         1070    .rodata.gSYSPLLConfig  ti_msp_dl_config.o
    0x00003fe4   0x00003fe4   0x00000003   Data   RO         1073    .rodata.gSteerClockConfig  ti_msp_dl_config.o
    0x00003fe7   0x00003fe7   0x00000001   PAD
    0x00003fe8   0x00003fe8   0x00000008   Data   RO         1074    .rodata.gSteerConfig  ti_msp_dl_config.o
    0x00003ff0   0x00003ff0   0x00000003   Data   RO         1075    .rodata.gTIMER_0ClockConfig  ti_msp_dl_config.o
    0x00003ff3   0x00003ff3   0x00000001   PAD
    0x00003ff4   0x00003ff4   0x00000014   Data   RO         1076    .rodata.gTIMER_0TimerConfig  ti_msp_dl_config.o
    0x00004008   0x00004008   0x00000002   Data   RO         1079    .rodata.gUART_0ClockConfig  ti_msp_dl_config.o
    0x0000400a   0x0000400a   0x0000000a   Data   RO         1080    .rodata.gUART_0Config  ti_msp_dl_config.o
    0x00004014   0x00004014   0x00000002   Data   RO         1081    .rodata.gUART_1ClockConfig  ti_msp_dl_config.o
    0x00004016   0x00004016   0x0000000a   Data   RO         1082    .rodata.gUART_1Config  ti_msp_dl_config.o
    0x00004020   0x00004020   0x00000002   Data   RO         1077    .rodata.gUART_3ClockConfig  ti_msp_dl_config.o
    0x00004022   0x00004022   0x0000000a   Data   RO         1078    .rodata.gUART_3Config  ti_msp_dl_config.o
    0x0000402c   0x0000402c   0x00000104   Data   RO         1031    .rodata.str1.1      main.o
    0x00004130   0x00004130   0x00000020   Data   RO         1447    Region$$Table       anon$$obj.o


    Execution Region RW_IRAM2 (Exec base: 0x20200000, Load base: 0x00004150, Size: 0x00001320, Max: 0x00008000, ABSOLUTE)

    Exec Addr    Load Addr    Size         Type   Attr      Idx    E Section Name        Object

    0x20200000   0x00004150   0x00000004   Data   RW         1163    .data.basespeed     mode.o
    0x20200004   0x00004154   0x00000004   Data   RW         1165    .data.mode1_times   mode.o
    0x20200008   0x00004158   0x00000004   Data   RW         1130    .data.requestedTrackSpeed  huidu.o
    0x2020000c   0x0000415c   0x00000004   Data   RW         1164    .data.shot_test1    mode.o
    0x20200010        -       0x00000002   Zero   RW         1292    .bss.AX             bsp_mpu6050.o
    0x20200012        -       0x00000002   Zero   RW         1293    .bss.AY             bsp_mpu6050.o
    0x20200014        -       0x00000002   Zero   RW         1294    .bss.AZ             bsp_mpu6050.o
    0x20200016   0x00004160   0x00000002   PAD
    0x20200018        -       0x00000004   Zero   RW         1187    .bss.Count          timer.o
    0x2020001c        -       0x00000004   Zero   RW         1189    .bss.Count1         timer.o
    0x20200020        -       0x00000002   Zero   RW         1295    .bss.GX             bsp_mpu6050.o
    0x20200022        -       0x00000002   Zero   RW         1296    .bss.GY             bsp_mpu6050.o
    0x20200024        -       0x00000002   Zero   RW         1297    .bss.GZ             bsp_mpu6050.o
    0x20200026        -       0x00000001   Zero   RW          942    .bss.HEIGHT         ssd1306.o
    0x20200027   0x00004160   0x00000001   PAD
    0x20200028        -       0x00000004   Zero   RW         1124    .bss.HUIDU_test1    huidu.o
    0x2020002c        -       0x00000004   Zero   RW         1135    .bss.HUIDU_test4    huidu.o
    0x20200030        -       0x00000004   Zero   RW         1102    .bss.KeyNum         key.o
    0x20200034        -       0x00000004   Zero   RW         1166    .bss.MODE1_flag1    mode.o
    0x20200038        -       0x00000004   Zero   RW         1168    .bss.MODE1_start    mode.o
    0x2020003c        -       0x00000004   Zero   RW         1169    .bss.MODE2_flag1    mode.o
    0x20200040        -       0x00000004   Zero   RW         1170    .bss.MODE2_flag2    mode.o
    0x20200044        -       0x00000004   Zero   RW         1173    .bss.MODE2_start    mode.o
    0x20200048        -       0x00000004   Zero   RW         1174    .bss.MODE3_start    mode.o
    0x2020004c        -       0x00000004   Zero   RW         1000    .bss.Pitch          jy61p.o
    0x20200050        -       0x00000004   Zero   RW         1351    .bss.Rec_Yaw        mpucal.o
    0x20200054        -       0x00000004   Zero   RW          999    .bss.Roll           jy61p.o
    0x20200058        -       0x0000000b   Zero   RW          997    .bss.RxBuffer       jy61p.o
    0x20200063        -       0x00000001   Zero   RW          998    .bss.RxIndex        jy61p.o
    0x20200064        -       0x00000001   Zero   RW          996    .bss.RxState        jy61p.o
    0x20200065   0x00004160   0x00000003   PAD
    0x20200068        -       0x00000004   Zero   RW         1352    .bss.Target_Yaw     mpucal.o
    0x2020006c        -       0x00000001   Zero   RW          941    .bss.WIDTH          ssd1306.o
    0x2020006d   0x00004160   0x00000003   PAD
    0x20200070        -       0x00000004   Zero   RW         1001    .bss.Yaw            jy61p.o
    0x20200074        -       0x00000004   Zero   RW         1353    .bss.Yaw_OUT        mpucal.o
    0x20200078        -       0x00000001   Zero   RW          950    .bss._cp437         ssd1306.o
    0x20200079   0x00004160   0x00000001   PAD
    0x2020007a        -       0x00000002   Zero   RW          939    .bss._height        ssd1306.o
    0x2020007c        -       0x00000001   Zero   RW          943    .bss._vccstate      ssd1306.o
    0x2020007d   0x00004160   0x00000001   PAD
    0x2020007e        -       0x00000002   Zero   RW          938    .bss._width         ssd1306.o
    0x20200080        -       0x00000004   Zero   RW         1188    .bss.angleError     timer.o
    0x20200084        -       0x00000004   Zero   RW         1134    .bss.correction     huidu.o
    0x20200088        -       0x00000001   Zero   RW         1126    .bss.currentTrackState  huidu.o
    0x20200089   0x00004160   0x00000001   PAD
    0x2020008a        -       0x00000002   Zero   RW          944    .bss.cursor_x       ssd1306.o
    0x2020008c        -       0x00000002   Zero   RW          945    .bss.cursor_y       ssd1306.o
    0x2020008e   0x00004160   0x00000002   PAD
    0x20200090        -       0x00000004   Zero   RW          977    .bss.delay_times    usart0.o
    0x20200094        -       0x00000004   Zero   RW         1132    .bss.derivative1    huidu.o
    0x20200098        -       0x00000004   Zero   RW         1131    .bss.error1         huidu.o
    0x2020009c        -       0x00000004   Zero   RW         1249    .bss.filtered_angle_x  pwm_sg90.o
    0x202000a0        -       0x000000bc   Zero   RW         1066    .bss.gMotorBackup   ti_msp_dl_config.o
    0x2020015c        -       0x000000bc   Zero   RW         1067    .bss.gSteerBackup   ti_msp_dl_config.o
    0x20200218        -       0x00000078   Zero   RW         1068    .bss.gTIMER_0Backup  ti_msp_dl_config.o
    0x20200290        -       0x00000030   Zero   RW         1069    .bss.gUART_3Backup  ti_msp_dl_config.o
    0x202002c0        -       0x00000002   Zero   RW         1024    .bss.gz_avg         main.o
    0x202002c2   0x00004160   0x00000002   PAD
    0x202002c4        -       0x00000004   Zero   RW         1023    .bss.gz_sum         main.o
    0x202002c8        -       0x00000004   Zero   RW         1247    .bss.integral_x     pwm_sg90.o
    0x202002cc        -       0x00000004   Zero   RW         1133    .bss.lastError      huidu.o
    0x202002d0        -       0x00000004   Zero   RW         1171    .bss.leftSpeed      mode.o
    0x202002d4        -       0x00000002   Zero   RW         1129    .bss.lostLineCount  huidu.o
    0x202002d6   0x00004160   0x00000002   PAD
    0x202002d8        -       0x00000004   Zero   RW         1167    .bss.mode1StartYaw  mode.o
    0x202002dc        -       0x00000004   Zero   RW         1186    .bss.motorPosition  timer.o
    0x202002e0        -       0x00000001   Zero   RW         1128    .bss.pendingStateCount  huidu.o
    0x202002e1        -       0x00000001   Zero   RW         1127    .bss.pendingTrackState  huidu.o
    0x202002e2   0x00004160   0x00000002   PAD
    0x202002e4        -       0x00000004   Zero   RW         1248    .bss.prev_error_x   pwm_sg90.o
    0x202002e8        -       0x00000004   Zero   RW         1172    .bss.rightSpeed     mode.o
    0x202002ec        -       0x00000001   Zero   RW          940    .bss.rotation       ssd1306.o
    0x202002ed   0x00004160   0x00000003   PAD
    0x202002f0        -       0x00000020   Zero   RW         1122    .bss.sensorPins     huidu.o
    0x20200310        -       0x00000004   Zero   RW         1239    .bss.servo_angle_x  pwm_sg90.o
    0x20200314        -       0x00000002   Zero   RW          947    .bss.textbgcolor    ssd1306.o
    0x20200316        -       0x00000002   Zero   RW          948    .bss.textcolor      ssd1306.o
    0x20200318        -       0x00000001   Zero   RW          946    .bss.textsize       ssd1306.o
    0x20200319        -       0x00000001   Zero   RW          976    .bss.uart_data      usart0.o
    0x2020031a        -       0x00000001   Zero   RW          949    .bss.wrap           ssd1306.o
    0x2020031b   0x00004160   0x00000005   PAD
    0x20200320        -       0x00001000   Zero   RW         1090    STACK               startup_mspm0g350x_uvision.o



  Load Region LR_BCR (Base: 0x41c00000, Size: 0x00000000, Max: 0x00000100, ABSOLUTE)

    Execution Region BCR_CONFIG (Exec base: 0x41c00000, Load base: 0x41c00000, Size: 0x00000000, Max: 0x00000080, ABSOLUTE)

    **** No section assigned to this execution region ****



  Load Region LR_BSL (Base: 0x41c00100, Size: 0x00000000, Max: 0x00000100, ABSOLUTE)

    Execution Region BSL_CONFIG (Exec base: 0x41c00100, Load base: 0x41c00100, Size: 0x00000000, Max: 0x00000080, ABSOLUTE)

    **** No section assigned to this execution region ****


==============================================================================

Image component sizes


      Code (inc. data)   RO Data    RW Data    ZI Data      Debug   Object Name

      1698         36          0          0         12      28693   bsp_mpu6050.o
       132          4          0          0          0       1291   delay.o
        10          0          0          0          0        641   dl_common.o
       316         24          0          0          0      19009   dl_sysctl_mspm0g1x0x_g3x0x.o
       632        192          0          0          0      36357   dl_timer.o
        90          8          0          0          0      14572   dl_uart.o
      3238        108       1576          0          0      28922   drv_oled.o
         2          0          0          0          0        712   encoder.o
      1036        116          0          4         61       7798   huidu.o
       256         28          0          0         25       1483   jy61p.o
       196          8          0          0          4       4229   key.o
      1652        292        260          0          6       9980   main.o
       608         80          0         12         36       5002   mode.o
        48         12          0          0          0       3443   motor.o
       196         64          0          0         12        689   mpucal.o
       336         64          0          0         16       1871   pwm_sg90.o
       316         52          0          0         19      33261   ssd1306.o
        20          4        192          0       4096        636   startup_mspm0g350x_uvision.o
      1176        240        121          0        544      35060   ti_msp_dl_config.o
       280         56          0          0         16       6696   timer.o
        80         16          0          0          5       6783   usart0.o
        52         16          0          0          0       4420   usart3.o

    ----------------------------------------------------------------------
     12380       1420       2186         16       4880     251548   Object Totals
         0          0         32          0          0          0   (incl. Generated)
        10          0          5          0         28          0   (incl. Padding)

    ----------------------------------------------------------------------

      Code (inc. data)   RO Data    RW Data    ZI Data      Debug   Library Member Name

         0          0          0          0          0          0   entry.o
         0          0          0          0          0          0   entry10a.o
         0          0          0          0          0          0   entry11a.o
         8          4          0          0          0          0   entry2.o
         4          0          0          0          0          0   entry5.o
         0          0          0          0          0          0   entry7b.o
         0          0          0          0          0          0   entry8b.o
         8          4          0          0          0          0   entry9a.o
        30          0          0          0          0          0   handlers.o
        80          6          0          0          0         72   idiv_div0.o
        48         10          0          0          0         68   init.o
         0          0          0          0          0          0   iusefp.o
        32          0          0          0          0         68   llshl.o
        38          0          0          0          0         68   llsshr.o
        34          0          0          0          0         68   llushr.o
        62          0          0          0          0         72   uidiv_div0.o
        56          0          0          0          0         68   d2f.o
       356          4          0          0          0        140   dadd.o
        44          0          0          0          0         68   dcmpge.o
       236          0          0          0          0        216   depilogue.o
        40          6          0          0          0         68   dflti.o
       208          6          0          0          0         88   dmul.o
        40          0          0          0          0         60   f2d.o
       178          0          0          0          0        108   fadd.o
        28          0          0          0          0         60   fcmpeq.o
        28          0          0          0          0         60   fcmpge.o
        28          0          0          0          0         60   fcmpgt.o
        28          0          0          0          0         60   fcmple.o
        28          0          0          0          0         60   fcmplt.o
       124          0          0          0          0         72   fdiv.o
       130          0          0          0          0        144   fepilogue.o
        50          0          0          0          0         60   ffixi.o
        40          0          0          0          0         60   ffixui.o
        22          0          0          0          0         68   fflti.o
       122          0          0          0          0         72   fmul.o

    ----------------------------------------------------------------------
      2154         40          0          0          0       2008   Library Totals
        24          0          0          0          0          0   (incl. Padding)

    ----------------------------------------------------------------------

      Code (inc. data)   RO Data    RW Data    ZI Data      Debug   Library Name

       344         24          0          0          0        416   mc_p.l
      1786         16          0          0          0       1592   mf_p.l

    ----------------------------------------------------------------------
      2154         40          0          0          0       2008   Library Totals

    ----------------------------------------------------------------------

==============================================================================


      Code (inc. data)   RO Data    RW Data    ZI Data      Debug   

     14534       1460       2186         16       4880     252296   Grand Totals
     14534       1460       2186         16       4880     252296   ELF Image Totals
     14534       1460       2186         16          0          0   ROM Totals

==============================================================================

    Total RO  Size (Code + RO Data)                16720 (  16.33kB)
    Total RW  Size (RW Data + ZI Data)              4896 (   4.78kB)
    Total ROM Size (Code + RO Data + RW Data)      16736 (  16.34kB)

==============================================================================

